Component: ARM Compiler 6.16 Tool: armlink [5dfeaa00]

==============================================================================

Section Cross References

    startup_at32f415.o(STACK) refers (Special) to heapauxi.o(.text) for __use_two_region_memory
    startup_at32f415.o(HEAP) refers (Special) to heapauxi.o(.text) for __use_two_region_memory
    startup_at32f415.o(RESET) refers (Special) to heapauxi.o(.text) for __use_two_region_memory
    startup_at32f415.o(RESET) refers to startup_at32f415.o(STACK) for __initial_sp
    startup_at32f415.o(RESET) refers to startup_at32f415.o(.text) for Reset_Handler
    startup_at32f415.o(RESET) refers to at32f415_int.o(.text.NMI_Handler) for NMI_Handler
    startup_at32f415.o(RESET) refers to at32f415_int.o(.text.HardFault_Handler) for HardFault_Handler
    startup_at32f415.o(RESET) refers to at32f415_int.o(.text.MemManage_Handler) for MemManage_Handler
    startup_at32f415.o(RESET) refers to at32f415_int.o(.text.BusFault_Handler) for BusFault_Handler
    startup_at32f415.o(RESET) refers to at32f415_int.o(.text.UsageFault_Handler) for UsageFault_Handler
    startup_at32f415.o(RESET) refers to at32f415_int.o(.text.SVC_Handler) for SVC_Handler
    startup_at32f415.o(RESET) refers to at32f415_int.o(.text.DebugMon_Handler) for DebugMon_Handler
    startup_at32f415.o(RESET) refers to at32f415_int.o(.text.PendSV_Handler) for PendSV_Handler
    startup_at32f415.o(RESET) refers to at32f415_int.o(.text.SysTick_Handler) for SysTick_Handler
    startup_at32f415.o(RESET) refers to at32f415_int.o(.text.DMA1_Channel1_IRQHandler) for DMA1_Channel1_IRQHandler
    startup_at32f415.o(RESET) refers to at32f415_int.o(.text.TMR1_OVF_TMR10_IRQHandler) for TMR1_OVF_TMR10_IRQHandler
    startup_at32f415.o(.text) refers (Special) to heapauxi.o(.text) for __use_two_region_memory
    startup_at32f415.o(.text) refers to system_at32f415.o(.text.SystemInit) for SystemInit
    startup_at32f415.o(.text) refers to __main.o(!!!main) for __main
    startup_at32f415.o(.text) refers to startup_at32f415.o(HEAP) for Heap_Mem
    startup_at32f415.o(.text) refers to startup_at32f415.o(STACK) for Stack_Mem
    system_at32f415.o(.ARM.exidx.text.SystemInit) refers to system_at32f415.o(.text.SystemInit) for [Anonymous Symbol]
    system_at32f415.o(.text.system_core_clock_update) refers to at32f415_crm.o(.text.crm_sysclk_switch_status_get) for crm_sysclk_switch_status_get
    system_at32f415.o(.text.system_core_clock_update) refers to system_at32f415.o(.data.system_core_clock) for system_core_clock
    system_at32f415.o(.text.system_core_clock_update) refers to lludivv7m.o(.text) for __aeabi_uldivmod
    system_at32f415.o(.text.system_core_clock_update) refers to system_at32f415.o(.rodata.system_core_clock_update.sys_ahb_div_table) for system_core_clock_update.sys_ahb_div_table
    system_at32f415.o(.ARM.exidx.text.system_core_clock_update) refers to system_at32f415.o(.text.system_core_clock_update) for [Anonymous Symbol]
    at32f415_adc.o(.text.adc_reset) refers to at32f415_crm.o(.text.crm_periph_reset) for crm_periph_reset
    at32f415_adc.o(.ARM.exidx.text.adc_reset) refers to at32f415_adc.o(.text.adc_reset) for [Anonymous Symbol]
    at32f415_adc.o(.ARM.exidx.text.adc_enable) refers to at32f415_adc.o(.text.adc_enable) for [Anonymous Symbol]
    at32f415_adc.o(.ARM.exidx.text.adc_base_default_para_init) refers to at32f415_adc.o(.text.adc_base_default_para_init) for [Anonymous Symbol]
    at32f415_adc.o(.ARM.exidx.text.adc_base_config) refers to at32f415_adc.o(.text.adc_base_config) for [Anonymous Symbol]
    at32f415_adc.o(.ARM.exidx.text.adc_dma_mode_enable) refers to at32f415_adc.o(.text.adc_dma_mode_enable) for [Anonymous Symbol]
    at32f415_adc.o(.ARM.exidx.text.adc_interrupt_enable) refers to at32f415_adc.o(.text.adc_interrupt_enable) for [Anonymous Symbol]
    at32f415_adc.o(.ARM.exidx.text.adc_calibration_init) refers to at32f415_adc.o(.text.adc_calibration_init) for [Anonymous Symbol]
    at32f415_adc.o(.ARM.exidx.text.adc_calibration_init_status_get) refers to at32f415_adc.o(.text.adc_calibration_init_status_get) for [Anonymous Symbol]
    at32f415_adc.o(.ARM.exidx.text.adc_calibration_start) refers to at32f415_adc.o(.text.adc_calibration_start) for [Anonymous Symbol]
    at32f415_adc.o(.ARM.exidx.text.adc_calibration_status_get) refers to at32f415_adc.o(.text.adc_calibration_status_get) for [Anonymous Symbol]
    at32f415_adc.o(.ARM.exidx.text.adc_voltage_monitor_enable) refers to at32f415_adc.o(.text.adc_voltage_monitor_enable) for [Anonymous Symbol]
    at32f415_adc.o(.ARM.exidx.text.adc_voltage_monitor_threshold_value_set) refers to at32f415_adc.o(.text.adc_voltage_monitor_threshold_value_set) for [Anonymous Symbol]
    at32f415_adc.o(.ARM.exidx.text.adc_voltage_monitor_single_channel_select) refers to at32f415_adc.o(.text.adc_voltage_monitor_single_channel_select) for [Anonymous Symbol]
[...]
    crm_clocks_freq_get.ahb_apb1_div_table   0x08006dd1   Data           8  at32f415_crm.o(.rodata.crm_clocks_freq_get.ahb_apb1_div_table)
    [Anonymous Symbol]                       0x08006dd1   Section        0  at32f415_crm.o(.rodata.crm_clocks_freq_get.ahb_apb1_div_table)
    crm_clocks_freq_get.ahb_apb2_div_table   0x08006dd9   Data           8  at32f415_crm.o(.rodata.crm_clocks_freq_get.ahb_apb2_div_table)
    [Anonymous Symbol]                       0x08006dd9   Section        0  at32f415_crm.o(.rodata.crm_clocks_freq_get.ahb_apb2_div_table)
    crm_clocks_freq_get.sclk_ahb_div_table   0x08006de1   Data          16  at32f415_crm.o(.rodata.crm_clocks_freq_get.sclk_ahb_div_table)
    [Anonymous Symbol]                       0x08006de1   Section        0  at32f415_crm.o(.rodata.crm_clocks_freq_get.sclk_ahb_div_table)
    .L.str.1                                 0x080073f1   Data          11  main.o(.rodata.str1.1)
    [Anonymous Symbol]                       0x080073f1   Section        0  main.o(.rodata.str1.1)
    .L.str.3                                 0x080073fc   Data          11  main.o(.rodata.str1.1)
    .L.str.2                                 0x08007407   Data           8  main.o(.rodata.str1.1)
    .L.str                                   0x0800740f   Data          22  main.o(.rodata.str1.1)
    .L.str.7                                 0x08007422   Data           3  main.o(.rodata.str1.1)
    .L.str.5                                 0x08007425   Data           2  main.o(.rodata.str1.1)
    .L.str.6                                 0x08007427   Data           2  main.o(.rodata.str1.1)
    .L.str.4                                 0x08007429   Data           2  main.o(.rodata.str1.1)
    .L.str.2                                 0x0800742b   Data           9  ui.o(.rodata.str1.1)
    [Anonymous Symbol]                       0x0800742b   Section        0  ui.o(.rodata.str1.1)
    .L.str                                   0x08007434   Data           5  ui.o(.rodata.str1.1)
    .L.str.5                                 0x08007439   Data           7  ui.o(.rodata.str1.1)
    .L.str.6                                 0x08007440   Data           5  ui.o(.rodata.str1.1)
    .L.str.4                                 0x08007445   Data           7  ui.o(.rodata.str1.1)
    .L.str.3                                 0x0800744c   Data           5  ui.o(.rodata.str1.1)
    .L.str.1                                 0x08007451   Data           7  ui.o(.rodata.str1.1)
    .L.str                                   0x08007458   Data           9  segger_rtt.o(.rodata.str1.1)
    [Anonymous Symbol]                       0x08007458   Section        0  segger_rtt.o(.rodata.str1.1)
    system_core_clock_update.sys_ahb_div_table 0x08007461   Data          16  system_at32f415.o(.rodata.system_core_clock_update.sys_ahb_div_table)
    [Anonymous Symbol]                       0x08007461   Section        0  system_at32f415.o(.rodata.system_core_clock_update.sys_ahb_div_table)
    _aTerminalId                             0x20000000   Data          16  segger_rtt.o(.data._aTerminalId)
    [Anonymous Symbol]                       0x20000000   Section        0  segger_rtt.o(.data._aTerminalId)
    .bss                                     0x20000018   Section       96  libspace.o(.bss)
    System_Loop.ms_100                       0x200001f8   Data           2  main.o(.bss.System_Loop.ms_100)
    [Anonymous Symbol]                       0x200001f8   Section        0  main.o(.bss.System_Loop.ms_100)
    System_Loop.ms_1000                      0x200001fa   Data           2  main.o(.bss.System_Loop.ms_1000)
    [Anonymous Symbol]                       0x200001fa   Section        0  main.o(.bss.System_Loop.ms_1000)
    _ActiveTerminal                          0x200001fc   Data           1  segger_rtt.o(.bss._ActiveTerminal)
    [Anonymous Symbol]                       0x200001fc   Section        0  segger_rtt.o(.bss._ActiveTerminal)
    _acDownBuffer                            0x200002a8   Data          16  segger_rtt.o(.bss._acDownBuffer)
    [Anonymous Symbol]                       0x200002a8   Section        0  segger_rtt.o(.bss._acDownBuffer)
    _acUpBuffer                              0x200002b8   Data        1024  segger_rtt.o(.bss._acUpBuffer)
    [Anonymous Symbol]                       0x200002b8   Section        0  segger_rtt.o(.bss._acUpBuffer)
    head_handle                              0x20000f1c   Data           4  multi_button.o(.bss.head_handle)
    [Anonymous Symbol]                       0x20000f1c   Section        0  multi_button.o(.bss.head_handle)
    Heap_Mem                                 0x20000f70   Data         512  startup_at32f415.o(HEAP)
    HEAP                                     0x20000f70   Section      512  startup_at32f415.o(HEAP)
    Stack_Mem                                0x20001170   Data        1024  startup_at32f415.o(STACK)
    STACK                                    0x20001170   Section     1024  startup_at32f415.o(STACK)
    __initial_sp                             0x20001570   Data           0  startup_at32f415.o(STACK)

    Global Symbols

    Symbol Name                              Value     Ov Type        Size  Object(Section)

    BuildAttributes$$THM_ISAv4$E$P$D$K$B$S$7EM$PE$A:L22UL41UL21$X:L11$S22US41US21$IEEE1$IW$~IW$USESV6$~STKCKD$USESV7$~SHL$OTIME$ROPI$IEEEX$EBA8$UX$STANDARDLIB$REQ8$PRES8$EABIv2 0x00000000   Number         0  anon$$obj.o ABSOLUTE
    __fp_init_empty                          0x00000000   Number         0  fpinit_empty.o ABSOLUTE
    __ARM_exceptions_init                     - Undefined Weak Reference
    __alloca_initialize                       - Undefined Weak Reference
    __arm_preinit_                            - Undefined Weak Reference
    __cpp_initialize__aeabi_                  - Undefined Weak Reference
    __cxa_finalize                            - Undefined Weak Reference
    __rt_locale                               - Undefined Weak Reference
    __sigvec_lookup                           - Undefined Weak Reference
    _atexit_init                              - Undefined Weak Reference
    _call_atexit_fns                          - Undefined Weak Reference
    _clock_init                               - Undefined Weak Reference
    _fp_trap_init                             - Undefined Weak Reference
    _fp_trap_shutdown                         - Undefined Weak Reference
    _get_lc_collate                           - Undefined Weak Reference
    _get_lc_ctype                             - Undefined Weak Reference
    _get_lc_monetary                          - Undefined Weak Reference
    _get_lc_numeric                           - Undefined Weak Reference
    _get_lc_time                              - Undefined Weak Reference
    _getenv_init                              - Undefined Weak Reference
    _handle_redirection                       - Undefined Weak Reference
    _init_alloc                               - Undefined Weak Reference
    _init_user_alloc                          - Undefined Weak Reference
    _initio                                   - Undefined Weak Reference
    _rand_init                                - Undefined Weak Reference
    _signal_finish                            - Undefined Weak Reference
    _signal_init                              - Undefined Weak Reference
    _terminate_alloc                          - Undefined Weak Reference
    _terminate_user_alloc                     - Undefined Weak Reference
    _terminateio                              - Undefined Weak Reference
    __Vectors_Size                           0x00000170   Number         0  startup_at32f415.o ABSOLUTE
    __Vectors                                0x08000000   Data           4  startup_at32f415.o(RESET)
    __Vectors_End                            0x08000170   Data           0  startup_at32f415.o(RESET)
    __main                                   0x08000171   Thumb Code     8  __main.o(!!!main)
    __scatterload                            0x08000179   Thumb Code     0  __scatter.o(!!!scatter)
    __scatterload_rt2                        0x08000179   Thumb Code    44  __scatter.o(!!!scatter)
    __scatterload_rt2_thumb_only             0x08000179   Thumb Code     0  __scatter.o(!!!scatter)
    __scatterload_null                       0x08000187   Thumb Code     0  __scatter.o(!!!scatter)
    __scatterload_copy                       0x080001ad   Thumb Code    26  __scatter_copy.o(!!handler_copy)
    __scatterload_zeroinit                   0x080001c9   Thumb Code    28  __scatter_zi.o(!!handler_zi)
    __rt_lib_init                            0x080001e5   Thumb Code     0  libinit.o(.ARM.Collect$$libinit$$00000000)
    __rt_lib_init_alloca_1                   0x080001e7   Thumb Code     0  libinit2.o(.ARM.Collect$$libinit$$0000002E)
    __rt_lib_init_argv_1                     0x080001e7   Thumb Code     0  libinit2.o(.ARM.Collect$$libinit$$0000002C)
    __rt_lib_init_atexit_1                   0x080001e7   Thumb Code     0  libinit2.o(.ARM.Collect$$libinit$$0000001B)
    __rt_lib_init_clock_1                    0x080001e7   Thumb Code     0  libinit2.o(.ARM.Collect$$libinit$$00000021)
    __rt_lib_init_cpp_1                      0x080001e7   Thumb Code     0  libinit2.o(.ARM.Collect$$libinit$$00000032)
    __rt_lib_init_exceptions_1               0x080001e7   Thumb Code     0  libinit2.o(.ARM.Collect$$libinit$$00000030)
    __rt_lib_init_fp_1                       0x080001e7   Thumb Code     0  libinit2.o(.ARM.Collect$$libinit$$00000002)
    __rt_lib_init_fp_trap_1                  0x080001e7   Thumb Code     0  libinit2.o(.ARM.Collect$$libinit$$0000001F)
    __rt_lib_init_getenv_1                   0x080001e7   Thumb Code     0  libinit2.o(.ARM.Collect$$libinit$$00000023)
    __rt_lib_init_heap_1                     0x080001e7   Thumb Code     0  libinit2.o(.ARM.Collect$$libinit$$0000000A)
    __rt_lib_init_lc_collate_1               0x080001e7   Thumb Code     0  libinit2.o(.ARM.Collect$$libinit$$00000011)
    __rt_lib_init_lc_ctype_1                 0x080001e7   Thumb Code     0  libinit2.o(.ARM.Collect$$libinit$$00000013)
    __rt_lib_init_lc_monetary_1              0x080001e7   Thumb Code     0  libinit2.o(.ARM.Collect$$libinit$$00000015)
    __rt_lib_init_lc_numeric_1               0x080001e7   Thumb Code     0  libinit2.o(.ARM.Collect$$libinit$$00000017)
    __rt_lib_init_lc_time_1                  0x080001e7   Thumb Code     0  libinit2.o(.ARM.Collect$$libinit$$00000019)
    __rt_lib_init_preinit_1                  0x080001e7   Thumb Code     0  libinit2.o(.ARM.Collect$$libinit$$00000004)
    __rt_lib_init_rand_1                     0x080001e7   Thumb Code     0  libinit2.o(.ARM.Collect$$libinit$$0000000E)
    __rt_lib_init_return                     0x080001e7   Thumb Code     0  libinit2.o(.ARM.Collect$$libinit$$00000033)
    __rt_lib_init_signal_1                   0x080001e7   Thumb Code     0  libinit2.o(.ARM.Collect$$libinit$$0000001D)
    __rt_lib_init_stdio_1                    0x080001e7   Thumb Code     0  libinit2.o(.ARM.Collect$$libinit$$00000025)
    __rt_lib_init_user_alloc_1               0x080001e7   Thumb Code     0  libinit2.o(.ARM.Collect$$libinit$$0000000C)
    __rt_lib_shutdown                        0x080001e9   Thumb Code     0  libshutdown.o(.ARM.Collect$$libshutdown$$00000000)
    __rt_lib_shutdown_cpp_1                  0x080001eb   Thumb Code     0  libshutdown2.o(.ARM.Collect$$libshutdown$$00000002)
    __rt_lib_shutdown_fp_trap_1              0x080001eb   Thumb Code     0  libshutdown2.o(.ARM.Collect$$libshutdown$$00000007)
    __rt_lib_shutdown_heap_1                 0x080001eb   Thumb Code     0  libshutdown2.o(.ARM.Collect$$libshutdown$$0000000F)
    __rt_lib_shutdown_return                 0x080001eb   Thumb Code     0  libshutdown2.o(.ARM.Collect$$libshutdown$$00000010)
    __rt_lib_shutdown_signal_1               0x080001eb   Thumb Code     0  libshutdown2.o(.ARM.Collect$$libshutdown$$0000000A)
    __rt_lib_shutdown_stdio_1                0x080001eb   Thumb Code     0  libshutdown2.o(.ARM.Collect$$libshutdown$$00000004)
    __rt_lib_shutdown_user_alloc_1           0x080001eb   Thumb Code     0  libshutdown2.o(.ARM.Collect$$libshutdown$$0000000C)
    __rt_entry                               0x080001ed   Thumb Code     0  __rtentry.o(.ARM.Collect$$rtentry$$00000000)
    __rt_entry_presh_1                       0x080001ed   Thumb Code     0  __rtentry2.o(.ARM.Collect$$rtentry$$00000002)
    __rt_entry_sh                            0x080001ed   Thumb Code     0  __rtentry4.o(.ARM.Collect$$rtentry$$00000004)
    __rt_entry_li                            0x080001f3   Thumb Code     0  __rtentry2.o(.ARM.Collect$$rtentry$$0000000A)
    __rt_entry_postsh_1                      0x080001f3   Thumb Code     0  __rtentry2.o(.ARM.Collect$$rtentry$$00000009)
    __rt_entry_main                          0x080001f7   Thumb Code     0  __rtentry2.o(.ARM.Collect$$rtentry$$0000000D)
    __rt_entry_postli_1                      0x080001f7   Thumb Code     0  __rtentry2.o(.ARM.Collect$$rtentry$$0000000C)
    __rt_exit                                0x080001ff   Thumb Code     0  rtexit.o(.ARM.Collect$$rtexit$$00000000)
    __rt_exit_ls                             0x08000201   Thumb Code     0  rtexit2.o(.ARM.Collect$$rtexit$$00000003)
    __rt_exit_prels_1                        0x08000201   Thumb Code     0  rtexit2.o(.ARM.Collect$$rtexit$$00000002)
    __rt_exit_exit                           0x08000205   Thumb Code     0  rtexit2.o(.ARM.Collect$$rtexit$$00000004)
    Reset_Handler                            0x0800020d   Thumb Code     8  startup_at32f415.o(.text)
    ADC1_IRQHandler                          0x08000227   Thumb Code     0  startup_at32f415.o(.text)
    CAN1_RX0_IRQHandler                      0x08000227   Thumb Code     0  startup_at32f415.o(.text)
    CAN1_RX1_IRQHandler                      0x08000227   Thumb Code     0  startup_at32f415.o(.text)
    CAN1_SE_IRQHandler                       0x08000227   Thumb Code     0  startup_at32f415.o(.text)
    CAN1_TX_IRQHandler                       0x08000227   Thumb Code     0  startup_at32f415.o(.text)
    CMP1_IRQHandler                          0x08000227   Thumb Code     0  startup_at32f415.o(.text)
    CMP2_IRQHandler                          0x08000227   Thumb Code     0  startup_at32f415.o(.text)
    CRM_IRQHandler                           0x08000227   Thumb Code     0  startup_at32f415.o(.text)
    DMA1_Channel2_IRQHandler                 0x08000227   Thumb Code     0  startup_at32f415.o(.text)
    DMA1_Channel3_IRQHandler                 0x08000227   Thumb Code     0  startup_at32f415.o(.text)
    DMA1_Channel4_IRQHandler                 0x08000227   Thumb Code     0  startup_at32f415.o(.text)
    DMA1_Channel5_IRQHandler                 0x08000227   Thumb Code     0  startup_at32f415.o(.text)
    DMA1_Channel6_IRQHandler                 0x08000227   Thumb Code     0  startup_at32f415.o(.text)
    DMA1_Channel7_IRQHandler                 0x08000227   Thumb Code     0  startup_at32f415.o(.text)
    DMA2_Channel1_IRQHandler                 0x08000227   Thumb Code     0  startup_at32f415.o(.text)
    DMA2_Channel2_IRQHandler                 0x08000227   Thumb Code     0  startup_at32f415.o(.text)
    DMA2_Channel3_IRQHandler                 0x08000227   Thumb Code     0  startup_at32f415.o(.text)
    DMA2_Channel4_5_IRQHandler               0x08000227   Thumb Code     0  startup_at32f415.o(.text)
    DMA2_Channel6_7_IRQHandler               0x08000227   Thumb Code     0  startup_at32f415.o(.text)
    ERTCAlarm_IRQHandler                     0x08000227   Thumb Code     0  startup_at32f415.o(.text)
    ERTC_WKUP_IRQHandler                     0x08000227   Thumb Code     0  startup_at32f415.o(.text)
    EXINT0_IRQHandler                        0x08000227   Thumb Code     0  startup_at32f415.o(.text)
    EXINT15_10_IRQHandler                    0x08000227   Thumb Code     0  startup_at32f415.o(.text)
    EXINT1_IRQHandler                        0x08000227   Thumb Code     0  startup_at32f415.o(.text)
    EXINT2_IRQHandler                        0x08000227   Thumb Code     0  startup_at32f415.o(.text)
    EXINT3_IRQHandler                        0x08000227   Thumb Code     0  startup_at32f415.o(.text)
    EXINT4_IRQHandler                        0x08000227   Thumb Code     0  startup_at32f415.o(.text)
    EXINT9_5_IRQHandler                      0x08000227   Thumb Code     0  startup_at32f415.o(.text)
    FLASH_IRQHandler                         0x08000227   Thumb Code     0  startup_at32f415.o(.text)
    I2C1_ERR_IRQHandler                      0x08000227   Thumb Code     0  startup_at32f415.o(.text)
    I2C1_EVT_IRQHandler                      0x08000227   Thumb Code     0  startup_at32f415.o(.text)
    I2C2_ERR_IRQHandler                      0x08000227   Thumb Code     0  startup_at32f415.o(.text)
    I2C2_EVT_IRQHandler                      0x08000227   Thumb Code     0  startup_at32f415.o(.text)
    OTGFS1_IRQHandler                        0x08000227   Thumb Code     0  startup_at32f415.o(.text)
    OTGFS1_WKUP_IRQHandler                   0x08000227   Thumb Code     0  startup_at32f415.o(.text)
    PVM_IRQHandler                           0x08000227   Thumb Code     0  startup_at32f415.o(.text)
    SDIO1_IRQHandler                         0x08000227   Thumb Code     0  startup_at32f415.o(.text)
    SPI1_IRQHandler                          0x08000227   Thumb Code     0  startup_at32f415.o(.text)
    SPI2_IRQHandler                          0x08000227   Thumb Code     0  startup_at32f415.o(.text)
    TAMP_STAMP_IRQHandler                    0x08000227   Thumb Code     0  startup_at32f415.o(.text)
    TMR1_BRK_TMR9_IRQHandler                 0x08000227   Thumb Code     0  startup_at32f415.o(.text)
    TMR1_CH_IRQHandler                       0x08000227   Thumb Code     0  startup_at32f415.o(.text)
    TMR1_TRG_HALL_TMR11_IRQHandler           0x08000227   Thumb Code     0  startup_at32f415.o(.text)
    TMR2_GLOBAL_IRQHandler                   0x08000227   Thumb Code     0  startup_at32f415.o(.text)
    TMR3_GLOBAL_IRQHandler                   0x08000227   Thumb Code     0  startup_at32f415.o(.text)
    TMR4_GLOBAL_IRQHandler                   0x08000227   Thumb Code     0  startup_at32f415.o(.text)
    TMR5_GLOBAL_IRQHandler                   0x08000227   Thumb Code     0  startup_at32f415.o(.text)
    UART4_IRQHandler                         0x08000227   Thumb Code     0  startup_at32f415.o(.text)
    UART5_IRQHandler                         0x08000227   Thumb Code     0  startup_at32f415.o(.text)
    USART1_IRQHandler                        0x08000227   Thumb Code     0  startup_at32f415.o(.text)
    USART2_IRQHandler                        0x08000227   Thumb Code     0  startup_at32f415.o(.text)
    USART3_IRQHandler                        0x08000227   Thumb Code     0  startup_at32f415.o(.text)
    WWDT_IRQHandler                          0x08000227   Thumb Code     0  startup_at32f415.o(.text)
    __user_initial_stackheap                 0x08000229   Thumb Code     0  startup_at32f415.o(.text)
    __aeabi_uldivmod                         0x0800024d   Thumb Code     0  lludivv7m.o(.text)
    _ll_udiv                                 0x0800024d   Thumb Code   240  lludivv7m.o(.text)
    strlen                                   0x0800033d   Thumb Code    62  strlen.o(.text)
    __aeabi_memcpy                           0x0800037b   Thumb Code     0  rt_memcpy_v6.o(.text)
    __rt_memcpy                              0x0800037b   Thumb Code   138  rt_memcpy_v6.o(.text)
    _memcpy_lastbytes                        0x080003e1   Thumb Code     0  rt_memcpy_v6.o(.text)
    __aeabi_memclr4                          0x08000405   Thumb Code     0  rt_memclr_w.o(.text)
    __aeabi_memclr8                          0x08000405   Thumb Code     0  rt_memclr_w.o(.text)
    __rt_memclr_w                            0x08000405   Thumb Code     0  rt_memclr_w.o(.text)
    _memset_w                                0x08000409   Thumb Code    74  rt_memclr_w.o(.text)
    __use_two_region_memory                  0x08000453   Thumb Code     2  heapauxi.o(.text)
    __rt_heap_escrow$2region                 0x08000455   Thumb Code     2  heapauxi.o(.text)
    __rt_heap_expand$2region                 0x08000457   Thumb Code     2  heapauxi.o(.text)
    __read_errno                             0x08000459   Thumb Code    10  _rserrno.o(.text)
    __set_errno                              0x08000463   Thumb Code    12  _rserrno.o(.text)
    __aeabi_memcpy4                          0x0800046f   Thumb Code     0  rt_memcpy_w.o(.text)
    __aeabi_memcpy8                          0x0800046f   Thumb Code     0  rt_memcpy_w.o(.text)
    __rt_memcpy_w                            0x0800046f   Thumb Code   100  rt_memcpy_w.o(.text)
    _memcpy_lastbytes_aligned                0x080004b7   Thumb Code     0  rt_memcpy_w.o(.text)
    __aeabi_errno_addr                       0x080004d5   Thumb Code     8  rt_errno_addr_intlibspace.o(.text)
    __errno$intlibspace                      0x080004d5   Thumb Code     0  rt_errno_addr_intlibspace.o(.text)
    __rt_errno_addr$intlibspace              0x080004d5   Thumb Code     0  rt_errno_addr_intlibspace.o(.text)
    __user_libspace                          0x080004dd   Thumb Code     8  libspace.o(.text)
    __user_perproc_libspace                  0x080004dd   Thumb Code     0  libspace.o(.text)
    __user_perthread_libspace                0x080004dd   Thumb Code     0  libspace.o(.text)
    __user_setup_stackheap                   0x080004e5   Thumb Code    74  sys_stackheap_outer.o(.text)
    exit                                     0x0800052f   Thumb Code    18  exit.o(.text)
    _sys_exit                                0x08000541   Thumb Code     8  sys_exit.o(.text)
    __I$use$semihosting                      0x0800054d   Thumb Code     0  use_no_semi.o(.text)
    __use_no_semihosting_swi                 0x0800054d   Thumb Code     2  use_no_semi.o(.text)
    __semihosting_library_function           0x0800054f   Thumb Code     0  indicate_semi.o(.text)
    Adc_Dma_Callback                         0x08000551   Thumb Code   300  adc.o(.text.Adc_Dma_Callback)
    Adc_Init                                 0x0800067d   Thumb Code   380  adc.o(.text.Adc_Init)
    Adc_Voltage_Output_Read                  0x080007f9   Thumb Code    26  adc.o(.text.Adc_Voltage_Output_Read)
    BusFault_Handler                         0x08000815   Thumb Code     4  at32f415_int.o(.text.BusFault_Handler)
    Cal_Buffer_Analyze                       0x08000819   Thumb Code   228  main.o(.text.Cal_Buffer_Analyze)
    Cal_Show_Data                            0x080008fd   Thumb Code   140  main.o(.text.Cal_Show_Data)
    DMA1_Channel1_IRQHandler                 0x08000989   Thumb Code    26  at32f415_int.o(.text.DMA1_Channel1_IRQHandler)
    DebugMon_Handler                         0x080009a5   Thumb Code     2  at32f415_int.o(.text.DebugMon_Handler)
    Gpio_Init                                0x080009a9   Thumb Code   292  gpio.o(.text.Gpio_Init)
    HardFault_Handler                        0x08000acd   Thumb Code     4  at32f415_int.o(.text.HardFault_Handler)
    Key_Init                                 0x08000ad1   Thumb Code    88  key.o(.text.Key_Init)
    Key_Read                                 0x08000b29   Thumb Code    18  key.o(.text.Key_Read)
    MemManage_Handler                        0x08000b3d   Thumb Code     4  at32f415_int.o(.text.MemManage_Handler)
    NMI_Handler                              0x08000b41   Thumb Code     2  at32f415_int.o(.text.NMI_Handler)
    OLED_Clear                               0x08000bb1   Thumb Code    98  oled.o(.text.OLED_Clear)
    OLED_DisPlay_Off                         0x08000c15   Thumb Code    34  oled.o(.text.OLED_DisPlay_Off)
    OLED_DrawLine                            0x08000c39   Thumb Code   304  oled.o(.text.OLED_DrawLine)
    OLED_DrawPoint                           0x08000d69   Thumb Code   178  oled.o(.text.OLED_DrawPoint)
    OLED_Init                                0x08000e1d   Thumb Code   254  oled.o(.text.OLED_Init)
    OLED_Refresh                             0x08000f1d   Thumb Code   136  oled.o(.text.OLED_Refresh)
    OLED_ShowChar                            0x08000fa5   Thumb Code   304  oled.o(.text.OLED_ShowChar)
    OLED_ShowFace                            0x080010d5   Thumb Code   132  oled.o(.text.OLED_ShowFace)
    OLED_ShowString                          0x08001159   Thumb Code   148  oled.o(.text.OLED_ShowString)
    OLED_WR_Byte                             0x080011ed   Thumb Code   108  oled.o(.text.OLED_WR_Byte)
    PendSV_Handler                           0x08001259   Thumb Code     2  at32f415_int.o(.text.PendSV_Handler)
    RTT_Watch                                0x0800125d   Thumb Code   132  main.o(.text.RTT_Watch)
    SEGGER_RTT_GetKey                        0x080012e1   Thumb Code    48  segger_rtt.o(.text.SEGGER_RTT_GetKey)
    SEGGER_RTT_Init                          0x08001311   Thumb Code     8  segger_rtt.o(.text.SEGGER_RTT_Init)
    SEGGER_RTT_Read                          0x08001319   Thumb Code    48  segger_rtt.o(.text.SEGGER_RTT_Read)
    SEGGER_RTT_ReadNoLock                    0x08001349   Thumb Code   312  segger_rtt.o(.text.SEGGER_RTT_ReadNoLock)
    SEGGER_RTT_SetTerminal                   0x08001481   Thumb Code   218  segger_rtt.o(.text.SEGGER_RTT_SetTerminal)
    SEGGER_RTT_Write                         0x0800155d   Thumb Code    76  segger_rtt.o(.text.SEGGER_RTT_Write)
    SEGGER_RTT_WriteNoLock                   0x080015a9   Thumb Code   176  segger_rtt.o(.text.SEGGER_RTT_WriteNoLock)
    SEGGER_RTT_WriteString                   0x08001659   Thumb Code    30  segger_rtt.o(.text.SEGGER_RTT_WriteString)
    SEGGER_RTT_printf                        0x08001679   Thumb Code    42  segger_rtt_printf.o(.text.SEGGER_RTT_printf)
    SEGGER_RTT_vprintf                       0x080016a5   Thumb Code   828  segger_rtt_printf.o(.text.SEGGER_RTT_vprintf)
    SVC_Handler                              0x080019e1   Thumb Code     2  at32f415_int.o(.text.SVC_Handler)
    Spi1_Init                                0x080019e5   Thumb Code   206  spi.o(.text.Spi1_Init)
    SysTick_Handler                          0x08001ab5   Thumb Code     2  at32f415_int.o(.text.SysTick_Handler)
    SystemInit                               0x08001ab9   Thumb Code   208  system_at32f415.o(.text.SystemInit)
    System_Exit_Face_Mode                    0x08001b89   Thumb Code    26  main.o(.text.System_Exit_Face_Mode)
    System_Init                              0x08001ba5   Thumb Code   194  main.o(.text.System_Init)
    System_Led_Mode_Set                      0x08001c69   Thumb Code    66  main.o(.text.System_Led_Mode_Set)
    System_Loop                              0x08001cad   Thumb Code   358  main.o(.text.System_Loop)
    System_Low_Power                         0x08001e15   Thumb Code    40  main.o(.text.System_Low_Power)
    System_Mode_Switch                       0x08001e3d   Thumb Code    30  main.o(.text.System_Mode_Switch)
    System_Shutdown                          0x08001e5d   Thumb Code    68  main.o(.text.System_Shutdown)
    System_Startup                           0x08001ea1   Thumb Code   396  main.o(.text.System_Startup)
    System_Startup_Type_Check                0x0800202d   Thumb Code    50  main.o(.text.System_Startup_Type_Check)
    System_State_Switch                      0x08002061   Thumb Code    92  main.o(.text.System_State_Switch)
    System_Timer_Flag_Get                    0x080020bd   Thumb Code    12  timer.o(.text.System_Timer_Flag_Get)
    System_Timer_Flag_Set                    0x080020c9   Thumb Code    24  timer.o(.text.System_Timer_Flag_Set)
    System_Timer_Init                        0x080020e1   Thumb Code    98  timer.o(.text.System_Timer_Init)
    System_Update_Adc2ui                     0x08002145   Thumb Code   118  main.o(.text.System_Update_Adc2ui)
    System_Watch_Dog_Init                    0x080021bd   Thumb Code    42  main.o(.text.System_Watch_Dog_Init)
    TMR1_OVF_TMR10_IRQHandler                0x080021e9   Thumb Code    50  at32f415_int.o(.text.TMR1_OVF_TMR10_IRQHandler)
    UsageFault_Handler                       0x0800221d   Thumb Code     4  at32f415_int.o(.text.UsageFault_Handler)
    adc_base_config                          0x0800295d   Thumb Code   100  at32f415_adc.o(.text.adc_base_config)
    adc_base_default_para_init               0x080029c1   Thumb Code    28  at32f415_adc.o(.text.adc_base_default_para_init)
    adc_calibration_init                     0x080029dd   Thumb Code    18  at32f415_adc.o(.text.adc_calibration_init)
    adc_calibration_init_status_get          0x080029f1   Thumb Code    40  at32f415_adc.o(.text.adc_calibration_init_status_get)
    adc_calibration_start                    0x08002a19   Thumb Code    18  at32f415_adc.o(.text.adc_calibration_start)
    adc_calibration_status_get               0x08002a2d   Thumb Code    40  at32f415_adc.o(.text.adc_calibration_status_get)
    adc_dma_mode_enable                      0x08002a55   Thumb Code    34  at32f415_adc.o(.text.adc_dma_mode_enable)
    adc_enable                               0x08002a79   Thumb Code    26  at32f415_adc.o(.text.adc_enable)
    adc_ordinary_channel_set                 0x08002a95   Thumb Code   876  at32f415_adc.o(.text.adc_ordinary_channel_set)
    adc_ordinary_conversion_trigger_set      0x08002e01   Thumb Code   116  at32f415_adc.o(.text.adc_ordinary_conversion_trigger_set)
    adc_ordinary_software_trigger_enable     0x08002e75   Thumb Code    34  at32f415_adc.o(.text.adc_ordinary_software_trigger_enable)
    button_attach                            0x08002e99   Thumb Code    28  multi_button.o(.text.button_attach)
    button_handler                           0x08002eb5   Thumb Code   808  multi_button.o(.text.button_handler)
    button_init                              0x080031dd   Thumb Code   102  multi_button.o(.text.button_init)
    button_start                             0x08003245   Thumb Code    80  multi_button.o(.text.button_start)
    button_ticks                             0x08003295   Thumb Code    44  multi_button.o(.text.button_ticks)
    crm_adc_clock_div_set                    0x080032c1   Thumb Code    54  at32f415_crm.o(.text.crm_adc_clock_div_set)
    crm_ahb_div_set                          0x080032f9   Thumb Code    38  at32f415_crm.o(.text.crm_ahb_div_set)
    crm_apb1_div_set                         0x08003321   Thumb Code    38  at32f415_crm.o(.text.crm_apb1_div_set)
    crm_apb2_div_set                         0x08003349   Thumb Code    38  at32f415_crm.o(.text.crm_apb2_div_set)
    crm_auto_step_mode_enable                0x08003371   Thumb Code    56  at32f415_crm.o(.text.crm_auto_step_mode_enable)
    crm_clock_source_enable                  0x080033a9   Thumb Code   166  at32f415_crm.o(.text.crm_clock_source_enable)
    crm_clocks_freq_get                      0x08003451   Thumb Code   622  at32f415_crm.o(.text.crm_clocks_freq_get)
    crm_flag_clear                           0x080036c1   Thumb Code   272  at32f415_crm.o(.text.crm_flag_clear)
    crm_flag_get                             0x080037d1   Thumb Code    62  at32f415_crm.o(.text.crm_flag_get)
    crm_periph_clock_enable                  0x08003811   Thumb Code    82  at32f415_crm.o(.text.crm_periph_clock_enable)
    crm_pll_config                           0x08003865   Thumb Code   468  at32f415_crm.o(.text.crm_pll_config)
    crm_reset                                0x08003a39   Thumb Code   154  at32f415_crm.o(.text.crm_reset)
    crm_sysclk_switch                        0x08003ad5   Thumb Code    30  at32f415_crm.o(.text.crm_sysclk_switch)
    crm_sysclk_switch_status_get             0x08003af5   Thumb Code    16  at32f415_crm.o(.text.crm_sysclk_switch_status_get)
    delay_ms                                 0x08003b05   Thumb Code    60  oled.o(.text.delay_ms)
    dma_channel_enable                       0x08003b41   Thumb Code    26  at32f415_dma.o(.text.dma_channel_enable)
    dma_default_para_init                    0x08003b5d   Thumb Code    50  at32f415_dma.o(.text.dma_default_para_init)
    dma_flag_clear                           0x08003b91   Thumb Code    48  at32f415_dma.o(.text.dma_flag_clear)
    dma_flag_get                             0x08003bc1   Thumb Code    82  at32f415_dma.o(.text.dma_flag_get)
    dma_init                                 0x08003c15   Thumb Code   190  at32f415_dma.o(.text.dma_init)
    dma_interrupt_enable                     0x08003cd5   Thumb Code    46  at32f415_dma.o(.text.dma_interrupt_enable)
    dma_reset                                0x08003d05   Thumb Code   166  at32f415_dma.o(.text.dma_reset)
    flash_halfword_program                   0x08003dad   Thumb Code    72  at32f415_flash.o(.text.flash_halfword_program)
    flash_lock                               0x08003df5   Thumb Code    18  at32f415_flash.o(.text.flash_lock)
    flash_operation_status_get               0x08003e09   Thumb Code   104  at32f415_flash.o(.text.flash_operation_status_get)
    flash_operation_wait_for                 0x08003e71   Thumb Code    92  at32f415_flash.o(.text.flash_operation_wait_for)
    flash_read                               0x08003ecd   Thumb Code    74  flash.o(.text.flash_read)
    flash_readhalfword                       0x08003f19   Thumb Code    12  flash.o(.text.flash_readhalfword)
    flash_sector_erase                       0x08003f25   Thumb Code    80  at32f415_flash.o(.text.flash_sector_erase)
    flash_unlock                             0x08003f75   Thumb Code    30  at32f415_flash.o(.text.flash_unlock)
    flash_write                              0x08003f95   Thumb Code   574  flash.o(.text.flash_write)
    flash_write_nocheck                      0x080041d5   Thumb Code    74  flash.o(.text.flash_write_nocheck)
    gpio_bits_reset                          0x08004221   Thumb Code    20  at32f415_gpio.o(.text.gpio_bits_reset)
    gpio_bits_set                            0x08004235   Thumb Code    20  at32f415_gpio.o(.text.gpio_bits_set)
    gpio_default_para_init                   0x08004249   Thumb Code    38  at32f415_gpio.o(.text.gpio_default_para_init)
    gpio_init                                0x08004271   Thumb Code   320  at32f415_gpio.o(.text.gpio_init)
    gpio_input_data_bit_read                 0x080043b1   Thumb Code    54  at32f415_gpio.o(.text.gpio_input_data_bit_read)
    main                                     0x080043e9   Thumb Code    18  main.o(.text.main)
    nvic_irq_disable                         0x080043fd   Thumb Code    20  at32f415_misc.o(.text.nvic_irq_disable)
    nvic_irq_enable                          0x08004411   Thumb Code    52  at32f415_misc.o(.text.nvic_irq_enable)
    nvic_priority_group_config               0x08004445   Thumb Code    20  at32f415_misc.o(.text.nvic_priority_group_config)
    spi_default_para_init                    0x08004459   Thumb Code    44  at32f415_spi.o(.text.spi_default_para_init)
    spi_enable                               0x08004485   Thumb Code    34  at32f415_spi.o(.text.spi_enable)
    spi_i2s_data_transmit                    0x080044a9   Thumb Code    20  at32f415_spi.o(.text.spi_i2s_data_transmit)
    spi_i2s_flag_get                         0x080044bd   Thumb Code    48  at32f415_spi.o(.text.spi_i2s_flag_get)
    spi_init                                 0x080044ed   Thumb Code   438  at32f415_spi.o(.text.spi_init)
    system_clock_config                      0x080046a5   Thumb Code   138  at32f415_clock.o(.text.system_clock_config)
    system_core_clock_update                 0x08004731   Thumb Code   562  system_at32f415.o(.text.system_core_clock_update)
    temp_data                                0x08004965   Thumb Code   182  main.o(.text.temp_data)
    tmr_base_init                            0x08004a1d   Thumb Code    34  at32f415_tmr.o(.text.tmr_base_init)
    tmr_cnt_dir_set                          0x08004a41   Thumb Code    34  at32f415_tmr.o(.text.tmr_cnt_dir_set)
    tmr_counter_enable                       0x08004a65   Thumb Code    26  at32f415_tmr.o(.text.tmr_counter_enable)
    tmr_flag_clear                           0x08004a81   Thumb Code    18  at32f415_tmr.o(.text.tmr_flag_clear)
    tmr_flag_get                             0x08004a95   Thumb Code    48  at32f415_tmr.o(.text.tmr_flag_get)
    tmr_interrupt_enable                     0x08004ac5   Thumb Code    58  at32f415_tmr.o(.text.tmr_interrupt_enable)
    ui_draw_charge_param                     0x08004b01   Thumb Code   196  ui.o(.text.ui_draw_charge_param)
    ui_draw_runing_param                     0x08004bc5   Thumb Code  1248  ui.o(.text.ui_draw_runing_param)
    ui_get_bat_level                         0x080050a5   Thumb Code    12  ui.o(.text.ui_get_bat_level)
    ui_param_updata                          0x080050b1   Thumb Code   636  ui.o(.text.ui_param_updata)
    ui_show_charge_base                      0x0800532d   Thumb Code   294  ui.o(.text.ui_show_charge_base)
    ui_show_logo                             0x08005455   Thumb Code    66  ui.o(.text.ui_show_logo)
    ui_show_runing_base                      0x08005499   Thumb Code   264  ui.o(.text.ui_show_runing_base)
    ui_show_type                             0x080055a1   Thumb Code   134  ui.o(.text.ui_show_type)
    wdt_counter_reload                       0x08005629   Thumb Code    16  at32f415_wdt.o(.text.wdt_counter_reload)
    wdt_divider_set                          0x08005639   Thumb Code    30  at32f415_wdt.o(.text.wdt_divider_set)
    wdt_enable                               0x08005659   Thumb Code    16  at32f415_wdt.o(.text.wdt_enable)
    wdt_register_write_enable                0x08005669   Thumb Code    48  at32f415_wdt.o(.text.wdt_register_write_enable)
    wdt_reload_value_set                     0x08005699   Thumb Code    24  at32f415_wdt.o(.text.wdt_reload_value_set)
    __kernel_poly                            0x080056b1   Thumb Code   170  poly.o(i.__kernel_poly)
    __mathlib_dbl_divzero                    0x0800575d   Thumb Code    12  dunder.o(i.__mathlib_dbl_divzero)
    __mathlib_dbl_infnan                     0x0800576d   Thumb Code     6  dunder.o(i.__mathlib_dbl_infnan)
    __mathlib_dbl_invalid                    0x08005773   Thumb Code    12  dunder.o(i.__mathlib_dbl_invalid)
    log                                      0x08005781   Thumb Code   808  log.o(i.log)
    __aeabi_d2f                              0x08005add   Thumb Code     0  d2f.o(x$fpl$d2f)
    _d2f                                     0x08005add   Thumb Code    98  d2f.o(x$fpl$d2f)
    __aeabi_dadd                             0x08005b41   Thumb Code     0  daddsub_clz.o(x$fpl$dadd)
    _dadd                                    0x08005b41   Thumb Code   332  daddsub_clz.o(x$fpl$dadd)
    __fpl_dcheck_NaN1                        0x08005c91   Thumb Code    10  dcheck1.o(x$fpl$dcheck1)
    __fpl_dcmp_Inf                           0x08005ca1   Thumb Code    24  dcmpi.o(x$fpl$dcmpinf)
    __aeabi_ddiv                             0x08005cb9   Thumb Code     0  ddiv.o(x$fpl$ddiv)
    _ddiv                                    0x08005cb9   Thumb Code   556  ddiv.o(x$fpl$ddiv)
    __aeabi_cdcmpeq                          0x08005f6d   Thumb Code     0  deqf.o(x$fpl$deqf)
    _dcmpeq                                  0x08005f6d   Thumb Code   120  deqf.o(x$fpl$deqf)
    __aeabi_d2iz                             0x08005fe5   Thumb Code     0  dfix.o(x$fpl$dfix)
    _dfix                                    0x08005fe5   Thumb Code    94  dfix.o(x$fpl$dfix)
    __aeabi_d2uiz                            0x08006045   Thumb Code     0  dfixu.o(x$fpl$dfixu)
    _dfixu                                   0x08006045   Thumb Code    90  dfixu.o(x$fpl$dfixu)
    __aeabi_i2d                              0x0800609f   Thumb Code     0  dflt_clz.o(x$fpl$dflt)
    _dflt                                    0x0800609f   Thumb Code    46  dflt_clz.o(x$fpl$dflt)
    __aeabi_cdcmpge                          0x080060cd   Thumb Code     0  dgeqf.o(x$fpl$dgeqf)
    _dcmpge                                  0x080060cd   Thumb Code   120  dgeqf.o(x$fpl$dgeqf)
    __aeabi_cdcmple                          0x08006145   Thumb Code     0  dleqf.o(x$fpl$dleqf)
    _dcmple                                  0x08006145   Thumb Code   120  dleqf.o(x$fpl$dleqf)
    __fpl_dcmple_InfNaN                      0x080061a7   Thumb Code     0  dleqf.o(x$fpl$dleqf)
    __aeabi_dmul                             0x080061bd   Thumb Code     0  dmul.o(x$fpl$dmul)
    _dmul                                    0x080061bd   Thumb Code   332  dmul.o(x$fpl$dmul)
    __fpl_dnaninf                            0x08006311   Thumb Code   156  dnaninf.o(x$fpl$dnaninf)
    __fpl_dretinf                            0x080063ad   Thumb Code    12  dretinf.o(x$fpl$dretinf)
    __aeabi_drsub                            0x080063b9   Thumb Code     0  daddsub_clz.o(x$fpl$drsb)
    _drsb                                    0x080063b9   Thumb Code    22  daddsub_clz.o(x$fpl$drsb)
    __aeabi_dsub                             0x080063d1   Thumb Code     0  daddsub_clz.o(x$fpl$dsub)
    _dsub                                    0x080063d1   Thumb Code   472  daddsub_clz.o(x$fpl$dsub)
    __aeabi_f2d                              0x080065ad   Thumb Code     0  f2d.o(x$fpl$f2d)
    _f2d                                     0x080065ad   Thumb Code    86  f2d.o(x$fpl$f2d)
    __aeabi_dcmpeq                           0x08006603   Thumb Code     0  dcmp.o(x$fpl$fcmp)
    _deq                                     0x08006603   Thumb Code    14  dcmp.o(x$fpl$fcmp)
    _dneq                                    0x08006611   Thumb Code    14  dcmp.o(x$fpl$fcmp)
    __aeabi_dcmpgt                           0x0800661f   Thumb Code     0  dcmp.o(x$fpl$fcmp)
    _dgr                                     0x0800661f   Thumb Code    14  dcmp.o(x$fpl$fcmp)
    __aeabi_dcmpge                           0x0800662d   Thumb Code     0  dcmp.o(x$fpl$fcmp)
    _dgeq                                    0x0800662d   Thumb Code    14  dcmp.o(x$fpl$fcmp)
    __aeabi_dcmple                           0x0800663b   Thumb Code     0  dcmp.o(x$fpl$fcmp)
    _dleq                                    0x0800663b   Thumb Code    14  dcmp.o(x$fpl$fcmp)
    __aeabi_dcmplt                           0x08006649   Thumb Code     0  dcmp.o(x$fpl$fcmp)
    _dls                                     0x08006649   Thumb Code    14  dcmp.o(x$fpl$fcmp)
    __aeabi_fcmpeq                           0x08006657   Thumb Code     0  fcmp.o(x$fpl$fcmp)
    _feq                                     0x08006657   Thumb Code    14  fcmp.o(x$fpl$fcmp)
    _fneq                                    0x08006665   Thumb Code    14  fcmp.o(x$fpl$fcmp)
    __aeabi_fcmpgt                           0x08006673   Thumb Code     0  fcmp.o(x$fpl$fcmp)
    _fgr                                     0x08006673   Thumb Code    14  fcmp.o(x$fpl$fcmp)
    __aeabi_fcmpge                           0x08006681   Thumb Code     0  fcmp.o(x$fpl$fcmp)
    _fgeq                                    0x08006681   Thumb Code    14  fcmp.o(x$fpl$fcmp)
    __aeabi_fcmple                           0x0800668f   Thumb Code     0  fcmp.o(x$fpl$fcmp)
    _fleq                                    0x0800668f   Thumb Code    14  fcmp.o(x$fpl$fcmp)
    __aeabi_fcmplt                           0x0800669d   Thumb Code     0  fcmp.o(x$fpl$fcmp)
    _fls                                     0x0800669d   Thumb Code    14  fcmp.o(x$fpl$fcmp)
    __fpl_fcmp_Inf                           0x080066ab   Thumb Code    24  fcmpi.o(x$fpl$fcmpinf)
    __aeabi_fdiv                             0x080066c5   Thumb Code     0  fdiv.o(x$fpl$fdiv)
    _fdiv                                    0x080066c5   Thumb Code   384  fdiv.o(x$fpl$fdiv)
    __aeabi_cfcmpeq                          0x08006849   Thumb Code     0  feqf.o(x$fpl$feqf)
    _fcmpeq                                  0x08006849   Thumb Code   104  feqf.o(x$fpl$feqf)
    __aeabi_f2iz                             0x080068b1   Thumb Code     0  ffix.o(x$fpl$ffix)
    _ffix                                    0x080068b1   Thumb Code    54  ffix.o(x$fpl$ffix)
    _fcmpge                                  0x080068e9   Thumb Code   104  fgeqf.o(x$fpl$fgeqf)
    __aeabi_cfcmple                          0x08006951   Thumb Code     0  fleqf.o(x$fpl$fleqf)
    _fcmple                                  0x08006951   Thumb Code   104  fleqf.o(x$fpl$fleqf)
    __fpl_fcmple_InfNaN                      0x080069a3   Thumb Code     0  fleqf.o(x$fpl$fleqf)
    __fpl_fnaninf                            0x080069b9   Thumb Code   140  fnaninf.o(x$fpl$fnaninf)
    __fpl_fretinf                            0x08006a45   Thumb Code    10  fretinf.o(x$fpl$fretinf)
    __fpl_return_NaN                         0x08006a4f   Thumb Code   100  retnan.o(x$fpl$retnan)
    __ARM_scalbn                             0x08006ab3   Thumb Code    92  scalbn.o(x$fpl$scalbn)
    __fpl_cmpreturn                          0x08006b0f   Thumb Code    48  trapv.o(x$fpl$trapveneer)
    __I$use$fp                               0x08006b3e   Number         0  usenofp.o(x$fpl$usenofp)
    __mathlib_zero                           0x08006b78   Data           8  qnan.o(.constdata)
    asc2_0806                                0x08006ba1   Data         552  oled.o(.rodata.asc2_0806)
    face                                     0x08006df1   Data        1536  oled.o(.rodata.face)
    Region$$Table$$Base                      0x08007474   Number         0  anon$$obj.o(Region$$Table)
    Region$$Table$$Limit                     0x08007494   Number         0  anon$$obj.o(Region$$Table)
    system_core_clock                        0x20000010   Data           4  system_at32f415.o(.data.system_core_clock)
    vbat                                     0x20000014   Data           1  ui.o(.data.vbat)
    __libspace_start                         0x20000018   Data          96  libspace.o(.bss)
    OLED_GRAM                                0x20000078   Data         384  oled.o(.bss.OLED_GRAM)
    __temporary_stack_top$libspace           0x20000078   Data           0  libspace.o(.bss)
    _SEGGER_RTT                              0x20000200   Data         168  segger_rtt.o(.bss._SEGGER_RTT)
    adc_raw_output                           0x200006b8   Data          60  adc.o(.bss.adc_raw_output)
    adc_voltage_output                       0x200006f4   Data          12  adc.o(.bss.adc_voltage_output)
    charge_sta                               0x20000700   Data           1  ui.o(.bss.charge_sta)
    dma_init_struct_adc                      0x20000704   Data          20  adc.o(.bss.dma_init_struct_adc)
    face_mode                                0x20000718   Data           1  main.o(.bss.face_mode)
    face_time                                0x20000719   Data           1  main.o(.bss.face_time)
    flash_buf                                0x2000071a   Data        2048  flash.o(.bss.flash_buf)
    iout                                     0x20000f20   Data           4  ui.o(.bss.iout)
    key                                      0x20000f24   Data          44  key.o(.bss.key)
    led_mode                                 0x20000f50   Data           1  main.o(.bss.led_mode)
    ntc                                      0x20000f51   Data           1  main.o(.bss.ntc)
    ntc_tmp                                  0x20000f52   Data           1  ui.o(.bss.ntc_tmp)
    rtt_buffer                               0x20000f53   Data          16  main.o(.bss.rtt_buffer)
    rtt_buffer_len                           0x20000f63   Data           1  main.o(.bss.rtt_buffer_len)
    sector_size                              0x20000f64   Data           4  flash.o(.bss.sector_size)
    system_mode                              0x20000f68   Data           1  main.o(.bss.system_mode)
    system_timer_flag                        0x20000f69   Data           1  timer.o(.bss.system_timer_flag)
    temp_cal                                 0x20000f6a   Data           1  main.o(.bss.temp_cal)
    vbat_f                                   0x20000f6b   Data           1  ui.o(.bss.vbat_f)
    wout                                     0x20000f6c   Data           4  ui.o(.bss.wout)



==============================================================================

Memory Map of the image

  Image Entry point : 0x08000171

  Load Region LR_IROM1 (Base: 0x08000000, Size: 0x000074b0, Max: 0x00020000, ABSOLUTE)

    Execution Region ER_IROM1 (Exec base: 0x08000000, Load base: 0x08000000, Size: 0x00007494, Max: 0x00020000, ABSOLUTE)

    Exec Addr    Load Addr    Size         Type   Attr      Idx    E Section Name        Object

    0x08000000   0x08000000   0x00000170   Data   RO            3    RESET               startup_at32f415.o
    0x08000170   0x08000170   0x00000008   Code   RO         1512  * !!!main             c_w.l(__main.o)
    0x08000178   0x08000178   0x00000034   Code   RO         1791    !!!scatter          c_w.l(__scatter.o)
    0x080001ac   0x080001ac   0x0000001a   Code   RO         1793    !!handler_copy      c_w.l(__scatter_copy.o)
    0x080001c6   0x080001c6   0x00000002   PAD
    0x080001c8   0x080001c8   0x0000001c   Code   RO         1795    !!handler_zi        c_w.l(__scatter_zi.o)
    0x080001e4   0x080001e4   0x00000002   Code   RO         1654    .ARM.Collect$$libinit$$00000000  c_w.l(libinit.o)
    0x080001e6   0x080001e6   0x00000000   Code   RO         1666    .ARM.Collect$$libinit$$00000002  c_w.l(libinit2.o)
    0x080001e6   0x080001e6   0x00000000   Code   RO         1668    .ARM.Collect$$libinit$$00000004  c_w.l(libinit2.o)
    0x080001e6   0x080001e6   0x00000000   Code   RO         1671    .ARM.Collect$$libinit$$0000000A  c_w.l(libinit2.o)
    0x080001e6   0x080001e6   0x00000000   Code   RO         1673    .ARM.Collect$$libinit$$0000000C  c_w.l(libinit2.o)
    0x080001e6   0x080001e6   0x00000000   Code   RO         1675    .ARM.Collect$$libinit$$0000000E  c_w.l(libinit2.o)
    0x080001e6   0x080001e6   0x00000000   Code   RO         1678    .ARM.Collect$$libinit$$00000011  c_w.l(libinit2.o)
    0x080001e6   0x080001e6   0x00000000   Code   RO         1680    .ARM.Collect$$libinit$$00000013  c_w.l(libinit2.o)
    0x080001e6   0x080001e6   0x00000000   Code   RO         1682    .ARM.Collect$$libinit$$00000015  c_w.l(libinit2.o)
    0x080001e6   0x080001e6   0x00000000   Code   RO         1684    .ARM.Collect$$libinit$$00000017  c_w.l(libinit2.o)
    0x080001e6   0x080001e6   0x00000000   Code   RO         1686    .ARM.Collect$$libinit$$00000019  c_w.l(libinit2.o)
    0x080001e6   0x080001e6   0x00000000   Code   RO         1688    .ARM.Collect$$libinit$$0000001B  c_w.l(libinit2.o)
    0x080001e6   0x080001e6   0x00000000   Code   RO         1690    .ARM.Collect$$libinit$$0000001D  c_w.l(libinit2.o)
    0x080001e6   0x080001e6   0x00000000   Code   RO         1692    .ARM.Collect$$libinit$$0000001F  c_w.l(libinit2.o)
    0x080001e6   0x080001e6   0x00000000   Code   RO         1694    .ARM.Collect$$libinit$$00000021  c_w.l(libinit2.o)
    0x080001e6   0x080001e6   0x00000000   Code   RO         1696    .ARM.Collect$$libinit$$00000023  c_w.l(libinit2.o)
    0x080001e6   0x080001e6   0x00000000   Code   RO         1698    .ARM.Collect$$libinit$$00000025  c_w.l(libinit2.o)
    0x080001e6   0x080001e6   0x00000000   Code   RO         1702    .ARM.Collect$$libinit$$0000002C  c_w.l(libinit2.o)
    0x080001e6   0x080001e6   0x00000000   Code   RO         1704    .ARM.Collect$$libinit$$0000002E  c_w.l(libinit2.o)
    0x080001e6   0x080001e6   0x00000000   Code   RO         1706    .ARM.Collect$$libinit$$00000030  c_w.l(libinit2.o)
    0x080001e6   0x080001e6   0x00000000   Code   RO         1708    .ARM.Collect$$libinit$$00000032  c_w.l(libinit2.o)
    0x080001e6   0x080001e6   0x00000002   Code   RO         1709    .ARM.Collect$$libinit$$00000033  c_w.l(libinit2.o)
    0x080001e8   0x080001e8   0x00000002   Code   RO         1746    .ARM.Collect$$libshutdown$$00000000  c_w.l(libshutdown.o)
    0x080001ea   0x080001ea   0x00000000   Code   RO         1774    .ARM.Collect$$libshutdown$$00000002  c_w.l(libshutdown2.o)
    0x080001ea   0x080001ea   0x00000000   Code   RO         1776    .ARM.Collect$$libshutdown$$00000004  c_w.l(libshutdown2.o)
    0x080001ea   0x080001ea   0x00000000   Code   RO         1779    .ARM.Collect$$libshutdown$$00000007  c_w.l(libshutdown2.o)
    0x080001ea   0x080001ea   0x00000000   Code   RO         1782    .ARM.Collect$$libshutdown$$0000000A  c_w.l(libshutdown2.o)
    0x080001ea   0x080001ea   0x00000000   Code   RO         1784    .ARM.Collect$$libshutdown$$0000000C  c_w.l(libshutdown2.o)
    0x080001ea   0x080001ea   0x00000000   Code   RO         1787    .ARM.Collect$$libshutdown$$0000000F  c_w.l(libshutdown2.o)
    0x080001ea   0x080001ea   0x00000002   Code   RO         1788    .ARM.Collect$$libshutdown$$00000010  c_w.l(libshutdown2.o)
    0x080001ec   0x080001ec   0x00000000   Code   RO         1561    .ARM.Collect$$rtentry$$00000000  c_w.l(__rtentry.o)
    0x080001ec   0x080001ec   0x00000000   Code   RO         1611    .ARM.Collect$$rtentry$$00000002  c_w.l(__rtentry2.o)
    0x080001ec   0x080001ec   0x00000006   Code   RO         1623    .ARM.Collect$$rtentry$$00000004  c_w.l(__rtentry4.o)
    0x080001f2   0x080001f2   0x00000000   Code   RO         1613    .ARM.Collect$$rtentry$$00000009  c_w.l(__rtentry2.o)
    0x080001f2   0x080001f2   0x00000004   Code   RO         1614    .ARM.Collect$$rtentry$$0000000A  c_w.l(__rtentry2.o)
    0x080001f6   0x080001f6   0x00000000   Code   RO         1616    .ARM.Collect$$rtentry$$0000000C  c_w.l(__rtentry2.o)
    0x080001f6   0x080001f6   0x00000008   Code   RO         1617    .ARM.Collect$$rtentry$$0000000D  c_w.l(__rtentry2.o)
    0x080001fe   0x080001fe   0x00000002   Code   RO         1657    .ARM.Collect$$rtexit$$00000000  c_w.l(rtexit.o)
    0x08000200   0x08000200   0x00000000   Code   RO         1717    .ARM.Collect$$rtexit$$00000002  c_w.l(rtexit2.o)
    0x08000200   0x08000200   0x00000004   Code   RO         1718    .ARM.Collect$$rtexit$$00000003  c_w.l(rtexit2.o)
    0x08000204   0x08000204   0x00000006   Code   RO         1719    .ARM.Collect$$rtexit$$00000004  c_w.l(rtexit2.o)
    0x0800020a   0x0800020a   0x00000002   PAD
    0x0800020c   0x0800020c   0x00000040   Code   RO            4    .text               startup_at32f415.o
    0x0800024c   0x0800024c   0x000000f0   Code   RO         1502    .text               c_w.l(lludivv7m.o)
    0x0800033c   0x0800033c   0x0000003e   Code   RO         1504    .text               c_w.l(strlen.o)
    0x0800037a   0x0800037a   0x0000008a   Code   RO         1506    .text               c_w.l(rt_memcpy_v6.o)
    0x08000404   0x08000404   0x0000004e   Code   RO         1508    .text               c_w.l(rt_memclr_w.o)
    0x08000452   0x08000452   0x00000006   Code   RO         1510    .text               c_w.l(heapauxi.o)
    0x08000458   0x08000458   0x00000016   Code   RO         1566    .text               c_w.l(_rserrno.o)
    0x0800046e   0x0800046e   0x00000064   Code   RO         1568    .text               c_w.l(rt_memcpy_w.o)
    0x080004d2   0x080004d2   0x00000002   PAD
    0x080004d4   0x080004d4   0x00000008   Code   RO         1630    .text               c_w.l(rt_errno_addr_intlibspace.o)
    0x080004dc   0x080004dc   0x00000008   Code   RO         1638    .text               c_w.l(libspace.o)
    0x080004e4   0x080004e4   0x0000004a   Code   RO         1641    .text               c_w.l(sys_stackheap_outer.o)
    0x0800052e   0x0800052e   0x00000012   Code   RO         1643    .text               c_w.l(exit.o)
    0x08000540   0x08000540   0x0000000c   Code   RO         1712    .text               c_w.l(sys_exit.o)
    0x0800054c   0x0800054c   0x00000002   Code   RO         1735    .text               c_w.l(use_no_semi.o)
    0x0800054e   0x0800054e   0x00000000   Code   RO         1737    .text               c_w.l(indicate_semi.o)
    0x0800054e   0x0800054e   0x00000002   PAD
    0x08000550   0x08000550   0x0000012c   Code   RO         1298    .text.Adc_Dma_Callback  adc.o
    0x0800067c   0x0800067c   0x0000017c   Code   RO         1296    .text.Adc_Init      adc.o
    0x080007f8   0x080007f8   0x0000001a   Code   RO         1300    .text.Adc_Voltage_Output_Read  adc.o
    0x08000812   0x08000812   0x00000002   PAD
    0x08000814   0x08000814   0x00000004   Code   RO         1243    .text.BusFault_Handler  at32f415_int.o
    0x08000818   0x08000818   0x000000e4   Code   RO         1172    .text.Cal_Buffer_Analyze  main.o
    0x080008fc   0x080008fc   0x0000008c   Code   RO         1174    .text.Cal_Show_Data  main.o
    0x08000988   0x08000988   0x0000001a   Code   RO         1255    .text.DMA1_Channel1_IRQHandler  at32f415_int.o
    0x080009a2   0x080009a2   0x00000002   PAD
    0x080009a4   0x080009a4   0x00000002   Code   RO         1249    .text.DebugMon_Handler  at32f415_int.o
    0x080009a6   0x080009a6   0x00000002   PAD
    0x080009a8   0x080009a8   0x00000124   Code   RO         1266    .text.Gpio_Init     gpio.o
    0x08000acc   0x08000acc   0x00000004   Code   RO         1239    .text.HardFault_Handler  at32f415_int.o
    0x08000ad0   0x08000ad0   0x00000058   Code   RO         1225    .text.Key_Init      key.o
    0x08000b28   0x08000b28   0x00000012   Code   RO         1227    .text.Key_Read      key.o
    0x08000b3a   0x08000b3a   0x00000002   PAD
    0x08000b3c   0x08000b3c   0x00000004   Code   RO         1241    .text.MemManage_Handler  at32f415_int.o
    0x08000b40   0x08000b40   0x00000002   Code   RO         1237    .text.NMI_Handler   at32f415_int.o
    0x08000b42   0x08000b42   0x00000002   PAD
    0x08000b44   0x08000b44   0x0000006c   Code   RO          643    .text.NVIC_EncodePriority  at32f415_misc.o
    0x08000bb0   0x08000bb0   0x00000062   Code   RO         1326    .text.OLED_Clear    oled.o
    0x08000c12   0x08000c12   0x00000002   PAD
    0x08000c14   0x08000c14   0x00000022   Code   RO         1322    .text.OLED_DisPlay_Off  oled.o
    0x08000c36   0x08000c36   0x00000002   PAD
    0x08000c38   0x08000c38   0x00000130   Code   RO         1332    .text.OLED_DrawLine  oled.o
    0x08000d68   0x08000d68   0x000000b2   Code   RO         1330    .text.OLED_DrawPoint  oled.o
    0x08000e1a   0x08000e1a   0x00000002   PAD
    0x08000e1c   0x08000e1c   0x000000fe   Code   RO         1346    .text.OLED_Init     oled.o
    0x08000f1a   0x08000f1a   0x00000002   PAD
    0x08000f1c   0x08000f1c   0x00000088   Code   RO         1324    .text.OLED_Refresh  oled.o
    0x08000fa4   0x08000fa4   0x00000130   Code   RO         1336    .text.OLED_ShowChar  oled.o
    0x080010d4   0x080010d4   0x00000084   Code   RO         1328    .text.OLED_ShowFace  oled.o
    0x08001158   0x08001158   0x00000094   Code   RO         1338    .text.OLED_ShowString  oled.o
    0x080011ec   0x080011ec   0x0000006c   Code   RO         1316    .text.OLED_WR_Byte  oled.o
    0x08001258   0x08001258   0x00000002   Code   RO         1251    .text.PendSV_Handler  at32f415_int.o
    0x0800125a   0x0800125a   0x00000002   PAD
    0x0800125c   0x0800125c   0x00000084   Code   RO         1156    .text.RTT_Watch     main.o
    0x080012e0   0x080012e0   0x00000030   Code   RO         1414    .text.SEGGER_RTT_GetKey  segger_rtt.o
    0x08001310   0x08001310   0x00000008   Code   RO         1440    .text.SEGGER_RTT_Init  segger_rtt.o
    0x08001318   0x08001318   0x00000030   Code   RO         1388    .text.SEGGER_RTT_Read  segger_rtt.o
    0x08001348   0x08001348   0x00000138   Code   RO         1384    .text.SEGGER_RTT_ReadNoLock  segger_rtt.o
    0x08001480   0x08001480   0x000000da   Code   RO         1442    .text.SEGGER_RTT_SetTerminal  segger_rtt.o
    0x0800155a   0x0800155a   0x00000002   PAD
    0x0800155c   0x0800155c   0x0000004c   Code   RO         1404    .text.SEGGER_RTT_Write  segger_rtt.o
    0x080015a8   0x080015a8   0x000000b0   Code   RO         1400    .text.SEGGER_RTT_WriteNoLock  segger_rtt.o
    0x08001658   0x08001658   0x0000001e   Code   RO         1406    .text.SEGGER_RTT_WriteString  segger_rtt.o
    0x08001676   0x08001676   0x00000002   PAD
    0x08001678   0x08001678   0x0000002a   Code   RO         1474    .text.SEGGER_RTT_printf  segger_rtt_printf.o
    0x080016a2   0x080016a2   0x00000002   PAD
    0x080016a4   0x080016a4   0x0000033c   Code   RO         1466    .text.SEGGER_RTT_vprintf  segger_rtt_printf.o
    0x080019e0   0x080019e0   0x00000002   Code   RO         1247    .text.SVC_Handler   at32f415_int.o
    0x080019e2   0x080019e2   0x00000002   PAD
    0x080019e4   0x080019e4   0x000000ce   Code   RO         1274    .text.Spi1_Init     spi.o
    0x08001ab2   0x08001ab2   0x00000002   PAD
    0x08001ab4   0x08001ab4   0x00000002   Code   RO         1253    .text.SysTick_Handler  at32f415_int.o
    0x08001ab6   0x08001ab6   0x00000002   PAD
    0x08001ab8   0x08001ab8   0x000000d0   Code   RO           11    .text.SystemInit    system_at32f415.o
    0x08001b88   0x08001b88   0x0000001a   Code   RO         1162    .text.System_Exit_Face_Mode  main.o
    0x08001ba2   0x08001ba2   0x00000002   PAD
    0x08001ba4   0x08001ba4   0x000000c2   Code   RO         1144    .text.System_Init   main.o
    0x08001c66   0x08001c66   0x00000002   PAD
    0x08001c68   0x08001c68   0x00000042   Code   RO         1170    .text.System_Led_Mode_Set  main.o
    0x08001caa   0x08001caa   0x00000002   PAD
    0x08001cac   0x08001cac   0x00000166   Code   RO         1148    .text.System_Loop   main.o
    0x08001e12   0x08001e12   0x00000002   PAD
    0x08001e14   0x08001e14   0x00000028   Code   RO         1150    .text.System_Low_Power  main.o
    0x08001e3c   0x08001e3c   0x0000001e   Code   RO         1168    .text.System_Mode_Switch  main.o
    0x08001e5a   0x08001e5a   0x00000002   PAD
    0x08001e5c   0x08001e5c   0x00000044   Code   RO         1166    .text.System_Shutdown  main.o
    0x08001ea0   0x08001ea0   0x0000018c   Code   RO         1146    .text.System_Startup  main.o
    0x0800202c   0x0800202c   0x00000032   Code   RO         1160    .text.System_Startup_Type_Check  main.o
    0x0800205e   0x0800205e   0x00000002   PAD
    0x08002060   0x08002060   0x0000005c   Code   RO         1164    .text.System_State_Switch  main.o
    0x080020bc   0x080020bc   0x0000000c   Code   RO         1286    .text.System_Timer_Flag_Get  timer.o
    0x080020c8   0x080020c8   0x00000018   Code   RO         1284    .text.System_Timer_Flag_Set  timer.o
    0x080020e0   0x080020e0   0x00000062   Code   RO         1282    .text.System_Timer_Init  timer.o
    0x08002142   0x08002142   0x00000002   PAD
    0x08002144   0x08002144   0x00000076   Code   RO         1152    .text.System_Update_Adc2ui  main.o
    0x080021ba   0x080021ba   0x00000002   PAD
    0x080021bc   0x080021bc   0x0000002a   Code   RO         1158    .text.System_Watch_Dog_Init  main.o
    0x080021e6   0x080021e6   0x00000002   PAD
    0x080021e8   0x080021e8   0x00000032   Code   RO         1257    .text.TMR1_OVF_TMR10_IRQHandler  at32f415_int.o
    0x0800221a   0x0800221a   0x00000002   PAD
    0x0800221c   0x0800221c   0x00000004   Code   RO         1245    .text.UsageFault_Handler  at32f415_int.o
    0x08002220   0x08002220   0x000000a4   Code   RO         1382    .text._DoInit       segger_rtt.o
    0x080022c4   0x080022c4   0x0000003e   Code   RO         1394    .text._GetAvailWriteSpace  segger_rtt.o
    0x08002302   0x08002302   0x00000002   PAD
    0x08002304   0x08002304   0x000001cc   Code   RO         1470    .text._PrintInt     segger_rtt_printf.o
    0x080024d0   0x080024d0   0x000001ac   Code   RO         1472    .text._PrintUnsigned  segger_rtt_printf.o
    0x0800267c   0x0800267c   0x00000076   Code   RO         1468    .text._StoreChar    segger_rtt_printf.o
    0x080026f2   0x080026f2   0x00000002   PAD
    0x080026f4   0x080026f4   0x000000e4   Code   RO         1398    .text._WriteBlocking  segger_rtt.o
    0x080027d8   0x080027d8   0x0000008c   Code   RO         1396    .text._WriteNoCheck  segger_rtt.o
    0x08002864   0x08002864   0x00000038   Code   RO          653    .text.__NVIC_DisableIRQ  at32f415_misc.o
    0x0800289c   0x0800289c   0x00000030   Code   RO          649    .text.__NVIC_EnableIRQ  at32f415_misc.o
    0x080028cc   0x080028cc   0x00000010   Code   RO          645    .text.__NVIC_GetPriorityGrouping  at32f415_misc.o
    0x080028dc   0x080028dc   0x00000042   Code   RO          647    .text.__NVIC_SetPriority  at32f415_misc.o
    0x0800291e   0x0800291e   0x00000002   PAD
    0x08002920   0x08002920   0x0000003c   Code   RO          657    .text.__NVIC_SetPriorityGrouping  at32f415_misc.o
    0x0800295c   0x0800295c   0x00000064   Code   RO           30    .text.adc_base_config  at32f415_adc.o
    0x080029c0   0x080029c0   0x0000001c   Code   RO           28    .text.adc_base_default_para_init  at32f415_adc.o
    0x080029dc   0x080029dc   0x00000012   Code   RO           36    .text.adc_calibration_init  at32f415_adc.o
    0x080029ee   0x080029ee   0x00000002   PAD
    0x080029f0   0x080029f0   0x00000028   Code   RO           38    .text.adc_calibration_init_status_get  at32f415_adc.o
    0x08002a18   0x08002a18   0x00000012   Code   RO           40    .text.adc_calibration_start  at32f415_adc.o
    0x08002a2a   0x08002a2a   0x00000002   PAD
    0x08002a2c   0x08002a2c   0x00000028   Code   RO           42    .text.adc_calibration_status_get  at32f415_adc.o
    0x08002a54   0x08002a54   0x00000022   Code   RO           32    .text.adc_dma_mode_enable  at32f415_adc.o
    0x08002a76   0x08002a76   0x00000002   PAD
    0x08002a78   0x08002a78   0x0000001a   Code   RO           26    .text.adc_enable    at32f415_adc.o
    0x08002a92   0x08002a92   0x00000002   PAD
    0x08002a94   0x08002a94   0x0000036c   Code   RO           50    .text.adc_ordinary_channel_set  at32f415_adc.o
    0x08002e00   0x08002e00   0x00000074   Code   RO           56    .text.adc_ordinary_conversion_trigger_set  at32f415_adc.o
    0x08002e74   0x08002e74   0x00000022   Code   RO           72    .text.adc_ordinary_software_trigger_enable  at32f415_adc.o
    0x08002e96   0x08002e96   0x00000002   PAD
    0x08002e98   0x08002e98   0x0000001c   Code   RO         1360    .text.button_attach  multi_button.o
    0x08002eb4   0x08002eb4   0x00000328   Code   RO         1364    .text.button_handler  multi_button.o
    0x080031dc   0x080031dc   0x00000066   Code   RO         1358    .text.button_init   multi_button.o
    0x08003242   0x08003242   0x00000002   PAD
    0x08003244   0x08003244   0x00000050   Code   RO         1366    .text.button_start  multi_button.o
    0x08003294   0x08003294   0x0000002c   Code   RO         1370    .text.button_ticks  multi_button.o
    0x080032c0   0x080032c0   0x00000036   Code   RO          232    .text.crm_adc_clock_div_set  at32f415_crm.o
    0x080032f6   0x080032f6   0x00000002   PAD
    0x080032f8   0x080032f8   0x00000026   Code   RO          226    .text.crm_ahb_div_set  at32f415_crm.o
    0x0800331e   0x0800331e   0x00000002   PAD
    0x08003320   0x08003320   0x00000026   Code   RO          228    .text.crm_apb1_div_set  at32f415_crm.o
    0x08003346   0x08003346   0x00000002   PAD
    0x08003348   0x08003348   0x00000026   Code   RO          230    .text.crm_apb2_div_set  at32f415_crm.o
    0x0800336e   0x0800336e   0x00000002   PAD
    0x08003370   0x08003370   0x00000038   Code   RO          254    .text.crm_auto_step_mode_enable  at32f415_crm.o
    0x080033a8   0x080033a8   0x000000a6   Code   RO          218    .text.crm_clock_source_enable  at32f415_crm.o
    0x0800344e   0x0800344e   0x00000002   PAD
    0x08003450   0x08003450   0x0000026e   Code   RO          248    .text.crm_clocks_freq_get  at32f415_crm.o
    0x080036be   0x080036be   0x00000002   PAD
    0x080036c0   0x080036c0   0x00000110   Code   RO          220    .text.crm_flag_clear  at32f415_crm.o
    0x080037d0   0x080037d0   0x0000003e   Code   RO          204    .text.crm_flag_get  at32f415_crm.o
    0x0800380e   0x0800380e   0x00000002   PAD
    0x08003810   0x08003810   0x00000052   Code   RO          212    .text.crm_periph_clock_enable  at32f415_crm.o
    0x08003862   0x08003862   0x00000002   PAD
    0x08003864   0x08003864   0x000001d4   Code   RO          240    .text.crm_pll_config  at32f415_crm.o
    0x08003a38   0x08003a38   0x0000009a   Code   RO          198    .text.crm_reset     at32f415_crm.o
    0x08003ad2   0x08003ad2   0x00000002   PAD
    0x08003ad4   0x08003ad4   0x0000001e   Code   RO          244    .text.crm_sysclk_switch  at32f415_crm.o
    0x08003af2   0x08003af2   0x00000002   PAD
    0x08003af4   0x08003af4   0x00000010   Code   RO          246    .text.crm_sysclk_switch_status_get  at32f415_crm.o
    0x08003b04   0x08003b04   0x0000003c   Code   RO         1312    .text.delay_ms      oled.o
    0x08003b40   0x08003b40   0x0000001a   Code   RO          298    .text.dma_channel_enable  at32f415_dma.o
    0x08003b5a   0x08003b5a   0x00000002   PAD
    0x08003b5c   0x08003b5c   0x00000032   Code   RO          306    .text.dma_default_para_init  at32f415_dma.o
    0x08003b8e   0x08003b8e   0x00000002   PAD
    0x08003b90   0x08003b90   0x00000030   Code   RO          304    .text.dma_flag_clear  at32f415_dma.o
    0x08003bc0   0x08003bc0   0x00000052   Code   RO          302    .text.dma_flag_get  at32f415_dma.o
    0x08003c12   0x08003c12   0x00000002   PAD
    0x08003c14   0x08003c14   0x000000be   Code   RO          308    .text.dma_init      at32f415_dma.o
    0x08003cd2   0x08003cd2   0x00000002   PAD
    0x08003cd4   0x08003cd4   0x0000002e   Code   RO          296    .text.dma_interrupt_enable  at32f415_dma.o
    0x08003d02   0x08003d02   0x00000002   PAD
    0x08003d04   0x08003d04   0x000000a6   Code   RO          290    .text.dma_reset     at32f415_dma.o
    0x08003daa   0x08003daa   0x00000002   PAD
    0x08003dac   0x08003dac   0x00000048   Code   RO          477    .text.flash_halfword_program  at32f415_flash.o
    0x08003df4   0x08003df4   0x00000012   Code   RO          465    .text.flash_lock    at32f415_flash.o
    0x08003e06   0x08003e06   0x00000002   PAD
    0x08003e08   0x08003e08   0x00000068   Code   RO          459    .text.flash_operation_status_get  at32f415_flash.o
    0x08003e70   0x08003e70   0x0000005c   Code   RO          461    .text.flash_operation_wait_for  at32f415_flash.o
    0x08003ecc   0x08003ecc   0x0000004a   Code   RO         1490    .text.flash_read    flash.o
    0x08003f16   0x08003f16   0x00000002   PAD
    0x08003f18   0x08003f18   0x0000000c   Code   RO         1484    .text.flash_readhalfword  flash.o
    0x08003f24   0x08003f24   0x00000050   Code   RO          467    .text.flash_sector_erase  at32f415_flash.o
    0x08003f74   0x08003f74   0x0000001e   Code   RO          463    .text.flash_unlock  at32f415_flash.o
    0x08003f92   0x08003f92   0x00000002   PAD
    0x08003f94   0x08003f94   0x0000023e   Code   RO         1488    .text.flash_write   flash.o
    0x080041d2   0x080041d2   0x00000002   PAD
    0x080041d4   0x080041d4   0x0000004a   Code   RO         1486    .text.flash_write_nocheck  flash.o
    0x0800421e   0x0800421e   0x00000002   PAD
    0x08004220   0x08004220   0x00000014   Code   RO          547    .text.gpio_bits_reset  at32f415_gpio.o
    0x08004234   0x08004234   0x00000014   Code   RO          545    .text.gpio_bits_set  at32f415_gpio.o
    0x08004248   0x08004248   0x00000026   Code   RO          535    .text.gpio_default_para_init  at32f415_gpio.o
    0x0800426e   0x0800426e   0x00000002   PAD
    0x08004270   0x08004270   0x00000140   Code   RO          533    .text.gpio_init     at32f415_gpio.o
    0x080043b0   0x080043b0   0x00000036   Code   RO          537    .text.gpio_input_data_bit_read  at32f415_gpio.o
    0x080043e6   0x080043e6   0x00000002   PAD
    0x080043e8   0x080043e8   0x00000012   Code   RO         1142    .text.main          main.o
    0x080043fa   0x080043fa   0x00000002   PAD
    0x080043fc   0x080043fc   0x00000014   Code   RO          651    .text.nvic_irq_disable  at32f415_misc.o
    0x08004410   0x08004410   0x00000034   Code   RO          641    .text.nvic_irq_enable  at32f415_misc.o
    0x08004444   0x08004444   0x00000014   Code   RO          655    .text.nvic_priority_group_config  at32f415_misc.o
    0x08004458   0x08004458   0x0000002c   Code   RO          766    .text.spi_default_para_init  at32f415_spi.o
    0x08004484   0x08004484   0x00000022   Code   RO          788    .text.spi_enable    at32f415_spi.o
    0x080044a6   0x080044a6   0x00000002   PAD
    0x080044a8   0x080044a8   0x00000014   Code   RO          802    .text.spi_i2s_data_transmit  at32f415_spi.o
    0x080044bc   0x080044bc   0x00000030   Code   RO          806    .text.spi_i2s_flag_get  at32f415_spi.o
    0x080044ec   0x080044ec   0x000001b6   Code   RO          768    .text.spi_init      at32f415_spi.o
    0x080046a2   0x080046a2   0x00000002   PAD
    0x080046a4   0x080046a4   0x0000008a   Code   RO         1134    .text.system_clock_config  at32f415_clock.o
    0x0800472e   0x0800472e   0x00000002   PAD
    0x08004730   0x08004730   0x00000232   Code   RO           13    .text.system_core_clock_update  system_at32f415.o
    0x08004962   0x08004962   0x00000002   PAD
    0x08004964   0x08004964   0x000000b6   Code   RO         1154    .text.temp_data     main.o
    0x08004a1a   0x08004a1a   0x00000002   PAD
    0x08004a1c   0x08004a1c   0x00000022   Code   RO          827    .text.tmr_base_init  at32f415_tmr.o
    0x08004a3e   0x08004a3e   0x00000002   PAD
    0x08004a40   0x08004a40   0x00000022   Code   RO          831    .text.tmr_cnt_dir_set  at32f415_tmr.o
    0x08004a62   0x08004a62   0x00000002   PAD
    0x08004a64   0x08004a64   0x0000001a   Code   RO          819    .text.tmr_counter_enable  at32f415_tmr.o
    0x08004a7e   0x08004a7e   0x00000002   PAD
    0x08004a80   0x08004a80   0x00000012   Code   RO          903    .text.tmr_flag_clear  at32f415_tmr.o
    0x08004a92   0x08004a92   0x00000002   PAD
    0x08004a94   0x08004a94   0x00000030   Code   RO          901    .text.tmr_flag_get  at32f415_tmr.o
    0x08004ac4   0x08004ac4   0x0000003a   Code   RO          899    .text.tmr_interrupt_enable  at32f415_tmr.o
    0x08004afe   0x08004afe   0x00000002   PAD
    0x08004b00   0x08004b00   0x000000c4   Code   RO         1203    .text.ui_draw_charge_param  ui.o
    0x08004bc4   0x08004bc4   0x000004e0   Code   RO         1207    .text.ui_draw_runing_param  ui.o
    0x080050a4   0x080050a4   0x0000000c   Code   RO         1209    .text.ui_get_bat_level  ui.o
    0x080050b0   0x080050b0   0x0000027c   Code   RO         1195    .text.ui_param_updata  ui.o
    0x0800532c   0x0800532c   0x00000126   Code   RO         1201    .text.ui_show_charge_base  ui.o
    0x08005452   0x08005452   0x00000002   PAD
    0x08005454   0x08005454   0x00000042   Code   RO         1197    .text.ui_show_logo  ui.o
    0x08005496   0x08005496   0x00000002   PAD
    0x08005498   0x08005498   0x00000108   Code   RO         1205    .text.ui_show_runing_base  ui.o
    0x080055a0   0x080055a0   0x00000086   Code   RO         1199    .text.ui_show_type  ui.o
    0x08005626   0x08005626   0x00000002   PAD
    0x08005628   0x08005628   0x00000010   Code   RO         1094    .text.wdt_counter_reload  at32f415_wdt.o
    0x08005638   0x08005638   0x0000001e   Code   RO         1098    .text.wdt_divider_set  at32f415_wdt.o
    0x08005656   0x08005656   0x00000002   PAD
    0x08005658   0x08005658   0x00000010   Code   RO         1092    .text.wdt_enable    at32f415_wdt.o
    0x08005668   0x08005668   0x00000030   Code   RO         1100    .text.wdt_register_write_enable  at32f415_wdt.o
    0x08005698   0x08005698   0x00000018   Code   RO         1096    .text.wdt_reload_value_set  at32f415_wdt.o
    0x080056b0   0x080056b0   0x000000aa   Code   RO         1607    i.__kernel_poly     m_ws.l(poly.o)
    0x0800575a   0x0800575a   0x00000002   PAD
    0x0800575c   0x0800575c   0x00000010   Code   RO         1593    i.__mathlib_dbl_divzero  m_ws.l(dunder.o)
    0x0800576c   0x0800576c   0x00000006   Code   RO         1594    i.__mathlib_dbl_infnan  m_ws.l(dunder.o)
    0x08005772   0x08005772   0x0000000c   Code   RO         1596    i.__mathlib_dbl_invalid  m_ws.l(dunder.o)
    0x0800577e   0x0800577e   0x00000002   PAD
    0x08005780   0x08005780   0x0000035c   Code   RO         1557    i.log               m_ws.l(log.o)
    0x08005adc   0x08005adc   0x00000062   Code   RO         1514    x$fpl$d2f           fz_ws.l(d2f.o)
    0x08005b3e   0x08005b3e   0x00000002   PAD
    0x08005b40   0x08005b40   0x00000150   Code   RO         1516    x$fpl$dadd          fz_ws.l(daddsub_clz.o)
    0x08005c90   0x08005c90   0x00000010   Code   RO         1632    x$fpl$dcheck1       fz_ws.l(dcheck1.o)
    0x08005ca0   0x08005ca0   0x00000018   Code   RO         1634    x$fpl$dcmpinf       fz_ws.l(dcmpi.o)
    0x08005cb8   0x08005cb8   0x000002b4   Code   RO         1525    x$fpl$ddiv          fz_ws.l(ddiv.o)
    0x08005f6c   0x08005f6c   0x00000078   Code   RO         1570    x$fpl$deqf          fz_ws.l(deqf.o)
    0x08005fe4   0x08005fe4   0x0000005e   Code   RO         1528    x$fpl$dfix          fz_ws.l(dfix.o)
    0x08006042   0x08006042   0x00000002   PAD
    0x08006044   0x08006044   0x0000005a   Code   RO         1532    x$fpl$dfixu         fz_ws.l(dfixu.o)
    0x0800609e   0x0800609e   0x0000002e   Code   RO         1537    x$fpl$dflt          fz_ws.l(dflt_clz.o)
    0x080060cc   0x080060cc   0x00000078   Code   RO         1572    x$fpl$dgeqf         fz_ws.l(dgeqf.o)
    0x08006144   0x08006144   0x00000078   Code   RO         1574    x$fpl$dleqf         fz_ws.l(dleqf.o)
    0x080061bc   0x080061bc   0x00000154   Code   RO         1542    x$fpl$dmul          fz_ws.l(dmul.o)
    0x08006310   0x08006310   0x0000009c   Code   RO         1576    x$fpl$dnaninf       fz_ws.l(dnaninf.o)
    0x080063ac   0x080063ac   0x0000000c   Code   RO         1578    x$fpl$dretinf       fz_ws.l(dretinf.o)
    0x080063b8   0x080063b8   0x00000016   Code   RO         1517    x$fpl$drsb          fz_ws.l(daddsub_clz.o)
    0x080063ce   0x080063ce   0x00000002   PAD
    0x080063d0   0x080063d0   0x000001dc   Code   RO         1518    x$fpl$dsub          fz_ws.l(daddsub_clz.o)
    0x080065ac   0x080065ac   0x00000056   Code   RO         1544    x$fpl$f2d           fz_ws.l(f2d.o)
    0x08006602   0x08006602   0x00000054   Code   RO         1522    x$fpl$fcmp          fz_ws.l(dcmp.o)
    0x08006656   0x08006656   0x00000054   Code   RO         1546    x$fpl$fcmp          fz_ws.l(fcmp.o)
    0x080066aa   0x080066aa   0x00000018   Code   RO         1636    x$fpl$fcmpinf       fz_ws.l(fcmpi.o)
    0x080066c2   0x080066c2   0x00000002   PAD
    0x080066c4   0x080066c4   0x00000184   Code   RO         1549    x$fpl$fdiv          fz_ws.l(fdiv.o)
    0x08006848   0x08006848   0x00000068   Code   RO         1580    x$fpl$feqf          fz_ws.l(feqf.o)
    0x080068b0   0x080068b0   0x00000036   Code   RO         1552    x$fpl$ffix          fz_ws.l(ffix.o)
    0x080068e6   0x080068e6   0x00000002   PAD
    0x080068e8   0x080068e8   0x00000068   Code   RO         1582    x$fpl$fgeqf         fz_ws.l(fgeqf.o)
    0x08006950   0x08006950   0x00000068   Code   RO         1584    x$fpl$fleqf         fz_ws.l(fleqf.o)
    0x080069b8   0x080069b8   0x0000008c   Code   RO         1586    x$fpl$fnaninf       fz_ws.l(fnaninf.o)
    0x08006a44   0x08006a44   0x0000000a   Code   RO         1588    x$fpl$fretinf       fz_ws.l(fretinf.o)
    0x08006a4e   0x08006a4e   0x00000064   Code   RO         1655    x$fpl$retnan        fz_ws.l(retnan.o)
    0x08006ab2   0x08006ab2   0x0000005c   Code   RO         1590    x$fpl$scalbn        fz_ws.l(scalbn.o)
    0x08006b0e   0x08006b0e   0x00000030   Code   RO         1710    x$fpl$trapveneer    fz_ws.l(trapv.o)
    0x08006b3e   0x08006b3e   0x00000000   Code   RO         1592    x$fpl$usenofp       fz_ws.l(usenofp.o)
    0x08006b3e   0x08006b3e   0x00000002   PAD
    0x08006b40   0x08006b40   0x00000038   Data   RO         1558    .constdata          m_ws.l(log.o)
    0x08006b78   0x08006b78   0x00000008   Data   RO         1609    .constdata          m_ws.l(qnan.o)
    0x08006b80   0x08006b80   0x00000011   Data   RO         1455    .rodata._DoInit._aInitStr  segger_rtt.o
    0x08006b91   0x08006b91   0x00000010   Data   RO         1476    .rodata._PrintUnsigned._aV2C  segger_rtt_printf.o
    0x08006ba1   0x08006ba1   0x00000228   Data   RO         1348    .rodata.asc2_0806   oled.o
    0x08006dc9   0x08006dc9   0x00000008   Data   RO          271    .rodata.crm_clocks_freq_get.adc_div_table  at32f415_crm.o
    0x08006dd1   0x08006dd1   0x00000008   Data   RO          269    .rodata.crm_clocks_freq_get.ahb_apb1_div_table  at32f415_crm.o
    0x08006dd9   0x08006dd9   0x00000008   Data   RO          270    .rodata.crm_clocks_freq_get.ahb_apb2_div_table  at32f415_crm.o
    0x08006de1   0x08006de1   0x00000010   Data   RO          268    .rodata.crm_clocks_freq_get.sclk_ahb_div_table  at32f415_crm.o
    0x08006df1   0x08006df1   0x00000600   Data   RO         1349    .rodata.face        oled.o
    0x080073f1   0x080073f1   0x0000003a   Data   RO         1185    .rodata.str1.1      main.o
    0x0800742b   0x0800742b   0x0000002d   Data   RO         1217    .rodata.str1.1      ui.o
    0x08007458   0x08007458   0x00000009   Data   RO         1456    .rodata.str1.1      segger_rtt.o
    0x08007461   0x08007461   0x00000010   Data   RO           16    .rodata.system_core_clock_update.sys_ahb_div_table  system_at32f415.o
    0x08007471   0x08007471   0x00000003   PAD
    0x08007474   0x08007474   0x00000020   Data   RO         1790    Region$$Table       anon$$obj.o


    Execution Region RW_IRAM1 (Exec base: 0x20000000, Load base: 0x08007498, Size: 0x00001570, Max: 0x00008000, ABSOLUTE)

    Exec Addr    Load Addr    Size         Type   Attr      Idx    E Section Name        Object

    0x20000000   0x08007498   0x00000010   Data   RW         1453    .data._aTerminalId  segger_rtt.o
    0x20000010   0x080074a8   0x00000004   Data   RW           15    .data.system_core_clock  system_at32f415.o
    0x20000014   0x080074ac   0x00000001   Data   RW         1211    .data.vbat          ui.o
    0x20000015   0x080074ad   0x00000003   PAD
    0x20000018        -       0x00000060   Zero   RW         1639    .bss                c_w.l(libspace.o)
    0x20000078        -       0x00000180   Zero   RW         1350    .bss.OLED_GRAM      oled.o
    0x200001f8        -       0x00000002   Zero   RW         1181    .bss.System_Loop.ms_100  main.o
    0x200001fa        -       0x00000002   Zero   RW         1182    .bss.System_Loop.ms_1000  main.o
    0x200001fc        -       0x00000001   Zero   RW         1454    .bss._ActiveTerminal  segger_rtt.o
    0x200001fd   0x080074ad   0x00000003   PAD
    0x20000200        -       0x000000a8   Zero   RW         1452    .bss._SEGGER_RTT    segger_rtt.o
    0x200002a8        -       0x00000010   Zero   RW         1458    .bss._acDownBuffer  segger_rtt.o
    0x200002b8        -       0x00000400   Zero   RW         1457    .bss._acUpBuffer    segger_rtt.o
    0x200006b8        -       0x0000003c   Zero   RW         1303    .bss.adc_raw_output  adc.o
    0x200006f4        -       0x0000000c   Zero   RW         1304    .bss.adc_voltage_output  adc.o
    0x20000700        -       0x00000001   Zero   RW         1216    .bss.charge_sta     ui.o
    0x20000701   0x080074ad   0x00000003   PAD
    0x20000704        -       0x00000014   Zero   RW         1302    .bss.dma_init_struct_adc  adc.o
    0x20000718        -       0x00000001   Zero   RW         1183    .bss.face_mode      main.o
    0x20000719        -       0x00000001   Zero   RW         1184    .bss.face_time      main.o
    0x2000071a        -       0x00000800   Zero   RW         1493    .bss.flash_buf      flash.o
    0x20000f1a   0x080074ad   0x00000002   PAD
    0x20000f1c        -       0x00000004   Zero   RW         1372    .bss.head_handle    multi_button.o
    0x20000f20        -       0x00000004   Zero   RW         1212    .bss.iout           ui.o
    0x20000f24        -       0x0000002c   Zero   RW         1229    .bss.key            key.o
    0x20000f50        -       0x00000001   Zero   RW         1177    .bss.led_mode       main.o
    0x20000f51        -       0x00000001   Zero   RW         1178    .bss.ntc            main.o
    0x20000f52        -       0x00000001   Zero   RW         1215    .bss.ntc_tmp        ui.o
    0x20000f53        -       0x00000010   Zero   RW         1186    .bss.rtt_buffer     main.o
    0x20000f63        -       0x00000001   Zero   RW         1180    .bss.rtt_buffer_len  main.o
    0x20000f64        -       0x00000004   Zero   RW         1492    .bss.sector_size    flash.o
    0x20000f68        -       0x00000001   Zero   RW         1176    .bss.system_mode    main.o
    0x20000f69        -       0x00000001   Zero   RW         1288    .bss.system_timer_flag  timer.o
    0x20000f6a        -       0x00000001   Zero   RW         1179    .bss.temp_cal       main.o
    0x20000f6b        -       0x00000001   Zero   RW         1214    .bss.vbat_f         ui.o
    0x20000f6c        -       0x00000004   Zero   RW         1213    .bss.wout           ui.o
    0x20000f70        -       0x00000200   Zero   RW            2    HEAP                startup_at32f415.o
    0x20001170        -       0x00000400   Zero   RW            1    STACK               startup_at32f415.o


==============================================================================

Image component sizes


      Code (inc. data)   RO Data    RW Data    ZI Data      Debug   Object Name

       706          0          0          0         92      14445   adc.o
      1330         34          0          0          0      13618   at32f415_adc.o
       138          0          0          0          0       6379   at32f415_clock.o
      2096          6         40          0          0      19172   at32f415_crm.o
       608          0          0          0          0       7872   at32f415_dma.o
       396          0          0          0          0      10534   at32f415_flash.o
       452          0          0          0          0      12799   at32f415_gpio.o
       102          0          0          0          0       6026   at32f415_int.o
       446          0          0          0          0       6100   at32f415_misc.o
       584          0          0          0          0      11185   at32f415_spi.o
       218          0          0          0          0      22851   at32f415_tmr.o
       134          0          0          0          0       2300   at32f415_wdt.o
       734          0          0          0       2052       1865   flash.o
       292          0          0          0          0       5816   gpio.o
       106          0          0          0         44       4837   key.o
      2180          0         58          0         27       9080   main.o
      1062         12          0          0          4       3053   multi_button.o
      1756          0       2088          0        384      11106   oled.o
      1510          0         26         16       1209      13194   segger_rtt.o
      1876         14         16          0          0       3793   segger_rtt_printf.o
       206          0          0          0          0       8883   spi.o
        64         26        368          0       1536        836   startup_at32f415.o
       770          0         16          4          0       7914   system_at32f415.o
       134          0          0          0          1       8266   timer.o
      2850          4         45          1         11       2758   ui.o

    ----------------------------------------------------------------------
     20896         96       2692         24       5368     214682   Object Totals
         0          0         32          0          0          0   (incl. Generated)
       146          0          3          3          8          0   (incl. Padding)

    ----------------------------------------------------------------------

      Code (inc. data)   RO Data    RW Data    ZI Data      Debug   Library Member Name

         8          0          0          0          0         68   __main.o
         0          0          0          0          0          0   __rtentry.o
        12          0          0          0          0          0   __rtentry2.o
         6          0          0          0          0          0   __rtentry4.o
        52          8          0          0          0          0   __scatter.o
        26          0          0          0          0          0   __scatter_copy.o
        28          0          0          0          0          0   __scatter_zi.o
        22          0          0          0          0        100   _rserrno.o
        18          0          0          0          0         80   exit.o
         6          0          0          0          0        152   heapauxi.o
         0          0          0          0          0          0   indicate_semi.o
         2          0          0          0          0          0   libinit.o
         2          0          0          0          0          0   libinit2.o
         2          0          0          0          0          0   libshutdown.o
         2          0          0          0          0          0   libshutdown2.o
         8          4          0          0         96         68   libspace.o
       240          0          0          0          0        100   lludivv7m.o
         8          4          0          0          0         68   rt_errno_addr_intlibspace.o
        78          0          0          0          0         80   rt_memclr_w.o
       138          0          0          0          0         68   rt_memcpy_v6.o
       100          0          0          0          0         80   rt_memcpy_w.o
         2          0          0          0          0          0   rtexit.o
        10          0          0          0          0          0   rtexit2.o
        62          0          0          0          0         76   strlen.o
        12          4          0          0          0         68   sys_exit.o
        74          0          0          0          0         80   sys_stackheap_outer.o
         2          0          0          0          0         68   use_no_semi.o
        98          4          0          0          0         92   d2f.o
       834         16          0          0          0        372   daddsub_clz.o
        16          4          0          0          0         68   dcheck1.o
        84          0          0          0          0        196   dcmp.o
        24          0          0          0          0         68   dcmpi.o
       692        140          0          0          0        216   ddiv.o
       120          4          0          0          0         92   deqf.o
        94          4          0          0          0         92   dfix.o
        90          4          0          0          0         92   dfixu.o
        46          0          0          0          0         68   dflt_clz.o
       120          4          0          0          0         92   dgeqf.o
       120          4          0          0          0         92   dleqf.o
       340         12          0          0          0        104   dmul.o
       156          4          0          0          0         92   dnaninf.o
        12          0          0          0          0         68   dretinf.o
        86          4          0          0          0         84   f2d.o
        84          0          0          0          0        196   fcmp.o
        24          0          0          0          0         68   fcmpi.o
       388         76          0          0          0         96   fdiv.o
       104          4          0          0          0         84   feqf.o
        54          4          0          0          0         84   ffix.o
       104          4          0          0          0         84   fgeqf.o
       104          4          0          0          0         84   fleqf.o
       140          4          0          0          0         84   fnaninf.o
        10          0          0          0          0         68   fretinf.o
       100          0          0          0          0         68   retnan.o
        92          0          0          0          0         68   scalbn.o
        48          0          0          0          0         68   trapv.o
         0          0          0          0          0          0   usenofp.o
        34          4          0          0          0        204   dunder.o
       860         52         56          0          0        256   log.o
       170          0          0          0          0         96   poly.o
         0          0          8          0          0          0   qnan.o

    ----------------------------------------------------------------------
      6192        376         64          0         96       4652   Library Totals
        24          0          0          0          0          0   (incl. Padding)

    ----------------------------------------------------------------------

      Code (inc. data)   RO Data    RW Data    ZI Data      Debug   Library Name

       920         20          0          0         96       1156   c_w.l
      4184        300          0          0          0       2940   fz_ws.l
      1064         56         64          0          0        556   m_ws.l

    ----------------------------------------------------------------------
      6192        376         64          0         96       4652   Library Totals

    ----------------------------------------------------------------------

==============================================================================


      Code (inc. data)   RO Data    RW Data    ZI Data      Debug   

     27088        472       2756         24       5464     216582   Grand Totals
     27088        472       2756         24       5464     216582   ELF Image Totals
     27088        472       2756         24          0          0   ROM Totals

==============================================================================

    Total RO  Size (Code + RO Data)                29844 (  29.14kB)
    Total RW  Size (RW Data + ZI Data)              5488 (   5.36kB)
    Total ROM Size (Code + RO Data + RW Data)      29868 (  29.17kB)

==============================================================================

