Component: ARM Compiler 6.16 Tool: armlink [5dfeaa00]

==============================================================================

Section Cross References

    startup_at32f415.o(STACK) refers (Special) to heapauxi.o(.text) for __use_two_region_memory
    startup_at32f415.o(HEAP) refers (Special) to heapauxi.o(.text) for __use_two_region_memory
    startup_at32f415.o(RESET) refers (Special) to heapauxi.o(.text) for __use_two_region_memory
    startup_at32f415.o(RESET) refers to startup_at32f415.o(STACK) for __initial_sp
    startup_at32f415.o(RESET) refers to startup_at32f415.o(.text) for Reset_Handler
    startup_at32f415.o(RESET) refers to at32f415_int.o(.text.NMI_Handler) for NMI_Handler
    startup_at32f415.o(RESET) refers to at32f415_int.o(.text.HardFault_Handler) for HardFault_Handler
    startup_at32f415.o(RESET) refers to at32f415_int.o(.text.MemManage_Handler) for MemManage_Handler
    startup_at32f415.o(RESET) refers to at32f415_int.o(.text.BusFault_Handler) for BusFault_Handler
    startup_at32f415.o(RESET) refers to at32f415_int.o(.text.UsageFault_Handler) for UsageFault_Handler
    startup_at32f415.o(RESET) refers to at32f415_int.o(.text.SVC_Handler) for SVC_Handler
    startup_at32f415.o(RESET) refers to at32f415_int.o(.text.DebugMon_Handler) for DebugMon_Handler
    startup_at32f415.o(RESET) refers to at32f415_int.o(.text.PendSV_Handler) for PendSV_Handler
    startup_at32f415.o(RESET) refers to at32f415_int.o(.text.SysTick_Handler) for SysTick_Handler
    startup_at32f415.o(RESET) refers to at32f415_int.o(.text.EXINT9_5_IRQHandler) for EXINT9_5_IRQHandler
    startup_at32f415.o(RESET) refers to at32f415_int.o(.text.TMR1_OVF_TMR10_IRQHandler) for TMR1_OVF_TMR10_IRQHandler
    startup_at32f415.o(.text) refers (Special) to heapauxi.o(.text) for __use_two_region_memory
    startup_at32f415.o(.text) refers to system_at32f415.o(.text.SystemInit) for SystemInit
    startup_at32f415.o(.text) refers to __main.o(!!!main) for __main
    startup_at32f415.o(.text) refers to startup_at32f415.o(HEAP) for Heap_Mem
    startup_at32f415.o(.text) refers to startup_at32f415.o(STACK) for Stack_Mem
    system_at32f415.o(.ARM.exidx.text.SystemInit) refers to system_at32f415.o(.text.SystemInit) for [Anonymous Symbol]
    system_at32f415.o(.text.system_core_clock_update) refers to at32f415_crm.o(.text.crm_sysclk_switch_status_get) for crm_sysclk_switch_status_get
    system_at32f415.o(.text.system_core_clock_update) refers to system_at32f415.o(.data.system_core_clock) for system_core_clock
    system_at32f415.o(.text.system_core_clock_update) refers to lludivv7m.o(.text) for __aeabi_uldivmod
    system_at32f415.o(.text.system_core_clock_update) refers to system_at32f415.o(.rodata.system_core_clock_update.sys_ahb_div_table) for system_core_clock_update.sys_ahb_div_table
    system_at32f415.o(.ARM.exidx.text.system_core_clock_update) refers to system_at32f415.o(.text.system_core_clock_update) for [Anonymous Symbol]
    at32f415_adc.o(.text.adc_reset) refers to at32f415_crm.o(.text.crm_periph_reset) for crm_periph_reset
    at32f415_adc.o(.ARM.exidx.text.adc_reset) refers to at32f415_adc.o(.text.adc_reset) for [Anonymous Symbol]
    at32f415_adc.o(.ARM.exidx.text.adc_enable) refers to at32f415_adc.o(.text.adc_enable) for [Anonymous Symbol]
    at32f415_adc.o(.ARM.exidx.text.adc_base_default_para_init) refers to at32f415_adc.o(.text.adc_base_default_para_init) for [Anonymous Symbol]
    at32f415_adc.o(.ARM.exidx.text.adc_base_config) refers to at32f415_adc.o(.text.adc_base_config) for [Anonymous Symbol]
    at32f415_adc.o(.ARM.exidx.text.adc_dma_mode_enable) refers to at32f415_adc.o(.text.adc_dma_mode_enable) for [Anonymous Symbol]
    at32f415_adc.o(.ARM.exidx.text.adc_interrupt_enable) refers to at32f415_adc.o(.text.adc_interrupt_enable) for [Anonymous Symbol]
    at32f415_adc.o(.ARM.exidx.text.adc_calibration_init) refers to at32f415_adc.o(.text.adc_calibration_init) for [Anonymous Symbol]
    at32f415_adc.o(.ARM.exidx.text.adc_calibration_init_status_get) refers to at32f415_adc.o(.text.adc_calibration_init_status_get) for [Anonymous Symbol]
    at32f415_adc.o(.ARM.exidx.text.adc_calibration_start) refers to at32f415_adc.o(.text.adc_calibration_start) for [Anonymous Symbol]
    at32f415_adc.o(.ARM.exidx.text.adc_calibration_status_get) refers to at32f415_adc.o(.text.adc_calibration_status_get) for [Anonymous Symbol]
    at32f415_adc.o(.ARM.exidx.text.adc_voltage_monitor_enable) refers to at32f415_adc.o(.text.adc_voltage_monitor_enable) for [Anonymous Symbol]
    at32f415_adc.o(.ARM.exidx.text.adc_voltage_monitor_threshold_value_set) refers to at32f415_adc.o(.text.adc_voltage_monitor_threshold_value_set) for [Anonymous Symbol]
    at32f415_adc.o(.ARM.exidx.text.adc_voltage_monitor_single_channel_select) refers to at32f415_adc.o(.text.adc_voltage_monitor_single_channel_select) for [Anonymous Symbol]
[...]
    Removing at32f415_tmr.o(.text.tmr_counter_value_set), (16 bytes).
    Removing at32f415_tmr.o(.ARM.exidx.text.tmr_counter_value_set), (8 bytes).
    Removing at32f415_tmr.o(.text.tmr_counter_value_get), (12 bytes).
    Removing at32f415_tmr.o(.ARM.exidx.text.tmr_counter_value_get), (8 bytes).
    Removing at32f415_tmr.o(.text.tmr_div_value_set), (16 bytes).
    Removing at32f415_tmr.o(.ARM.exidx.text.tmr_div_value_set), (8 bytes).
    Removing at32f415_tmr.o(.text.tmr_div_value_get), (12 bytes).
    Removing at32f415_tmr.o(.ARM.exidx.text.tmr_div_value_get), (8 bytes).
    Removing at32f415_tmr.o(.text.tmr_output_channel_config), (492 bytes).
    Removing at32f415_tmr.o(.ARM.exidx.text.tmr_output_channel_config), (8 bytes).
    Removing at32f415_tmr.o(.text.tmr_output_channel_mode_select), (148 bytes).
    Removing at32f415_tmr.o(.ARM.exidx.text.tmr_output_channel_mode_select), (8 bytes).
    Removing at32f415_tmr.o(.text.tmr_period_value_set), (16 bytes).
    Removing at32f415_tmr.o(.ARM.exidx.text.tmr_period_value_set), (8 bytes).
    Removing at32f415_tmr.o(.text.tmr_period_value_get), (12 bytes).
    Removing at32f415_tmr.o(.ARM.exidx.text.tmr_period_value_get), (8 bytes).
    Removing at32f415_tmr.o(.text.tmr_channel_value_set), (82 bytes).
    Removing at32f415_tmr.o(.ARM.exidx.text.tmr_channel_value_set), (8 bytes).
    Removing at32f415_tmr.o(.text.tmr_channel_value_get), (86 bytes).
    Removing at32f415_tmr.o(.ARM.exidx.text.tmr_channel_value_get), (8 bytes).
    Removing at32f415_tmr.o(.text.tmr_period_buffer_enable), (34 bytes).
    Removing at32f415_tmr.o(.ARM.exidx.text.tmr_period_buffer_enable), (8 bytes).
    Removing at32f415_tmr.o(.text.tmr_output_channel_buffer_enable), (148 bytes).
    Removing at32f415_tmr.o(.ARM.exidx.text.tmr_output_channel_buffer_enable), (8 bytes).
    Removing at32f415_tmr.o(.text.tmr_output_channel_immediately_set), (148 bytes).
    Removing at32f415_tmr.o(.ARM.exidx.text.tmr_output_channel_immediately_set), (8 bytes).
    Removing at32f415_tmr.o(.text.tmr_output_channel_switch_select), (34 bytes).
    Removing at32f415_tmr.o(.ARM.exidx.text.tmr_output_channel_switch_select), (8 bytes).
    Removing at32f415_tmr.o(.text.tmr_output_channel_switch_set), (148 bytes).
    Removing at32f415_tmr.o(.ARM.exidx.text.tmr_output_channel_switch_set), (8 bytes).
    Removing at32f415_tmr.o(.text.tmr_one_cycle_mode_enable), (34 bytes).
    Removing at32f415_tmr.o(.ARM.exidx.text.tmr_one_cycle_mode_enable), (8 bytes).
    Removing at32f415_tmr.o(.text.tmr_32_bit_function_enable), (62 bytes).
    Removing at32f415_tmr.o(.ARM.exidx.text.tmr_32_bit_function_enable), (8 bytes).
    Removing at32f415_tmr.o(.text.tmr_overflow_request_source_set), (34 bytes).
    Removing at32f415_tmr.o(.ARM.exidx.text.tmr_overflow_request_source_set), (8 bytes).
    Removing at32f415_tmr.o(.text.tmr_overflow_event_disable), (34 bytes).
    Removing at32f415_tmr.o(.ARM.exidx.text.tmr_overflow_event_disable), (8 bytes).
    Removing at32f415_tmr.o(.text.tmr_input_channel_init), (554 bytes).
    Removing at32f415_tmr.o(.ARM.exidx.text.tmr_input_channel_init), (8 bytes).
    Removing at32f415_tmr.o(.text.tmr_channel_enable), (212 bytes).
    Removing at32f415_tmr.o(.ARM.exidx.text.tmr_channel_enable), (8 bytes).
    Removing at32f415_tmr.o(.text.tmr_input_channel_filter_set), (148 bytes).
    Removing at32f415_tmr.o(.ARM.exidx.text.tmr_input_channel_filter_set), (8 bytes).
    Removing at32f415_tmr.o(.text.tmr_pwm_input_config), (546 bytes).
    Removing at32f415_tmr.o(.ARM.exidx.text.tmr_pwm_input_config), (8 bytes).
    Removing at32f415_tmr.o(.text.tmr_channel1_input_select), (34 bytes).
    Removing at32f415_tmr.o(.ARM.exidx.text.tmr_channel1_input_select), (8 bytes).
    Removing at32f415_tmr.o(.text.tmr_input_channel_divider_set), (148 bytes).
    Removing at32f415_tmr.o(.ARM.exidx.text.tmr_input_channel_divider_set), (8 bytes).
    Removing at32f415_tmr.o(.text.tmr_primary_mode_select), (34 bytes).
    Removing at32f415_tmr.o(.ARM.exidx.text.tmr_primary_mode_select), (8 bytes).
    Removing at32f415_tmr.o(.text.tmr_sub_mode_select), (26 bytes).
    Removing at32f415_tmr.o(.ARM.exidx.text.tmr_sub_mode_select), (8 bytes).
    Removing at32f415_tmr.o(.text.tmr_channel_dma_select), (34 bytes).
    Removing at32f415_tmr.o(.ARM.exidx.text.tmr_channel_dma_select), (8 bytes).
    Removing at32f415_tmr.o(.text.tmr_hall_select), (34 bytes).
    Removing at32f415_tmr.o(.ARM.exidx.text.tmr_hall_select), (8 bytes).
    Removing at32f415_tmr.o(.text.tmr_channel_buffer_enable), (26 bytes).
    Removing at32f415_tmr.o(.ARM.exidx.text.tmr_channel_buffer_enable), (8 bytes).
    Removing at32f415_tmr.o(.text.tmr_trigger_input_select), (34 bytes).
    Removing at32f415_tmr.o(.ARM.exidx.text.tmr_trigger_input_select), (8 bytes).
    Removing at32f415_tmr.o(.text.tmr_sub_sync_mode_set), (34 bytes).
    Removing at32f415_tmr.o(.ARM.exidx.text.tmr_sub_sync_mode_set), (8 bytes).
    Removing at32f415_tmr.o(.text.tmr_dma_request_enable), (64 bytes).
    Removing at32f415_tmr.o(.ARM.exidx.text.tmr_dma_request_enable), (8 bytes).
    Removing at32f415_tmr.o(.text.tmr_interrupt_enable), (58 bytes).
    Removing at32f415_tmr.o(.ARM.exidx.text.tmr_interrupt_enable), (8 bytes).
    Removing at32f415_tmr.o(.ARM.exidx.text.tmr_flag_get), (8 bytes).
    Removing at32f415_tmr.o(.ARM.exidx.text.tmr_flag_clear), (8 bytes).
    Removing at32f415_tmr.o(.text.tmr_event_sw_trigger), (24 bytes).
    Removing at32f415_tmr.o(.ARM.exidx.text.tmr_event_sw_trigger), (8 bytes).
    Removing at32f415_tmr.o(.text.tmr_output_enable), (34 bytes).
    Removing at32f415_tmr.o(.ARM.exidx.text.tmr_output_enable), (8 bytes).
    Removing at32f415_tmr.o(.text.tmr_internal_clock_set), (18 bytes).
    Removing at32f415_tmr.o(.ARM.exidx.text.tmr_internal_clock_set), (8 bytes).
    Removing at32f415_tmr.o(.text.tmr_output_channel_polarity_set), (220 bytes).
    Removing at32f415_tmr.o(.ARM.exidx.text.tmr_output_channel_polarity_set), (8 bytes).
    Removing at32f415_tmr.o(.text.tmr_external_clock_config), (86 bytes).
    Removing at32f415_tmr.o(.ARM.exidx.text.tmr_external_clock_config), (8 bytes).
    Removing at32f415_tmr.o(.text.tmr_external_clock_mode1_config), (60 bytes).
    Removing at32f415_tmr.o(.ARM.exidx.text.tmr_external_clock_mode1_config), (8 bytes).
    Removing at32f415_tmr.o(.text.tmr_external_clock_mode2_config), (50 bytes).
    Removing at32f415_tmr.o(.ARM.exidx.text.tmr_external_clock_mode2_config), (8 bytes).
    Removing at32f415_tmr.o(.text.tmr_encoder_mode_config), (136 bytes).
    Removing at32f415_tmr.o(.ARM.exidx.text.tmr_encoder_mode_config), (8 bytes).
    Removing at32f415_tmr.o(.text.tmr_force_output_set), (148 bytes).
    Removing at32f415_tmr.o(.ARM.exidx.text.tmr_force_output_set), (8 bytes).
    Removing at32f415_tmr.o(.text.tmr_dma_control_config), (52 bytes).
    Removing at32f415_tmr.o(.ARM.exidx.text.tmr_dma_control_config), (8 bytes).
    Removing at32f415_tmr.o(.text.tmr_brkdt_config), (158 bytes).
    Removing at32f415_tmr.o(.ARM.exidx.text.tmr_brkdt_config), (8 bytes).
    Removing at32f415_usart.o(.text), (0 bytes).
    Removing at32f415_usart.o(.text.usart_reset), (92 bytes).
    Removing at32f415_usart.o(.ARM.exidx.text.usart_reset), (8 bytes).
    Removing at32f415_usart.o(.text.usart_init), (206 bytes).
    Removing at32f415_usart.o(.ARM.exidx.text.usart_init), (8 bytes).
    Removing at32f415_usart.o(.text.usart_parity_selection_config), (110 bytes).
    Removing at32f415_usart.o(.ARM.exidx.text.usart_parity_selection_config), (8 bytes).
    Removing at32f415_usart.o(.text.usart_enable), (34 bytes).
    Removing at32f415_usart.o(.ARM.exidx.text.usart_enable), (8 bytes).
    Removing at32f415_usart.o(.text.usart_transmitter_enable), (34 bytes).
    Removing at32f415_usart.o(.ARM.exidx.text.usart_transmitter_enable), (8 bytes).
    Removing at32f415_usart.o(.text.usart_receiver_enable), (34 bytes).
    Removing at32f415_usart.o(.ARM.exidx.text.usart_receiver_enable), (8 bytes).
    Removing at32f415_usart.o(.text.usart_clock_config), (86 bytes).
    Removing at32f415_usart.o(.ARM.exidx.text.usart_clock_config), (8 bytes).
    Removing at32f415_usart.o(.text.usart_clock_enable), (34 bytes).
    Removing at32f415_usart.o(.ARM.exidx.text.usart_clock_enable), (8 bytes).
    Removing at32f415_usart.o(.text.usart_interrupt_enable), (72 bytes).
    Removing at32f415_usart.o(.ARM.exidx.text.usart_interrupt_enable), (8 bytes).
    Removing at32f415_usart.o(.text.usart_dma_transmitter_enable), (34 bytes).
    Removing at32f415_usart.o(.ARM.exidx.text.usart_dma_transmitter_enable), (8 bytes).
    Removing at32f415_usart.o(.text.usart_dma_receiver_enable), (34 bytes).
    Removing at32f415_usart.o(.ARM.exidx.text.usart_dma_receiver_enable), (8 bytes).
    Removing at32f415_usart.o(.text.usart_wakeup_id_set), (26 bytes).
    Removing at32f415_usart.o(.ARM.exidx.text.usart_wakeup_id_set), (8 bytes).
    Removing at32f415_usart.o(.text.usart_wakeup_mode_set), (34 bytes).
    Removing at32f415_usart.o(.ARM.exidx.text.usart_wakeup_mode_set), (8 bytes).
    Removing at32f415_usart.o(.text.usart_receiver_mute_enable), (34 bytes).
    Removing at32f415_usart.o(.ARM.exidx.text.usart_receiver_mute_enable), (8 bytes).
    Removing at32f415_usart.o(.text.usart_break_bit_num_set), (34 bytes).
    Removing at32f415_usart.o(.ARM.exidx.text.usart_break_bit_num_set), (8 bytes).
    Removing at32f415_usart.o(.text.usart_lin_mode_enable), (34 bytes).
    Removing at32f415_usart.o(.ARM.exidx.text.usart_lin_mode_enable), (8 bytes).
    Removing at32f415_usart.o(.text.usart_data_transmit), (24 bytes).
    Removing at32f415_usart.o(.ARM.exidx.text.usart_data_transmit), (8 bytes).
    Removing at32f415_usart.o(.text.usart_data_receive), (14 bytes).
    Removing at32f415_usart.o(.ARM.exidx.text.usart_data_receive), (8 bytes).
    Removing at32f415_usart.o(.text.usart_break_send), (18 bytes).
    Removing at32f415_usart.o(.ARM.exidx.text.usart_break_send), (8 bytes).
    Removing at32f415_usart.o(.text.usart_smartcard_guard_time_set), (30 bytes).
    Removing at32f415_usart.o(.ARM.exidx.text.usart_smartcard_guard_time_set), (8 bytes).
    Removing at32f415_usart.o(.text.usart_irda_smartcard_division_set), (28 bytes).
    Removing at32f415_usart.o(.ARM.exidx.text.usart_irda_smartcard_division_set), (8 bytes).
    Removing at32f415_usart.o(.text.usart_smartcard_mode_enable), (34 bytes).
    Removing at32f415_usart.o(.ARM.exidx.text.usart_smartcard_mode_enable), (8 bytes).
    Removing at32f415_usart.o(.text.usart_smartcard_nack_set), (34 bytes).
    Removing at32f415_usart.o(.ARM.exidx.text.usart_smartcard_nack_set), (8 bytes).
    Removing at32f415_usart.o(.text.usart_single_line_halfduplex_select), (34 bytes).
    Removing at32f415_usart.o(.ARM.exidx.text.usart_single_line_halfduplex_select), (8 bytes).
    Removing at32f415_usart.o(.text.usart_irda_mode_enable), (34 bytes).
    Removing at32f415_usart.o(.ARM.exidx.text.usart_irda_mode_enable), (8 bytes).
    Removing at32f415_usart.o(.text.usart_irda_low_power_enable), (34 bytes).
    Removing at32f415_usart.o(.ARM.exidx.text.usart_irda_low_power_enable), (8 bytes).
    Removing at32f415_usart.o(.text.usart_hardware_flow_control_set), (144 bytes).
    Removing at32f415_usart.o(.ARM.exidx.text.usart_hardware_flow_control_set), (8 bytes).
    Removing at32f415_usart.o(.text.usart_flag_get), (42 bytes).
    Removing at32f415_usart.o(.ARM.exidx.text.usart_flag_get), (8 bytes).
    Removing at32f415_usart.o(.text.usart_flag_clear), (40 bytes).
    Removing at32f415_usart.o(.ARM.exidx.text.usart_flag_clear), (8 bytes).
    Removing at32f415_usb.o(.text), (0 bytes).
    Removing at32f415_usb.o(.text.usb_global_reset), (104 bytes).
    Removing at32f415_usb.o(.ARM.exidx.text.usb_global_reset), (8 bytes).
    Removing at32f415_usb.o(.text.usb_global_init), (46 bytes).
    Removing at32f415_usb.o(.ARM.exidx.text.usb_global_init), (8 bytes).
    Removing at32f415_usb.o(.text.usb_global_select_core), (14 bytes).
    Removing at32f415_usb.o(.ARM.exidx.text.usb_global_select_core), (8 bytes).
    Removing at32f415_usb.o(.text.usb_flush_tx_fifo), (82 bytes).
    Removing at32f415_usb.o(.ARM.exidx.text.usb_flush_tx_fifo), (8 bytes).
    Removing at32f415_usb.o(.text.usb_flush_rx_fifo), (60 bytes).
    Removing at32f415_usb.o(.ARM.exidx.text.usb_flush_rx_fifo), (8 bytes).
    Removing at32f415_usb.o(.text.usb_global_interrupt_enable), (54 bytes).
    Removing at32f415_usb.o(.ARM.exidx.text.usb_global_interrupt_enable), (8 bytes).
    Removing at32f415_usb.o(.text.usb_global_get_all_interrupt), (22 bytes).
    Removing at32f415_usb.o(.ARM.exidx.text.usb_global_get_all_interrupt), (8 bytes).
    Removing at32f415_usb.o(.text.usb_global_clear_interrupt), (16 bytes).
    Removing at32f415_usb.o(.ARM.exidx.text.usb_global_clear_interrupt), (8 bytes).
    Removing at32f415_usb.o(.text.usb_interrupt_enable), (18 bytes).
    Removing at32f415_usb.o(.ARM.exidx.text.usb_interrupt_enable), (8 bytes).
    Removing at32f415_usb.o(.text.usb_interrupt_disable), (18 bytes).
    Removing at32f415_usb.o(.ARM.exidx.text.usb_interrupt_disable), (8 bytes).
    Removing at32f415_usb.o(.text.usb_set_rx_fifo), (20 bytes).
    Removing at32f415_usb.o(.ARM.exidx.text.usb_set_rx_fifo), (8 bytes).
    Removing at32f415_usb.o(.text.usb_set_tx_fifo), (152 bytes).
    Removing at32f415_usb.o(.ARM.exidx.text.usb_set_tx_fifo), (8 bytes).
    Removing at32f415_usb.o(.text.usb_global_set_mode), (98 bytes).
    Removing at32f415_usb.o(.ARM.exidx.text.usb_global_set_mode), (8 bytes).
    Removing at32f415_usb.o(.text.usb_global_power_on), (42 bytes).
    Removing at32f415_usb.o(.ARM.exidx.text.usb_global_power_on), (8 bytes).
    Removing at32f415_usb.o(.text.usb_stop_phy_clk), (22 bytes).
    Removing at32f415_usb.o(.ARM.exidx.text.usb_stop_phy_clk), (8 bytes).
    Removing at32f415_usb.o(.text.usb_open_phy_clk), (22 bytes).
    Removing at32f415_usb.o(.ARM.exidx.text.usb_open_phy_clk), (8 bytes).
    Removing at32f415_usb.o(.text.usb_write_packet), (84 bytes).
    Removing at32f415_usb.o(.ARM.exidx.text.usb_write_packet), (8 bytes).
    Removing at32f415_usb.o(.text.usb_read_packet), (76 bytes).
    Removing at32f415_usb.o(.ARM.exidx.text.usb_read_packet), (8 bytes).
    Removing at32f415_usb.o(.text.usb_ept_open), (478 bytes).
    Removing at32f415_usb.o(.ARM.exidx.text.usb_ept_open), (8 bytes).
    Removing at32f415_usb.o(.text.usb_ept_close), (112 bytes).
    Removing at32f415_usb.o(.ARM.exidx.text.usb_ept_close), (8 bytes).
    Removing at32f415_usb.o(.text.usb_ept_stall), (162 bytes).
    Removing at32f415_usb.o(.ARM.exidx.text.usb_ept_stall), (8 bytes).
    Removing at32f415_usb.o(.text.usb_ept_clear_stall), (154 bytes).
    Removing at32f415_usb.o(.ARM.exidx.text.usb_ept_clear_stall), (8 bytes).
    Removing at32f415_usb.o(.text.usb_get_all_out_interrupt), (28 bytes).
    Removing at32f415_usb.o(.ARM.exidx.text.usb_get_all_out_interrupt), (8 bytes).
    Removing at32f415_usb.o(.text.usb_get_all_in_interrupt), (28 bytes).
    Removing at32f415_usb.o(.ARM.exidx.text.usb_get_all_in_interrupt), (8 bytes).
    Removing at32f415_usb.o(.text.usb_ept_out_interrupt), (34 bytes).
    Removing at32f415_usb.o(.ARM.exidx.text.usb_ept_out_interrupt), (8 bytes).
    Removing at32f415_usb.o(.text.usb_ept_in_interrupt), (64 bytes).
    Removing at32f415_usb.o(.ARM.exidx.text.usb_ept_in_interrupt), (8 bytes).
    Removing at32f415_usb.o(.text.usb_ept_out_clear), (26 bytes).
    Removing at32f415_usb.o(.ARM.exidx.text.usb_ept_out_clear), (8 bytes).
    Removing at32f415_usb.o(.text.usb_ept_in_clear), (26 bytes).
    Removing at32f415_usb.o(.ARM.exidx.text.usb_ept_in_clear), (8 bytes).
    Removing at32f415_usb.o(.text.usb_set_address), (38 bytes).
    Removing at32f415_usb.o(.ARM.exidx.text.usb_set_address), (8 bytes).
    Removing at32f415_usb.o(.text.usb_ept0_start), (56 bytes).
    Removing at32f415_usb.o(.ARM.exidx.text.usb_ept0_start), (8 bytes).
    Removing at32f415_usb.o(.text.usb_ept0_setup), (38 bytes).
    Removing at32f415_usb.o(.ARM.exidx.text.usb_ept0_setup), (8 bytes).
    Removing at32f415_usb.o(.text.usb_connect), (22 bytes).
    Removing at32f415_usb.o(.ARM.exidx.text.usb_connect), (8 bytes).
    Removing at32f415_usb.o(.text.usb_disconnect), (22 bytes).
    Removing at32f415_usb.o(.ARM.exidx.text.usb_disconnect), (8 bytes).
    Removing at32f415_usb.o(.text.usb_remote_wkup_set), (22 bytes).
    Removing at32f415_usb.o(.ARM.exidx.text.usb_remote_wkup_set), (8 bytes).
    Removing at32f415_usb.o(.text.usb_remote_wkup_clear), (22 bytes).
    Removing at32f415_usb.o(.ARM.exidx.text.usb_remote_wkup_clear), (8 bytes).
    Removing at32f415_usb.o(.text.usb_suspend_status_get), (18 bytes).
    Removing at32f415_usb.o(.ARM.exidx.text.usb_suspend_status_get), (8 bytes).
    Removing at32f415_usb.o(.text.usb_port_power_on), (68 bytes).
    Removing at32f415_usb.o(.ARM.exidx.text.usb_port_power_on), (8 bytes).
    Removing at32f415_usb.o(.text.usbh_get_frame), (22 bytes).
    Removing at32f415_usb.o(.ARM.exidx.text.usbh_get_frame), (8 bytes).
    Removing at32f415_usb.o(.text.usb_hc_enable), (332 bytes).
    Removing at32f415_usb.o(.ARM.exidx.text.usb_hc_enable), (8 bytes).
    Removing at32f415_usb.o(.text.usb_hch_read_interrupt), (22 bytes).
    Removing at32f415_usb.o(.ARM.exidx.text.usb_hch_read_interrupt), (8 bytes).
    Removing at32f415_usb.o(.text.usb_host_disable), (242 bytes).
    Removing at32f415_usb.o(.ARM.exidx.text.usb_host_disable), (8 bytes).
    Removing at32f415_usb.o(.text.usb_hch_halt), (250 bytes).
    Removing at32f415_usb.o(.ARM.exidx.text.usb_hch_halt), (8 bytes).
    Removing at32f415_usb.o(.text.usbh_fsls_clksel), (64 bytes).
    Removing at32f415_usb.o(.ARM.exidx.text.usbh_fsls_clksel), (8 bytes).
    Removing at32f415_wdt.o(.text), (0 bytes).
    Removing at32f415_wdt.o(.text.wdt_enable), (16 bytes).
    Removing at32f415_wdt.o(.ARM.exidx.text.wdt_enable), (8 bytes).
    Removing at32f415_wdt.o(.text.wdt_counter_reload), (16 bytes).
    Removing at32f415_wdt.o(.ARM.exidx.text.wdt_counter_reload), (8 bytes).
    Removing at32f415_wdt.o(.text.wdt_reload_value_set), (24 bytes).
    Removing at32f415_wdt.o(.ARM.exidx.text.wdt_reload_value_set), (8 bytes).
    Removing at32f415_wdt.o(.text.wdt_divider_set), (30 bytes).
    Removing at32f415_wdt.o(.ARM.exidx.text.wdt_divider_set), (8 bytes).
    Removing at32f415_wdt.o(.text.wdt_register_write_enable), (48 bytes).
    Removing at32f415_wdt.o(.ARM.exidx.text.wdt_register_write_enable), (8 bytes).
    Removing at32f415_wdt.o(.text.wdt_flag_get), (56 bytes).
    Removing at32f415_wdt.o(.ARM.exidx.text.wdt_flag_get), (8 bytes).
    Removing at32f415_wwdt.o(.text), (0 bytes).
    Removing at32f415_wwdt.o(.text.wwdt_reset), (30 bytes).
    Removing at32f415_wwdt.o(.ARM.exidx.text.wwdt_reset), (8 bytes).
    Removing at32f415_wwdt.o(.text.wwdt_divider_set), (38 bytes).
    Removing at32f415_wwdt.o(.ARM.exidx.text.wwdt_divider_set), (8 bytes).
    Removing at32f415_wwdt.o(.text.wwdt_flag_clear), (14 bytes).
    Removing at32f415_wwdt.o(.ARM.exidx.text.wwdt_flag_clear), (8 bytes).
    Removing at32f415_wwdt.o(.text.wwdt_enable), (28 bytes).
    Removing at32f415_wwdt.o(.ARM.exidx.text.wwdt_enable), (8 bytes).
    Removing at32f415_wwdt.o(.text.wwdt_interrupt_enable), (18 bytes).
    Removing at32f415_wwdt.o(.ARM.exidx.text.wwdt_interrupt_enable), (8 bytes).
    Removing at32f415_wwdt.o(.text.wwdt_flag_get), (16 bytes).
    Removing at32f415_wwdt.o(.ARM.exidx.text.wwdt_flag_get), (8 bytes).
    Removing at32f415_wwdt.o(.text.wwdt_counter_set), (30 bytes).
    Removing at32f415_wwdt.o(.ARM.exidx.text.wwdt_counter_set), (8 bytes).
    Removing at32f415_wwdt.o(.text.wwdt_window_counter_set), (30 bytes).
    Removing at32f415_wwdt.o(.ARM.exidx.text.wwdt_window_counter_set), (8 bytes).
    Removing at32f415_clock.o(.text), (0 bytes).
    Removing at32f415_clock.o(.ARM.exidx.text.system_clock_config), (8 bytes).
    Removing main.o(.text), (0 bytes).
    Removing main.o(.ARM.exidx.text.main), (8 bytes).
    Removing main.o(.ARM.exidx.text.System_Init), (8 bytes).
    Removing main.o(.ARM.use_no_argv), (4 bytes).
    Removing at32f415_int.o(.text), (0 bytes).
    Removing at32f415_int.o(.ARM.exidx.text.NMI_Handler), (8 bytes).
    Removing at32f415_int.o(.ARM.exidx.text.HardFault_Handler), (8 bytes).
    Removing at32f415_int.o(.ARM.exidx.text.MemManage_Handler), (8 bytes).
    Removing at32f415_int.o(.ARM.exidx.text.BusFault_Handler), (8 bytes).
    Removing at32f415_int.o(.ARM.exidx.text.UsageFault_Handler), (8 bytes).
    Removing at32f415_int.o(.ARM.exidx.text.SVC_Handler), (8 bytes).
    Removing at32f415_int.o(.ARM.exidx.text.DebugMon_Handler), (8 bytes).
    Removing at32f415_int.o(.ARM.exidx.text.PendSV_Handler), (8 bytes).
    Removing at32f415_int.o(.ARM.exidx.text.SysTick_Handler), (8 bytes).
    Removing at32f415_int.o(.ARM.exidx.text.TMR1_OVF_TMR10_IRQHandler), (8 bytes).
    Removing at32f415_int.o(.ARM.exidx.text.EXINT9_5_IRQHandler), (8 bytes).
    Removing gpio.o(.text), (0 bytes).
    Removing gpio.o(.text.Gpio_Init), (236 bytes).
    Removing gpio.o(.ARM.exidx.text.Gpio_Init), (8 bytes).
    Removing gpio.o(.text.Gpio_Exit_Init), (134 bytes).
    Removing gpio.o(.ARM.exidx.text.Gpio_Exit_Init), (8 bytes).
    Removing gpio.o(.ARM.exidx.text.Gpio_Exit_Flag_Get), (8 bytes).
    Removing gpio.o(.ARM.exidx.text.Gpio_Exit_Flag_Set), (8 bytes).
    Removing timer.o(.text), (0 bytes).
    Removing timer.o(.text.System_Timer_Init), (80 bytes).
    Removing timer.o(.ARM.exidx.text.System_Timer_Init), (8 bytes).
    Removing timer.o(.ARM.exidx.text.System_Timer_Flag_Set), (8 bytes).
    Removing timer.o(.ARM.exidx.text.System_Timer_Flag_Get), (8 bytes).
    Removing timer.o(.text.Pwm_Timer_Init), (194 bytes).
    Removing timer.o(.ARM.exidx.text.Pwm_Timer_Init), (8 bytes).
    Removing i2c_sw.o(.text), (0 bytes).
    Removing i2c_sw.o(.ARM.exidx.text.SW_I2C_initial), (8 bytes).
    Removing i2c_sw.o(.text.GPIO_SetBits), (24 bytes).
    Removing i2c_sw.o(.ARM.exidx.text.GPIO_SetBits), (8 bytes).
    Removing i2c_sw.o(.text.GPIO_ResetBits), (24 bytes).
    Removing i2c_sw.o(.ARM.exidx.text.GPIO_ResetBits), (8 bytes).
    Removing i2c_sw.o(.text.GPIO_ReadInputDataBit), (24 bytes).
    Removing i2c_sw.o(.ARM.exidx.text.GPIO_ReadInputDataBit), (8 bytes).
    Removing i2c_sw.o(.text.sda_in_mode), (54 bytes).
    Removing i2c_sw.o(.ARM.exidx.text.sda_in_mode), (8 bytes).
    Removing i2c_sw.o(.text.sda_out_mode), (70 bytes).
    Removing i2c_sw.o(.ARM.exidx.text.sda_out_mode), (8 bytes).
    Removing i2c_sw.o(.text.scl_in_mode), (54 bytes).
    Removing i2c_sw.o(.ARM.exidx.text.scl_in_mode), (8 bytes).
    Removing i2c_sw.o(.text.scl_out_mode), (70 bytes).
    Removing i2c_sw.o(.ARM.exidx.text.scl_out_mode), (8 bytes).
    Removing i2c_sw.o(.text.TIMER__Wait_us), (26 bytes).
    Removing i2c_sw.o(.ARM.exidx.text.TIMER__Wait_us), (8 bytes).
    Removing i2c_sw.o(.text.sda_high), (38 bytes).
    Removing i2c_sw.o(.ARM.exidx.text.sda_high), (8 bytes).
    Removing i2c_sw.o(.text.sda_low), (38 bytes).
    Removing i2c_sw.o(.ARM.exidx.text.sda_low), (8 bytes).
    Removing i2c_sw.o(.text.scl_high), (38 bytes).
    Removing i2c_sw.o(.ARM.exidx.text.scl_high), (8 bytes).
    Removing i2c_sw.o(.text.scl_low), (38 bytes).
    Removing i2c_sw.o(.ARM.exidx.text.scl_low), (8 bytes).
    Removing i2c_sw.o(.text.sda_out), (44 bytes).
    Removing i2c_sw.o(.ARM.exidx.text.sda_out), (8 bytes).
    Removing i2c_sw.o(.text.i2c_clk_data_out), (34 bytes).
    Removing i2c_sw.o(.ARM.exidx.text.i2c_clk_data_out), (8 bytes).
    Removing i2c_sw.o(.text.i2c_port_initial), (28 bytes).
    Removing i2c_sw.o(.ARM.exidx.text.i2c_port_initial), (8 bytes).
    Removing i2c_sw.o(.text.i2c_start_condition), (64 bytes).
    Removing i2c_sw.o(.ARM.exidx.text.i2c_start_condition), (8 bytes).
    Removing i2c_sw.o(.text.i2c_stop_condition), (50 bytes).
    Removing i2c_sw.o(.ARM.exidx.text.i2c_stop_condition), (8 bytes).
    Removing i2c_sw.o(.text.i2c_check_ack), (120 bytes).
    Removing i2c_sw.o(.ARM.exidx.text.i2c_check_ack), (8 bytes).
    Removing i2c_sw.o(.text.SW_I2C_ReadVal_SDA), (54 bytes).
    Removing i2c_sw.o(.ARM.exidx.text.SW_I2C_ReadVal_SDA), (8 bytes).
    Removing i2c_sw.o(.text.i2c_check_not_ack), (42 bytes).
    Removing i2c_sw.o(.ARM.exidx.text.i2c_check_not_ack), (8 bytes).
    Removing i2c_sw.o(.text.i2c_check_not_ack_continue), (26 bytes).
    Removing i2c_sw.o(.ARM.exidx.text.i2c_check_not_ack_continue), (8 bytes).
    Removing i2c_sw.o(.text.i2c_slave_address), (122 bytes).
    Removing i2c_sw.o(.ARM.exidx.text.i2c_slave_address), (8 bytes).
    Removing i2c_sw.o(.text.i2c_register_address), (82 bytes).
    Removing i2c_sw.o(.ARM.exidx.text.i2c_register_address), (8 bytes).
    Removing i2c_sw.o(.text.i2c_send_ack), (88 bytes).
    Removing i2c_sw.o(.ARM.exidx.text.i2c_send_ack), (8 bytes).
    Removing i2c_sw.o(.text.SW_I2C_ReadVal_SCL), (54 bytes).
    Removing i2c_sw.o(.ARM.exidx.text.SW_I2C_ReadVal_SCL), (8 bytes).
    Removing i2c_sw.o(.text.SW_I2C_Write_Data), (82 bytes).
    Removing i2c_sw.o(.ARM.exidx.text.SW_I2C_Write_Data), (8 bytes).
    Removing i2c_sw.o(.text.SW_I2C_Read_Data), (122 bytes).
    Removing i2c_sw.o(.ARM.exidx.text.SW_I2C_Read_Data), (8 bytes).
    Removing i2c_sw.o(.text.SW_I2C_WriteControl_8Bit), (166 bytes).
    Removing i2c_sw.o(.ARM.exidx.text.SW_I2C_WriteControl_8Bit), (8 bytes).
    Removing i2c_sw.o(.text.SW_I2C_WriteControl_8Bit_OnlyRegAddr), (104 bytes).
    Removing i2c_sw.o(.ARM.exidx.text.SW_I2C_WriteControl_8Bit_OnlyRegAddr), (8 bytes).
    Removing i2c_sw.o(.text.SW_I2C_WriteControl_16Bit), (204 bytes).
    Removing i2c_sw.o(.ARM.exidx.text.SW_I2C_WriteControl_16Bit), (8 bytes).
    Removing i2c_sw.o(.text.SW_I2C_ReadControl_8Bit_OnlyRegAddr), (124 bytes).
    Removing i2c_sw.o(.ARM.exidx.text.SW_I2C_ReadControl_8Bit_OnlyRegAddr), (8 bytes).
    Removing i2c_sw.o(.text.SW_I2C_ReadControl_8Bit_OnlyData), (98 bytes).
    Removing i2c_sw.o(.ARM.exidx.text.SW_I2C_ReadControl_8Bit_OnlyData), (8 bytes).
    Removing i2c_sw.o(.text.SW_I2C_ReadControl_16Bit_OnlyData), (138 bytes).
    Removing i2c_sw.o(.ARM.exidx.text.SW_I2C_ReadControl_16Bit_OnlyData), (8 bytes).
    Removing i2c_sw.o(.text.SW_I2C_ReadControl_8Bit), (162 bytes).
    Removing i2c_sw.o(.ARM.exidx.text.SW_I2C_ReadControl_8Bit), (8 bytes).
    Removing i2c_sw.o(.text.SW_I2C_ReadControl_16Bit), (200 bytes).
    Removing i2c_sw.o(.ARM.exidx.text.SW_I2C_ReadControl_16Bit), (8 bytes).
    Removing i2c_sw.o(.text.SW_I2C_ReadnControl_8Bit), (268 bytes).
    Removing i2c_sw.o(.ARM.exidx.text.SW_I2C_ReadnControl_8Bit), (8 bytes).
    Removing i2c_sw.o(.text.SW_I2C_Multi_ReadnControl_8Bit), (278 bytes).
    Removing i2c_sw.o(.ARM.exidx.text.SW_I2C_Multi_ReadnControl_8Bit), (8 bytes).
    Removing i2c_sw.o(.text.SW_I2C_Check_SlaveAddr), (68 bytes).
    Removing i2c_sw.o(.ARM.exidx.text.SW_I2C_Check_SlaveAddr), (8 bytes).
    Removing i2c_sw.o(.text.SW_I2C_UTIL_WRITE), (48 bytes).
    Removing i2c_sw.o(.ARM.exidx.text.SW_I2C_UTIL_WRITE), (8 bytes).
    Removing i2c_sw.o(.text.SW_I2C_UTIL_Read), (40 bytes).
    Removing i2c_sw.o(.ARM.exidx.text.SW_I2C_UTIL_Read), (8 bytes).
    Removing i2c_sw.o(.text.SW_I2C_UTIL_Read_Multi), (62 bytes).
    Removing i2c_sw.o(.ARM.exidx.text.SW_I2C_UTIL_Read_Multi), (8 bytes).
    Removing segger_rtt.o(.text), (0 bytes).
    Removing segger_rtt.o(.text.SEGGER_RTT_ReadUpBufferNoLock), (312 bytes).
    Removing segger_rtt.o(.ARM.exidx.text.SEGGER_RTT_ReadUpBufferNoLock), (8 bytes).
    Removing segger_rtt.o(.text._DoInit), (164 bytes).
    Removing segger_rtt.o(.ARM.exidx.text._DoInit), (8 bytes).
    Removing segger_rtt.o(.text.SEGGER_RTT_ReadNoLock), (312 bytes).
    Removing segger_rtt.o(.ARM.exidx.text.SEGGER_RTT_ReadNoLock), (8 bytes).
    Removing segger_rtt.o(.text.SEGGER_RTT_ReadUpBuffer), (48 bytes).
    Removing segger_rtt.o(.ARM.exidx.text.SEGGER_RTT_ReadUpBuffer), (8 bytes).
    Removing segger_rtt.o(.text.SEGGER_RTT_Read), (48 bytes).
    Removing segger_rtt.o(.ARM.exidx.text.SEGGER_RTT_Read), (8 bytes).
    Removing segger_rtt.o(.text.SEGGER_RTT_WriteWithOverwriteNoLock), (290 bytes).
    Removing segger_rtt.o(.ARM.exidx.text.SEGGER_RTT_WriteWithOverwriteNoLock), (8 bytes).
    Removing segger_rtt.o(.text.SEGGER_RTT_WriteDownBufferNoLock), (176 bytes).
    Removing segger_rtt.o(.ARM.exidx.text.SEGGER_RTT_WriteDownBufferNoLock), (8 bytes).
    Removing segger_rtt.o(.text._GetAvailWriteSpace), (62 bytes).
    Removing segger_rtt.o(.ARM.exidx.text._GetAvailWriteSpace), (8 bytes).
    Removing segger_rtt.o(.text._WriteNoCheck), (140 bytes).
    Removing segger_rtt.o(.ARM.exidx.text._WriteNoCheck), (8 bytes).
    Removing segger_rtt.o(.text._WriteBlocking), (228 bytes).
    Removing segger_rtt.o(.ARM.exidx.text._WriteBlocking), (8 bytes).
    Removing segger_rtt.o(.text.SEGGER_RTT_WriteNoLock), (176 bytes).
    Removing segger_rtt.o(.ARM.exidx.text.SEGGER_RTT_WriteNoLock), (8 bytes).
    Removing segger_rtt.o(.text.SEGGER_RTT_WriteDownBuffer), (76 bytes).
    Removing segger_rtt.o(.ARM.exidx.text.SEGGER_RTT_WriteDownBuffer), (8 bytes).
    Removing segger_rtt.o(.text.SEGGER_RTT_Write), (76 bytes).
    Removing segger_rtt.o(.ARM.exidx.text.SEGGER_RTT_Write), (8 bytes).
    Removing segger_rtt.o(.text.SEGGER_RTT_WriteString), (30 bytes).
    Removing segger_rtt.o(.ARM.exidx.text.SEGGER_RTT_WriteString), (8 bytes).
    Removing segger_rtt.o(.text.SEGGER_RTT_PutCharSkipNoLock), (114 bytes).
    Removing segger_rtt.o(.ARM.exidx.text.SEGGER_RTT_PutCharSkipNoLock), (8 bytes).
    Removing segger_rtt.o(.text.SEGGER_RTT_PutCharSkip), (164 bytes).
    Removing segger_rtt.o(.ARM.exidx.text.SEGGER_RTT_PutCharSkip), (8 bytes).
    Removing segger_rtt.o(.text.SEGGER_RTT_PutChar), (192 bytes).
    Removing segger_rtt.o(.ARM.exidx.text.SEGGER_RTT_PutChar), (8 bytes).
    Removing segger_rtt.o(.text.SEGGER_RTT_GetKey), (48 bytes).
    Removing segger_rtt.o(.ARM.exidx.text.SEGGER_RTT_GetKey), (8 bytes).
    Removing segger_rtt.o(.text.SEGGER_RTT_WaitKey), (28 bytes).
    Removing segger_rtt.o(.ARM.exidx.text.SEGGER_RTT_WaitKey), (8 bytes).
    Removing segger_rtt.o(.text.SEGGER_RTT_HasKey), (80 bytes).
    Removing segger_rtt.o(.ARM.exidx.text.SEGGER_RTT_HasKey), (8 bytes).
    Removing segger_rtt.o(.text.SEGGER_RTT_HasData), (44 bytes).
    Removing segger_rtt.o(.ARM.exidx.text.SEGGER_RTT_HasData), (8 bytes).
    Removing segger_rtt.o(.text.SEGGER_RTT_HasDataUp), (44 bytes).
    Removing segger_rtt.o(.ARM.exidx.text.SEGGER_RTT_HasDataUp), (8 bytes).
    Removing segger_rtt.o(.text.SEGGER_RTT_AllocDownBuffer), (242 bytes).
    Removing segger_rtt.o(.ARM.exidx.text.SEGGER_RTT_AllocDownBuffer), (8 bytes).
    Removing segger_rtt.o(.text.SEGGER_RTT_AllocUpBuffer), (242 bytes).
    Removing segger_rtt.o(.ARM.exidx.text.SEGGER_RTT_AllocUpBuffer), (8 bytes).
    Removing segger_rtt.o(.text.SEGGER_RTT_ConfigUpBuffer), (160 bytes).
    Removing segger_rtt.o(.ARM.exidx.text.SEGGER_RTT_ConfigUpBuffer), (8 bytes).
    Removing segger_rtt.o(.text.SEGGER_RTT_ConfigDownBuffer), (164 bytes).
    Removing segger_rtt.o(.ARM.exidx.text.SEGGER_RTT_ConfigDownBuffer), (8 bytes).
    Removing segger_rtt.o(.text.SEGGER_RTT_SetNameUpBuffer), (116 bytes).
    Removing segger_rtt.o(.ARM.exidx.text.SEGGER_RTT_SetNameUpBuffer), (8 bytes).
    Removing segger_rtt.o(.text.SEGGER_RTT_SetNameDownBuffer), (116 bytes).
    Removing segger_rtt.o(.ARM.exidx.text.SEGGER_RTT_SetNameDownBuffer), (8 bytes).
    Removing segger_rtt.o(.text.SEGGER_RTT_SetFlagsUpBuffer), (116 bytes).
    Removing segger_rtt.o(.ARM.exidx.text.SEGGER_RTT_SetFlagsUpBuffer), (8 bytes).
    Removing segger_rtt.o(.text.SEGGER_RTT_SetFlagsDownBuffer), (116 bytes).
    Removing segger_rtt.o(.ARM.exidx.text.SEGGER_RTT_SetFlagsDownBuffer), (8 bytes).
    Removing segger_rtt.o(.text.SEGGER_RTT_Init), (8 bytes).
    Removing segger_rtt.o(.ARM.exidx.text.SEGGER_RTT_Init), (8 bytes).
    Removing segger_rtt.o(.text.SEGGER_RTT_SetTerminal), (218 bytes).
    Removing segger_rtt.o(.ARM.exidx.text.SEGGER_RTT_SetTerminal), (8 bytes).
    Removing segger_rtt.o(.text.SEGGER_RTT_TerminalOut), (346 bytes).
    Removing segger_rtt.o(.ARM.exidx.text.SEGGER_RTT_TerminalOut), (8 bytes).
    Removing segger_rtt.o(.text._PostTerminalSwitch), (50 bytes).
    Removing segger_rtt.o(.ARM.exidx.text._PostTerminalSwitch), (8 bytes).
    Removing segger_rtt.o(.text.SEGGER_RTT_GetAvailWriteSpace), (38 bytes).
    Removing segger_rtt.o(.ARM.exidx.text.SEGGER_RTT_GetAvailWriteSpace), (8 bytes).
    Removing segger_rtt.o(.text.SEGGER_RTT_GetBytesInBuffer), (98 bytes).
    Removing segger_rtt.o(.ARM.exidx.text.SEGGER_RTT_GetBytesInBuffer), (8 bytes).
    Removing segger_rtt.o(.bss._SEGGER_RTT), (168 bytes).
    Removing segger_rtt.o(.data._aTerminalId), (16 bytes).
    Removing segger_rtt.o(.bss._ActiveTerminal), (1 bytes).
    Removing segger_rtt.o(.rodata._DoInit._aInitStr), (17 bytes).
    Removing segger_rtt.o(.rodata.str1.1), (9 bytes).
    Removing segger_rtt.o(.bss._acUpBuffer), (1024 bytes).
    Removing segger_rtt.o(.bss._acDownBuffer), (16 bytes).
    Removing segger_rtt_printf.o(.text), (0 bytes).
    Removing segger_rtt_printf.o(.text.SEGGER_RTT_vprintf), (828 bytes).
    Removing segger_rtt_printf.o(.ARM.exidx.text.SEGGER_RTT_vprintf), (8 bytes).
    Removing segger_rtt_printf.o(.text._StoreChar), (118 bytes).
    Removing segger_rtt_printf.o(.ARM.exidx.text._StoreChar), (8 bytes).
    Removing segger_rtt_printf.o(.text._PrintInt), (460 bytes).
    Removing segger_rtt_printf.o(.ARM.exidx.text._PrintInt), (8 bytes).
    Removing segger_rtt_printf.o(.text._PrintUnsigned), (428 bytes).
    Removing segger_rtt_printf.o(.ARM.exidx.text._PrintUnsigned), (8 bytes).
    Removing segger_rtt_printf.o(.text.SEGGER_RTT_printf), (42 bytes).
    Removing segger_rtt_printf.o(.ARM.exidx.text.SEGGER_RTT_printf), (8 bytes).
    Removing segger_rtt_printf.o(.rodata._PrintUnsigned._aV2C), (16 bytes).

1178 unused section(s) (total 52427 bytes) removed from the image.

==============================================================================

Image Symbol Table

    Local Symbols

    Symbol Name                              Value     Ov Type        Size  Object(Section)

    ../clib/angel/boardlib.s                 0x00000000   Number         0  boardinit1.o ABSOLUTE
    ../clib/angel/boardlib.s                 0x00000000   Number         0  boardinit2.o ABSOLUTE
    ../clib/angel/boardlib.s                 0x00000000   Number         0  boardinit3.o ABSOLUTE
    ../clib/angel/boardlib.s                 0x00000000   Number         0  boardshut.o ABSOLUTE
    ../clib/angel/handlers.s                 0x00000000   Number         0  __scatter_copy.o ABSOLUTE
    ../clib/angel/handlers.s                 0x00000000   Number         0  __scatter_zi.o ABSOLUTE
    ../clib/angel/kernel.s                   0x00000000   Number         0  __rtentry.o ABSOLUTE
    ../clib/angel/kernel.s                   0x00000000   Number         0  __rtentry2.o ABSOLUTE
    ../clib/angel/kernel.s                   0x00000000   Number         0  __rtentry4.o ABSOLUTE
    ../clib/angel/kernel.s                   0x00000000   Number         0  rtexit.o ABSOLUTE
    ../clib/angel/kernel.s                   0x00000000   Number         0  rtexit2.o ABSOLUTE
    ../clib/angel/rt.s                       0x00000000   Number         0  aeabi_ldiv0.o ABSOLUTE
    ../clib/angel/rt.s                       0x00000000   Number         0  aeabi_ldiv0_sigfpe.o ABSOLUTE
    ../clib/angel/rt.s                       0x00000000   Number         0  rt_div0.o ABSOLUTE
    ../clib/angel/rt.s                       0x00000000   Number         0  rt_raise.o ABSOLUTE
    ../clib/angel/scatter.s                  0x00000000   Number         0  __scatter.o ABSOLUTE
    ../clib/angel/startup.s                  0x00000000   Number         0  __main.o ABSOLUTE
    ../clib/angel/sys.s                      0x00000000   Number         0  sys_stackheap_outer.o ABSOLUTE
    ../clib/angel/sys.s                      0x00000000   Number         0  libspace.o ABSOLUTE
    ../clib/angel/sys.s                      0x00000000   Number         0  use_no_semi.o ABSOLUTE
    ../clib/angel/sys.s                      0x00000000   Number         0  indicate_semi.o ABSOLUTE
    ../clib/angel/sysapp.c                   0x00000000   Number         0  sys_exit.o ABSOLUTE
    ../clib/angel/sysapp.c                   0x00000000   Number         0  sys_exit_hlt.o ABSOLUTE
    ../clib/angel/sysapp.c                   0x00000000   Number         0  sys_wrch.o ABSOLUTE
    ../clib/angel/sysapp.c                   0x00000000   Number         0  sys_wrch_hlt.o ABSOLUTE
    ../clib/angel/sysapp.c                   0x00000000   Number         0  sys_command.o ABSOLUTE
    ../clib/angel/sysapp.c                   0x00000000   Number         0  sys_command_hlt.o ABSOLUTE
    ../clib/armsys.c                         0x00000000   Number         0  argv_veneer.o ABSOLUTE
    ../clib/armsys.c                         0x00000000   Number         0  argv_veneer.o ABSOLUTE
    ../clib/armsys.c                         0x00000000   Number         0  _get_argv_nomalloc.o ABSOLUTE
    ../clib/armsys.c                         0x00000000   Number         0  no_argv.o ABSOLUTE
    ../clib/heapalloc.c                      0x00000000   Number         0  hrguard.o ABSOLUTE
    ../clib/heapaux.c                        0x00000000   Number         0  heapauxi.o ABSOLUTE
    ../clib/libinit.s                        0x00000000   Number         0  libinit.o ABSOLUTE
    ../clib/libinit.s                        0x00000000   Number         0  libinit2.o ABSOLUTE
    ../clib/libinit.s                        0x00000000   Number         0  libshutdown.o ABSOLUTE
    ../clib/libinit.s                        0x00000000   Number         0  libshutdown2.o ABSOLUTE
    ../clib/longlong.s                       0x00000000   Number         0  lludivv7m.o ABSOLUTE
    ../clib/memcpset.s                       0x00000000   Number         0  rt_memcpy_v6.o ABSOLUTE
    ../clib/memcpset.s                       0x00000000   Number         0  rt_memclr_w.o ABSOLUTE
    ../clib/memcpset.s                       0x00000000   Number         0  rt_memcpy_w.o ABSOLUTE
    ../clib/signal.c                         0x00000000   Number         0  defsig_fpe_outer.o ABSOLUTE
    ../clib/signal.c                         0x00000000   Number         0  defsig_fpe_formal.o ABSOLUTE
    ../clib/signal.c                         0x00000000   Number         0  defsig_exit.o ABSOLUTE
    ../clib/signal.c                         0x00000000   Number         0  defsig_fpe_inner.o ABSOLUTE
    ../clib/signal.c                         0x00000000   Number         0  __raise.o ABSOLUTE
    ../clib/signal.c                         0x00000000   Number         0  defsig_general.o ABSOLUTE
    ../clib/signal.c                         0x00000000   Number         0  defsig_abrt_inner.o ABSOLUTE
    ../clib/signal.c                         0x00000000   Number         0  defsig_rtred_inner.o ABSOLUTE
    ../clib/signal.c                         0x00000000   Number         0  defsig_rtmem_inner.o ABSOLUTE
    ../clib/signal.c                         0x00000000   Number         0  defsig_rtmem_outer.o ABSOLUTE
    ../clib/signal.c                         0x00000000   Number         0  defsig_rtmem_formal.o ABSOLUTE
    ../clib/signal.c                         0x00000000   Number         0  defsig_stak_inner.o ABSOLUTE
    ../clib/signal.c                         0x00000000   Number         0  defsig_pvfn_inner.o ABSOLUTE
    ../clib/signal.c                         0x00000000   Number         0  defsig_cppl_inner.o ABSOLUTE
    ../clib/signal.c                         0x00000000   Number         0  defsig_segv_inner.o ABSOLUTE
    ../clib/signal.c                         0x00000000   Number         0  defsig_other.o ABSOLUTE
    ../clib/signal.s                         0x00000000   Number         0  defsig.o ABSOLUTE
    ../clib/stdlib.c                         0x00000000   Number         0  exit.o ABSOLUTE
    ../clib/string.c                         0x00000000   Number         0  strlen.o ABSOLUTE
    ../code/device/cmsis/src/startup_at32f415.s 0x00000000   Number         0  startup_at32f415.o ABSOLUTE
    ../fplib/fpinit.s                        0x00000000   Number         0  fpinit.o ABSOLUTE
    ../fplib/fpinit_empty.s                  0x00000000   Number         0  fpinit_empty.o ABSOLUTE
    SEGGER_RTT.c                             0x00000000   Number         0  segger_rtt.o ABSOLUTE
    SEGGER_RTT_printf.c                      0x00000000   Number         0  segger_rtt_printf.o ABSOLUTE
    at32f415_adc.c                           0x00000000   Number         0  at32f415_adc.o ABSOLUTE
    at32f415_can.c                           0x00000000   Number         0  at32f415_can.o ABSOLUTE
    at32f415_clock.c                         0x00000000   Number         0  at32f415_clock.o ABSOLUTE
    at32f415_cmp.c                           0x00000000   Number         0  at32f415_cmp.o ABSOLUTE
    at32f415_crc.c                           0x00000000   Number         0  at32f415_crc.o ABSOLUTE
    at32f415_crm.c                           0x00000000   Number         0  at32f415_crm.o ABSOLUTE
    at32f415_debug.c                         0x00000000   Number         0  at32f415_debug.o ABSOLUTE
    at32f415_dma.c                           0x00000000   Number         0  at32f415_dma.o ABSOLUTE
    at32f415_ertc.c                          0x00000000   Number         0  at32f415_ertc.o ABSOLUTE
    at32f415_exint.c                         0x00000000   Number         0  at32f415_exint.o ABSOLUTE
    at32f415_flash.c                         0x00000000   Number         0  at32f415_flash.o ABSOLUTE
    at32f415_gpio.c                          0x00000000   Number         0  at32f415_gpio.o ABSOLUTE
    at32f415_i2c.c                           0x00000000   Number         0  at32f415_i2c.o ABSOLUTE
    at32f415_int.c                           0x00000000   Number         0  at32f415_int.o ABSOLUTE
    at32f415_misc.c                          0x00000000   Number         0  at32f415_misc.o ABSOLUTE
    at32f415_pwc.c                           0x00000000   Number         0  at32f415_pwc.o ABSOLUTE
    at32f415_sdio.c                          0x00000000   Number         0  at32f415_sdio.o ABSOLUTE
    at32f415_spi.c                           0x00000000   Number         0  at32f415_spi.o ABSOLUTE
    at32f415_tmr.c                           0x00000000   Number         0  at32f415_tmr.o ABSOLUTE
    at32f415_usart.c                         0x00000000   Number         0  at32f415_usart.o ABSOLUTE
    at32f415_usb.c                           0x00000000   Number         0  at32f415_usb.o ABSOLUTE
    at32f415_wdt.c                           0x00000000   Number         0  at32f415_wdt.o ABSOLUTE
    at32f415_wwdt.c                          0x00000000   Number         0  at32f415_wwdt.o ABSOLUTE
    dc.s                                     0x00000000   Number         0  dc.o ABSOLUTE
    gpio.c                                   0x00000000   Number         0  gpio.o ABSOLUTE
    i2c_sw.c                                 0x00000000   Number         0  i2c_sw.o ABSOLUTE
    main.c                                   0x00000000   Number         0  main.o ABSOLUTE
    system_at32f415.c                        0x00000000   Number         0  system_at32f415.o ABSOLUTE
    timer.c                                  0x00000000   Number         0  timer.o ABSOLUTE
    RESET                                    0x08000000   Section      368  startup_at32f415.o(RESET)
    !!!main                                  0x08000170   Section        8  __main.o(!!!main)
    !!!scatter                               0x08000178   Section       52  __scatter.o(!!!scatter)
    !!handler_copy                           0x080001ac   Section       26  __scatter_copy.o(!!handler_copy)
    !!handler_zi                             0x080001c8   Section       28  __scatter_zi.o(!!handler_zi)
    .ARM.Collect$$libinit$$00000000          0x080001e4   Section        2  libinit.o(.ARM.Collect$$libinit$$00000000)
    .ARM.Collect$$libinit$$00000002          0x080001e6   Section        0  libinit2.o(.ARM.Collect$$libinit$$00000002)
    .ARM.Collect$$libinit$$00000004          0x080001e6   Section        0  libinit2.o(.ARM.Collect$$libinit$$00000004)
    .ARM.Collect$$libinit$$0000000A          0x080001e6   Section        0  libinit2.o(.ARM.Collect$$libinit$$0000000A)
    .ARM.Collect$$libinit$$0000000C          0x080001e6   Section        0  libinit2.o(.ARM.Collect$$libinit$$0000000C)
    .ARM.Collect$$libinit$$0000000E          0x080001e6   Section        0  libinit2.o(.ARM.Collect$$libinit$$0000000E)
    .ARM.Collect$$libinit$$00000011          0x080001e6   Section        0  libinit2.o(.ARM.Collect$$libinit$$00000011)
    .ARM.Collect$$libinit$$00000013          0x080001e6   Section        0  libinit2.o(.ARM.Collect$$libinit$$00000013)
    .ARM.Collect$$libinit$$00000015          0x080001e6   Section        0  libinit2.o(.ARM.Collect$$libinit$$00000015)
    .ARM.Collect$$libinit$$00000017          0x080001e6   Section        0  libinit2.o(.ARM.Collect$$libinit$$00000017)
    .ARM.Collect$$libinit$$00000019          0x080001e6   Section        0  libinit2.o(.ARM.Collect$$libinit$$00000019)
    .ARM.Collect$$libinit$$0000001B          0x080001e6   Section        0  libinit2.o(.ARM.Collect$$libinit$$0000001B)
    .ARM.Collect$$libinit$$0000001D          0x080001e6   Section        0  libinit2.o(.ARM.Collect$$libinit$$0000001D)
    .ARM.Collect$$libinit$$0000001F          0x080001e6   Section        0  libinit2.o(.ARM.Collect$$libinit$$0000001F)
    .ARM.Collect$$libinit$$00000021          0x080001e6   Section        0  libinit2.o(.ARM.Collect$$libinit$$00000021)
    .ARM.Collect$$libinit$$00000023          0x080001e6   Section        0  libinit2.o(.ARM.Collect$$libinit$$00000023)
    .ARM.Collect$$libinit$$00000025          0x080001e6   Section        0  libinit2.o(.ARM.Collect$$libinit$$00000025)
    .ARM.Collect$$libinit$$0000002C          0x080001e6   Section        0  libinit2.o(.ARM.Collect$$libinit$$0000002C)
    .ARM.Collect$$libinit$$0000002E          0x080001e6   Section        0  libinit2.o(.ARM.Collect$$libinit$$0000002E)
    .ARM.Collect$$libinit$$00000030          0x080001e6   Section        0  libinit2.o(.ARM.Collect$$libinit$$00000030)
    .ARM.Collect$$libinit$$00000032          0x080001e6   Section        0  libinit2.o(.ARM.Collect$$libinit$$00000032)
    .ARM.Collect$$libinit$$00000033          0x080001e6   Section        2  libinit2.o(.ARM.Collect$$libinit$$00000033)
    .ARM.Collect$$libshutdown$$00000000      0x080001e8   Section        2  libshutdown.o(.ARM.Collect$$libshutdown$$00000000)
    .ARM.Collect$$libshutdown$$00000002      0x080001ea   Section        0  libshutdown2.o(.ARM.Collect$$libshutdown$$00000002)
    .ARM.Collect$$libshutdown$$00000004      0x080001ea   Section        0  libshutdown2.o(.ARM.Collect$$libshutdown$$00000004)
    .ARM.Collect$$libshutdown$$00000007      0x080001ea   Section        0  libshutdown2.o(.ARM.Collect$$libshutdown$$00000007)
    .ARM.Collect$$libshutdown$$0000000A      0x080001ea   Section        0  libshutdown2.o(.ARM.Collect$$libshutdown$$0000000A)
    .ARM.Collect$$libshutdown$$0000000C      0x080001ea   Section        0  libshutdown2.o(.ARM.Collect$$libshutdown$$0000000C)
    .ARM.Collect$$libshutdown$$0000000F      0x080001ea   Section        0  libshutdown2.o(.ARM.Collect$$libshutdown$$0000000F)
    .ARM.Collect$$libshutdown$$00000010      0x080001ea   Section        2  libshutdown2.o(.ARM.Collect$$libshutdown$$00000010)
    .ARM.Collect$$rtentry$$00000000          0x080001ec   Section        0  __rtentry.o(.ARM.Collect$$rtentry$$00000000)
    .ARM.Collect$$rtentry$$00000002          0x080001ec   Section        0  __rtentry2.o(.ARM.Collect$$rtentry$$00000002)
    .ARM.Collect$$rtentry$$00000004          0x080001ec   Section        6  __rtentry4.o(.ARM.Collect$$rtentry$$00000004)
    .ARM.Collect$$rtentry$$00000009          0x080001f2   Section        0  __rtentry2.o(.ARM.Collect$$rtentry$$00000009)
    .ARM.Collect$$rtentry$$0000000A          0x080001f2   Section        4  __rtentry2.o(.ARM.Collect$$rtentry$$0000000A)
    .ARM.Collect$$rtentry$$0000000C          0x080001f6   Section        0  __rtentry2.o(.ARM.Collect$$rtentry$$0000000C)
    .ARM.Collect$$rtentry$$0000000D          0x080001f6   Section        8  __rtentry2.o(.ARM.Collect$$rtentry$$0000000D)
    .ARM.Collect$$rtexit$$00000000           0x080001fe   Section        2  rtexit.o(.ARM.Collect$$rtexit$$00000000)
    .ARM.Collect$$rtexit$$00000002           0x08000200   Section        0  rtexit2.o(.ARM.Collect$$rtexit$$00000002)
    .ARM.Collect$$rtexit$$00000003           0x08000200   Section        4  rtexit2.o(.ARM.Collect$$rtexit$$00000003)
    .ARM.Collect$$rtexit$$00000004           0x08000204   Section        6  rtexit2.o(.ARM.Collect$$rtexit$$00000004)
    .text                                    0x0800020c   Section       64  startup_at32f415.o(.text)
    .text                                    0x0800024c   Section      240  lludivv7m.o(.text)
    .text                                    0x0800033c   Section        0  heapauxi.o(.text)
    .text                                    0x08000342   Section       74  sys_stackheap_outer.o(.text)
    .text                                    0x0800038c   Section        0  exit.o(.text)
    .text                                    0x080003a0   Section        8  libspace.o(.text)
    .text                                    0x080003a8   Section        0  sys_exit.o(.text)
    .text                                    0x080003b4   Section        2  use_no_semi.o(.text)
    .text                                    0x080003b6   Section        0  indicate_semi.o(.text)
    [Anonymous Symbol]                       0x080003b8   Section        0  at32f415_int.o(.text.BusFault_Handler)
    [Anonymous Symbol]                       0x080003bc   Section        0  at32f415_int.o(.text.DebugMon_Handler)
    [Anonymous Symbol]                       0x080003c0   Section        0  at32f415_int.o(.text.EXINT9_5_IRQHandler)
    [Anonymous Symbol]                       0x080003e0   Section        0  gpio.o(.text.Gpio_Exit_Flag_Get)
    [Anonymous Symbol]                       0x080003f8   Section        0  gpio.o(.text.Gpio_Exit_Flag_Set)
    [Anonymous Symbol]                       0x08000418   Section        0  at32f415_int.o(.text.HardFault_Handler)
    [Anonymous Symbol]                       0x0800041c   Section        0  at32f415_int.o(.text.MemManage_Handler)
    [Anonymous Symbol]                       0x08000420   Section        0  at32f415_int.o(.text.NMI_Handler)
    [Anonymous Symbol]                       0x08000424   Section        0  at32f415_int.o(.text.PendSV_Handler)
    [Anonymous Symbol]                       0x08000428   Section        0  at32f415_int.o(.text.SVC_Handler)
    [Anonymous Symbol]                       0x0800042c   Section        0  i2c_sw.o(.text.SW_I2C_initial)
    [Anonymous Symbol]                       0x08000484   Section        0  at32f415_int.o(.text.SysTick_Handler)
    [Anonymous Symbol]                       0x08000488   Section        0  system_at32f415.o(.text.SystemInit)
    [Anonymous Symbol]                       0x08000558   Section        0  main.o(.text.System_Init)
    [Anonymous Symbol]                       0x0800056c   Section        0  timer.o(.text.System_Timer_Flag_Get)
    [Anonymous Symbol]                       0x08000578   Section        0  timer.o(.text.System_Timer_Flag_Set)
    [Anonymous Symbol]                       0x08000590   Section        0  at32f415_int.o(.text.TMR1_OVF_TMR10_IRQHandler)
    [Anonymous Symbol]                       0x080005c4   Section        0  at32f415_int.o(.text.UsageFault_Handler)
    __NVIC_SetPriorityGrouping               0x080005c9   Thumb Code    60  at32f415_misc.o(.text.__NVIC_SetPriorityGrouping)
    [Anonymous Symbol]                       0x080005c8   Section        0  at32f415_misc.o(.text.__NVIC_SetPriorityGrouping)
    [Anonymous Symbol]                       0x08000604   Section        0  at32f415_crm.o(.text.crm_ahb_div_set)
    [Anonymous Symbol]                       0x0800062c   Section        0  at32f415_crm.o(.text.crm_apb1_div_set)
    [Anonymous Symbol]                       0x08000654   Section        0  at32f415_crm.o(.text.crm_apb2_div_set)
    [Anonymous Symbol]                       0x0800067c   Section        0  at32f415_crm.o(.text.crm_auto_step_mode_enable)
    [Anonymous Symbol]                       0x080006b4   Section        0  at32f415_crm.o(.text.crm_clock_source_enable)
    [Anonymous Symbol]                       0x0800075c   Section        0  at32f415_crm.o(.text.crm_flag_get)
    [Anonymous Symbol]                       0x0800079c   Section        0  at32f415_crm.o(.text.crm_periph_clock_enable)
    [Anonymous Symbol]                       0x080007f0   Section        0  at32f415_crm.o(.text.crm_pll_config)
    [Anonymous Symbol]                       0x080009d4   Section        0  at32f415_crm.o(.text.crm_reset)
    [Anonymous Symbol]                       0x08000a70   Section        0  at32f415_crm.o(.text.crm_sysclk_switch)
    [Anonymous Symbol]                       0x08000a90   Section        0  at32f415_crm.o(.text.crm_sysclk_switch_status_get)
    [Anonymous Symbol]                       0x08000aa0   Section        0  at32f415_exint.o(.text.exint_flag_clear)
    [Anonymous Symbol]                       0x08000ab4   Section        0  at32f415_exint.o(.text.exint_flag_get)
    [Anonymous Symbol]                       0x08000af0   Section        0  at32f415_gpio.o(.text.gpio_default_para_init)
    [Anonymous Symbol]                       0x08000b18   Section        0  at32f415_gpio.o(.text.gpio_init)
    [Anonymous Symbol]                       0x08000c58   Section        0  main.o(.text.main)
    [Anonymous Symbol]                       0x08000c8c   Section        0  at32f415_misc.o(.text.nvic_priority_group_config)
    [Anonymous Symbol]                       0x08000ca0   Section        0  at32f415_clock.o(.text.system_clock_config)
    [Anonymous Symbol]                       0x08000d2c   Section        0  system_at32f415.o(.text.system_core_clock_update)
    [Anonymous Symbol]                       0x08000f60   Section        0  at32f415_tmr.o(.text.tmr_flag_clear)
    [Anonymous Symbol]                       0x08000f74   Section        0  at32f415_tmr.o(.text.tmr_flag_get)
    system_core_clock_update.sys_ahb_div_table 0x08000fa4   Data          16  system_at32f415.o(.rodata.system_core_clock_update.sys_ahb_div_table)
    [Anonymous Symbol]                       0x08000fa4   Section        0  system_at32f415.o(.rodata.system_core_clock_update.sys_ahb_div_table)
    .bss                                     0x20000008   Section       96  libspace.o(.bss)
    Heap_Mem                                 0x20000080   Data         512  startup_at32f415.o(HEAP)
    HEAP                                     0x20000080   Section      512  startup_at32f415.o(HEAP)
    Stack_Mem                                0x20000280   Data        1024  startup_at32f415.o(STACK)
    STACK                                    0x20000280   Section     1024  startup_at32f415.o(STACK)
    __initial_sp                             0x20000680   Data           0  startup_at32f415.o(STACK)

    Global Symbols

    Symbol Name                              Value     Ov Type        Size  Object(Section)

    BuildAttributes$$THM_ISAv4$E$P$D$K$B$S$7EM$PE$A:L22UL41UL21$X:L11$S22US41US21$IEEE1$IW$~IW$USESV6$~STKCKD$USESV7$~SHL$OSPACE$ROPI$EBA8$UX$STANDARDLIB$REQ8$PRES8$EABIv2 0x00000000   Number         0  anon$$obj.o ABSOLUTE
    __fp_init_empty                          0x00000000   Number         0  fpinit_empty.o ABSOLUTE
    __ARM_exceptions_init                     - Undefined Weak Reference
    __alloca_initialize                       - Undefined Weak Reference
    __arm_preinit_                            - Undefined Weak Reference
    __cpp_initialize__aeabi_                  - Undefined Weak Reference
    __cxa_finalize                            - Undefined Weak Reference
    __rt_locale                               - Undefined Weak Reference
    __sigvec_lookup                           - Undefined Weak Reference
    _atexit_init                              - Undefined Weak Reference
    _call_atexit_fns                          - Undefined Weak Reference
    _clock_init                               - Undefined Weak Reference
    _fp_trap_init                             - Undefined Weak Reference
    _fp_trap_shutdown                         - Undefined Weak Reference
    _get_lc_collate                           - Undefined Weak Reference
    _get_lc_ctype                             - Undefined Weak Reference
    _get_lc_monetary                          - Undefined Weak Reference
    _get_lc_numeric                           - Undefined Weak Reference
    _get_lc_time                              - Undefined Weak Reference
    _getenv_init                              - Undefined Weak Reference
    _handle_redirection                       - Undefined Weak Reference
    _init_alloc                               - Undefined Weak Reference
    _init_user_alloc                          - Undefined Weak Reference
    _initio                                   - Undefined Weak Reference
    _rand_init                                - Undefined Weak Reference
    _signal_finish                            - Undefined Weak Reference
    _signal_init                              - Undefined Weak Reference
    _terminate_alloc                          - Undefined Weak Reference
    _terminate_user_alloc                     - Undefined Weak Reference
    _terminateio                              - Undefined Weak Reference
    __Vectors_Size                           0x00000170   Number         0  startup_at32f415.o ABSOLUTE
    __Vectors                                0x08000000   Data           4  startup_at32f415.o(RESET)
    __Vectors_End                            0x08000170   Data           0  startup_at32f415.o(RESET)
    __main                                   0x08000171   Thumb Code     8  __main.o(!!!main)
    __scatterload                            0x08000179   Thumb Code     0  __scatter.o(!!!scatter)
    __scatterload_rt2                        0x08000179   Thumb Code    44  __scatter.o(!!!scatter)
    __scatterload_rt2_thumb_only             0x08000179   Thumb Code     0  __scatter.o(!!!scatter)
    __scatterload_null                       0x08000187   Thumb Code     0  __scatter.o(!!!scatter)
    __scatterload_copy                       0x080001ad   Thumb Code    26  __scatter_copy.o(!!handler_copy)
    __scatterload_zeroinit                   0x080001c9   Thumb Code    28  __scatter_zi.o(!!handler_zi)
    __rt_lib_init                            0x080001e5   Thumb Code     0  libinit.o(.ARM.Collect$$libinit$$00000000)
    __rt_lib_init_alloca_1                   0x080001e7   Thumb Code     0  libinit2.o(.ARM.Collect$$libinit$$0000002E)
    __rt_lib_init_argv_1                     0x080001e7   Thumb Code     0  libinit2.o(.ARM.Collect$$libinit$$0000002C)
    __rt_lib_init_atexit_1                   0x080001e7   Thumb Code     0  libinit2.o(.ARM.Collect$$libinit$$0000001B)
    __rt_lib_init_clock_1                    0x080001e7   Thumb Code     0  libinit2.o(.ARM.Collect$$libinit$$00000021)
    __rt_lib_init_cpp_1                      0x080001e7   Thumb Code     0  libinit2.o(.ARM.Collect$$libinit$$00000032)
    __rt_lib_init_exceptions_1               0x080001e7   Thumb Code     0  libinit2.o(.ARM.Collect$$libinit$$00000030)
    __rt_lib_init_fp_1                       0x080001e7   Thumb Code     0  libinit2.o(.ARM.Collect$$libinit$$00000002)
    __rt_lib_init_fp_trap_1                  0x080001e7   Thumb Code     0  libinit2.o(.ARM.Collect$$libinit$$0000001F)
    __rt_lib_init_getenv_1                   0x080001e7   Thumb Code     0  libinit2.o(.ARM.Collect$$libinit$$00000023)
    __rt_lib_init_heap_1                     0x080001e7   Thumb Code     0  libinit2.o(.ARM.Collect$$libinit$$0000000A)
    __rt_lib_init_lc_collate_1               0x080001e7   Thumb Code     0  libinit2.o(.ARM.Collect$$libinit$$00000011)
    __rt_lib_init_lc_ctype_1                 0x080001e7   Thumb Code     0  libinit2.o(.ARM.Collect$$libinit$$00000013)
    __rt_lib_init_lc_monetary_1              0x080001e7   Thumb Code     0  libinit2.o(.ARM.Collect$$libinit$$00000015)
    __rt_lib_init_lc_numeric_1               0x080001e7   Thumb Code     0  libinit2.o(.ARM.Collect$$libinit$$00000017)
    __rt_lib_init_lc_time_1                  0x080001e7   Thumb Code     0  libinit2.o(.ARM.Collect$$libinit$$00000019)
    __rt_lib_init_preinit_1                  0x080001e7   Thumb Code     0  libinit2.o(.ARM.Collect$$libinit$$00000004)
    __rt_lib_init_rand_1                     0x080001e7   Thumb Code     0  libinit2.o(.ARM.Collect$$libinit$$0000000E)
    __rt_lib_init_return                     0x080001e7   Thumb Code     0  libinit2.o(.ARM.Collect$$libinit$$00000033)
    __rt_lib_init_signal_1                   0x080001e7   Thumb Code     0  libinit2.o(.ARM.Collect$$libinit$$0000001D)
    __rt_lib_init_stdio_1                    0x080001e7   Thumb Code     0  libinit2.o(.ARM.Collect$$libinit$$00000025)
    __rt_lib_init_user_alloc_1               0x080001e7   Thumb Code     0  libinit2.o(.ARM.Collect$$libinit$$0000000C)
    __rt_lib_shutdown                        0x080001e9   Thumb Code     0  libshutdown.o(.ARM.Collect$$libshutdown$$00000000)
    __rt_lib_shutdown_cpp_1                  0x080001eb   Thumb Code     0  libshutdown2.o(.ARM.Collect$$libshutdown$$00000002)
    __rt_lib_shutdown_fp_trap_1              0x080001eb   Thumb Code     0  libshutdown2.o(.ARM.Collect$$libshutdown$$00000007)
    __rt_lib_shutdown_heap_1                 0x080001eb   Thumb Code     0  libshutdown2.o(.ARM.Collect$$libshutdown$$0000000F)
    __rt_lib_shutdown_return                 0x080001eb   Thumb Code     0  libshutdown2.o(.ARM.Collect$$libshutdown$$00000010)
    __rt_lib_shutdown_signal_1               0x080001eb   Thumb Code     0  libshutdown2.o(.ARM.Collect$$libshutdown$$0000000A)
    __rt_lib_shutdown_stdio_1                0x080001eb   Thumb Code     0  libshutdown2.o(.ARM.Collect$$libshutdown$$00000004)
    __rt_lib_shutdown_user_alloc_1           0x080001eb   Thumb Code     0  libshutdown2.o(.ARM.Collect$$libshutdown$$0000000C)
    __rt_entry                               0x080001ed   Thumb Code     0  __rtentry.o(.ARM.Collect$$rtentry$$00000000)
    __rt_entry_presh_1                       0x080001ed   Thumb Code     0  __rtentry2.o(.ARM.Collect$$rtentry$$00000002)
    __rt_entry_sh                            0x080001ed   Thumb Code     0  __rtentry4.o(.ARM.Collect$$rtentry$$00000004)
    __rt_entry_li                            0x080001f3   Thumb Code     0  __rtentry2.o(.ARM.Collect$$rtentry$$0000000A)
    __rt_entry_postsh_1                      0x080001f3   Thumb Code     0  __rtentry2.o(.ARM.Collect$$rtentry$$00000009)
    __rt_entry_main                          0x080001f7   Thumb Code     0  __rtentry2.o(.ARM.Collect$$rtentry$$0000000D)
    __rt_entry_postli_1                      0x080001f7   Thumb Code     0  __rtentry2.o(.ARM.Collect$$rtentry$$0000000C)
    __rt_exit                                0x080001ff   Thumb Code     0  rtexit.o(.ARM.Collect$$rtexit$$00000000)
    __rt_exit_ls                             0x08000201   Thumb Code     0  rtexit2.o(.ARM.Collect$$rtexit$$00000003)
    __rt_exit_prels_1                        0x08000201   Thumb Code     0  rtexit2.o(.ARM.Collect$$rtexit$$00000002)
    __rt_exit_exit                           0x08000205   Thumb Code     0  rtexit2.o(.ARM.Collect$$rtexit$$00000004)
    Reset_Handler                            0x0800020d   Thumb Code     8  startup_at32f415.o(.text)
    ADC1_IRQHandler                          0x08000227   Thumb Code     0  startup_at32f415.o(.text)
    CAN1_RX0_IRQHandler                      0x08000227   Thumb Code     0  startup_at32f415.o(.text)
    CAN1_RX1_IRQHandler                      0x08000227   Thumb Code     0  startup_at32f415.o(.text)
    CAN1_SE_IRQHandler                       0x08000227   Thumb Code     0  startup_at32f415.o(.text)
    CAN1_TX_IRQHandler                       0x08000227   Thumb Code     0  startup_at32f415.o(.text)
    CMP1_IRQHandler                          0x08000227   Thumb Code     0  startup_at32f415.o(.text)
    CMP2_IRQHandler                          0x08000227   Thumb Code     0  startup_at32f415.o(.text)
    CRM_IRQHandler                           0x08000227   Thumb Code     0  startup_at32f415.o(.text)
    DMA1_Channel1_IRQHandler                 0x08000227   Thumb Code     0  startup_at32f415.o(.text)
    DMA1_Channel2_IRQHandler                 0x08000227   Thumb Code     0  startup_at32f415.o(.text)
    DMA1_Channel3_IRQHandler                 0x08000227   Thumb Code     0  startup_at32f415.o(.text)
    DMA1_Channel4_IRQHandler                 0x08000227   Thumb Code     0  startup_at32f415.o(.text)
    DMA1_Channel5_IRQHandler                 0x08000227   Thumb Code     0  startup_at32f415.o(.text)
    DMA1_Channel6_IRQHandler                 0x08000227   Thumb Code     0  startup_at32f415.o(.text)
    DMA1_Channel7_IRQHandler                 0x08000227   Thumb Code     0  startup_at32f415.o(.text)
    DMA2_Channel1_IRQHandler                 0x08000227   Thumb Code     0  startup_at32f415.o(.text)
    DMA2_Channel2_IRQHandler                 0x08000227   Thumb Code     0  startup_at32f415.o(.text)
    DMA2_Channel3_IRQHandler                 0x08000227   Thumb Code     0  startup_at32f415.o(.text)
    DMA2_Channel4_5_IRQHandler               0x08000227   Thumb Code     0  startup_at32f415.o(.text)
    DMA2_Channel6_7_IRQHandler               0x08000227   Thumb Code     0  startup_at32f415.o(.text)
    ERTCAlarm_IRQHandler                     0x08000227   Thumb Code     0  startup_at32f415.o(.text)
    ERTC_WKUP_IRQHandler                     0x08000227   Thumb Code     0  startup_at32f415.o(.text)
    EXINT0_IRQHandler                        0x08000227   Thumb Code     0  startup_at32f415.o(.text)
    EXINT15_10_IRQHandler                    0x08000227   Thumb Code     0  startup_at32f415.o(.text)
    EXINT1_IRQHandler                        0x08000227   Thumb Code     0  startup_at32f415.o(.text)
    EXINT2_IRQHandler                        0x08000227   Thumb Code     0  startup_at32f415.o(.text)
    EXINT3_IRQHandler                        0x08000227   Thumb Code     0  startup_at32f415.o(.text)
    EXINT4_IRQHandler                        0x08000227   Thumb Code     0  startup_at32f415.o(.text)
    FLASH_IRQHandler                         0x08000227   Thumb Code     0  startup_at32f415.o(.text)
    I2C1_ERR_IRQHandler                      0x08000227   Thumb Code     0  startup_at32f415.o(.text)
    I2C1_EVT_IRQHandler                      0x08000227   Thumb Code     0  startup_at32f415.o(.text)
    I2C2_ERR_IRQHandler                      0x08000227   Thumb Code     0  startup_at32f415.o(.text)
    I2C2_EVT_IRQHandler                      0x08000227   Thumb Code     0  startup_at32f415.o(.text)
    OTGFS1_IRQHandler                        0x08000227   Thumb Code     0  startup_at32f415.o(.text)
    OTGFS1_WKUP_IRQHandler                   0x08000227   Thumb Code     0  startup_at32f415.o(.text)
    PVM_IRQHandler                           0x08000227   Thumb Code     0  startup_at32f415.o(.text)
    SDIO1_IRQHandler                         0x08000227   Thumb Code     0  startup_at32f415.o(.text)
    SPI1_IRQHandler                          0x08000227   Thumb Code     0  startup_at32f415.o(.text)
    SPI2_IRQHandler                          0x08000227   Thumb Code     0  startup_at32f415.o(.text)
    TAMP_STAMP_IRQHandler                    0x08000227   Thumb Code     0  startup_at32f415.o(.text)
    TMR1_BRK_TMR9_IRQHandler                 0x08000227   Thumb Code     0  startup_at32f415.o(.text)
    TMR1_CH_IRQHandler                       0x08000227   Thumb Code     0  startup_at32f415.o(.text)
    TMR1_TRG_HALL_TMR11_IRQHandler           0x08000227   Thumb Code     0  startup_at32f415.o(.text)
    TMR2_GLOBAL_IRQHandler                   0x08000227   Thumb Code     0  startup_at32f415.o(.text)
    TMR3_GLOBAL_IRQHandler                   0x08000227   Thumb Code     0  startup_at32f415.o(.text)
    TMR4_GLOBAL_IRQHandler                   0x08000227   Thumb Code     0  startup_at32f415.o(.text)
    TMR5_GLOBAL_IRQHandler                   0x08000227   Thumb Code     0  startup_at32f415.o(.text)
    UART4_IRQHandler                         0x08000227   Thumb Code     0  startup_at32f415.o(.text)
    UART5_IRQHandler                         0x08000227   Thumb Code     0  startup_at32f415.o(.text)
    USART1_IRQHandler                        0x08000227   Thumb Code     0  startup_at32f415.o(.text)
    USART2_IRQHandler                        0x08000227   Thumb Code     0  startup_at32f415.o(.text)
    USART3_IRQHandler                        0x08000227   Thumb Code     0  startup_at32f415.o(.text)
    WWDT_IRQHandler                          0x08000227   Thumb Code     0  startup_at32f415.o(.text)
    __user_initial_stackheap                 0x08000229   Thumb Code     0  startup_at32f415.o(.text)
    __aeabi_uldivmod                         0x0800024d   Thumb Code     0  lludivv7m.o(.text)
    _ll_udiv                                 0x0800024d   Thumb Code   240  lludivv7m.o(.text)
    __use_two_region_memory                  0x0800033d   Thumb Code     2  heapauxi.o(.text)
    __rt_heap_escrow$2region                 0x0800033f   Thumb Code     2  heapauxi.o(.text)
    __rt_heap_expand$2region                 0x08000341   Thumb Code     2  heapauxi.o(.text)
    __user_setup_stackheap                   0x08000343   Thumb Code    74  sys_stackheap_outer.o(.text)
    exit                                     0x0800038d   Thumb Code    18  exit.o(.text)
    __user_libspace                          0x080003a1   Thumb Code     8  libspace.o(.text)
    __user_perproc_libspace                  0x080003a1   Thumb Code     0  libspace.o(.text)
    __user_perthread_libspace                0x080003a1   Thumb Code     0  libspace.o(.text)
    _sys_exit                                0x080003a9   Thumb Code     8  sys_exit.o(.text)
    __I$use$semihosting                      0x080003b5   Thumb Code     0  use_no_semi.o(.text)
    __use_no_semihosting_swi                 0x080003b5   Thumb Code     2  use_no_semi.o(.text)
    __semihosting_library_function           0x080003b7   Thumb Code     0  indicate_semi.o(.text)
    BusFault_Handler                         0x080003b9   Thumb Code     4  at32f415_int.o(.text.BusFault_Handler)
    DebugMon_Handler                         0x080003bd   Thumb Code     2  at32f415_int.o(.text.DebugMon_Handler)
    EXINT9_5_IRQHandler                      0x080003c1   Thumb Code    30  at32f415_int.o(.text.EXINT9_5_IRQHandler)
    Gpio_Exit_Flag_Get                       0x080003e1   Thumb Code    24  gpio.o(.text.Gpio_Exit_Flag_Get)
    Gpio_Exit_Flag_Set                       0x080003f9   Thumb Code    32  gpio.o(.text.Gpio_Exit_Flag_Set)
    HardFault_Handler                        0x08000419   Thumb Code     4  at32f415_int.o(.text.HardFault_Handler)
    MemManage_Handler                        0x0800041d   Thumb Code     4  at32f415_int.o(.text.MemManage_Handler)
    NMI_Handler                              0x08000421   Thumb Code     2  at32f415_int.o(.text.NMI_Handler)
    PendSV_Handler                           0x08000425   Thumb Code     2  at32f415_int.o(.text.PendSV_Handler)
    SVC_Handler                              0x08000429   Thumb Code     2  at32f415_int.o(.text.SVC_Handler)
    SW_I2C_initial                           0x0800042d   Thumb Code    86  i2c_sw.o(.text.SW_I2C_initial)
    SysTick_Handler                          0x08000485   Thumb Code     2  at32f415_int.o(.text.SysTick_Handler)
    SystemInit                               0x08000489   Thumb Code   208  system_at32f415.o(.text.SystemInit)
    System_Init                              0x08000559   Thumb Code    18  main.o(.text.System_Init)
    System_Timer_Flag_Get                    0x0800056d   Thumb Code    12  timer.o(.text.System_Timer_Flag_Get)
    System_Timer_Flag_Set                    0x08000579   Thumb Code    24  timer.o(.text.System_Timer_Flag_Set)
    TMR1_OVF_TMR10_IRQHandler                0x08000591   Thumb Code    50  at32f415_int.o(.text.TMR1_OVF_TMR10_IRQHandler)
    UsageFault_Handler                       0x080005c5   Thumb Code     4  at32f415_int.o(.text.UsageFault_Handler)
    crm_ahb_div_set                          0x08000605   Thumb Code    38  at32f415_crm.o(.text.crm_ahb_div_set)
    crm_apb1_div_set                         0x0800062d   Thumb Code    38  at32f415_crm.o(.text.crm_apb1_div_set)
    crm_apb2_div_set                         0x08000655   Thumb Code    38  at32f415_crm.o(.text.crm_apb2_div_set)
    crm_auto_step_mode_enable                0x0800067d   Thumb Code    56  at32f415_crm.o(.text.crm_auto_step_mode_enable)
    crm_clock_source_enable                  0x080006b5   Thumb Code   166  at32f415_crm.o(.text.crm_clock_source_enable)
    crm_flag_get                             0x0800075d   Thumb Code    62  at32f415_crm.o(.text.crm_flag_get)
    crm_periph_clock_enable                  0x0800079d   Thumb Code    82  at32f415_crm.o(.text.crm_periph_clock_enable)
    crm_pll_config                           0x080007f1   Thumb Code   484  at32f415_crm.o(.text.crm_pll_config)
    crm_reset                                0x080009d5   Thumb Code   154  at32f415_crm.o(.text.crm_reset)
    crm_sysclk_switch                        0x08000a71   Thumb Code    30  at32f415_crm.o(.text.crm_sysclk_switch)
    crm_sysclk_switch_status_get             0x08000a91   Thumb Code    16  at32f415_crm.o(.text.crm_sysclk_switch_status_get)
    exint_flag_clear                         0x08000aa1   Thumb Code    20  at32f415_exint.o(.text.exint_flag_clear)
    exint_flag_get                           0x08000ab5   Thumb Code    58  at32f415_exint.o(.text.exint_flag_get)
    gpio_default_para_init                   0x08000af1   Thumb Code    38  at32f415_gpio.o(.text.gpio_default_para_init)
    gpio_init                                0x08000b19   Thumb Code   320  at32f415_gpio.o(.text.gpio_init)
    main                                     0x08000c59   Thumb Code    52  main.o(.text.main)
    nvic_priority_group_config               0x08000c8d   Thumb Code    20  at32f415_misc.o(.text.nvic_priority_group_config)
    system_clock_config                      0x08000ca1   Thumb Code   138  at32f415_clock.o(.text.system_clock_config)
    system_core_clock_update                 0x08000d2d   Thumb Code   562  system_at32f415.o(.text.system_core_clock_update)
    tmr_flag_clear                           0x08000f61   Thumb Code    18  at32f415_tmr.o(.text.tmr_flag_clear)
    tmr_flag_get                             0x08000f75   Thumb Code    48  at32f415_tmr.o(.text.tmr_flag_get)
    Region$$Table$$Base                      0x08000fb4   Number         0  anon$$obj.o(Region$$Table)
    Region$$Table$$Limit                     0x08000fd4   Number         0  anon$$obj.o(Region$$Table)
    system_core_clock                        0x20000000   Data           4  system_at32f415.o(.data.system_core_clock)
    __libspace_start                         0x20000008   Data          96  libspace.o(.bss)
    Gpio_Exit_Flag                           0x20000068   Data          16  gpio.o(.bss.Gpio_Exit_Flag)
    __temporary_stack_top$libspace           0x20000068   Data           0  libspace.o(.bss)
    system_timer_flag                        0x20000078   Data           1  timer.o(.bss.system_timer_flag)



==============================================================================

Memory Map of the image

  Image Entry point : 0x08000171

  Load Region LR_IROM1 (Base: 0x08000000, Size: 0x00000fe0, Max: 0x00020000, ABSOLUTE)

    Execution Region ER_IROM1 (Exec base: 0x08000000, Load base: 0x08000000, Size: 0x00000fd4, Max: 0x00020000, ABSOLUTE)

    Exec Addr    Load Addr    Size         Type   Attr      Idx    E Section Name        Object

    0x08000000   0x08000000   0x00000170   Data   RO            3    RESET               startup_at32f415.o
    0x08000170   0x08000170   0x00000008   Code   RO         1423  * !!!main             c_w.l(__main.o)
    0x08000178   0x08000178   0x00000034   Code   RO         1598    !!!scatter          c_w.l(__scatter.o)
    0x080001ac   0x080001ac   0x0000001a   Code   RO         1600    !!handler_copy      c_w.l(__scatter_copy.o)
    0x080001c6   0x080001c6   0x00000002   PAD
    0x080001c8   0x080001c8   0x0000001c   Code   RO         1602    !!handler_zi        c_w.l(__scatter_zi.o)
    0x080001e4   0x080001e4   0x00000002   Code   RO         1462    .ARM.Collect$$libinit$$00000000  c_w.l(libinit.o)
    0x080001e6   0x080001e6   0x00000000   Code   RO         1475    .ARM.Collect$$libinit$$00000002  c_w.l(libinit2.o)
    0x080001e6   0x080001e6   0x00000000   Code   RO         1477    .ARM.Collect$$libinit$$00000004  c_w.l(libinit2.o)
    0x080001e6   0x080001e6   0x00000000   Code   RO         1480    .ARM.Collect$$libinit$$0000000A  c_w.l(libinit2.o)
    0x080001e6   0x080001e6   0x00000000   Code   RO         1482    .ARM.Collect$$libinit$$0000000C  c_w.l(libinit2.o)
    0x080001e6   0x080001e6   0x00000000   Code   RO         1484    .ARM.Collect$$libinit$$0000000E  c_w.l(libinit2.o)
    0x080001e6   0x080001e6   0x00000000   Code   RO         1487    .ARM.Collect$$libinit$$00000011  c_w.l(libinit2.o)
    0x080001e6   0x080001e6   0x00000000   Code   RO         1489    .ARM.Collect$$libinit$$00000013  c_w.l(libinit2.o)
    0x080001e6   0x080001e6   0x00000000   Code   RO         1491    .ARM.Collect$$libinit$$00000015  c_w.l(libinit2.o)
    0x080001e6   0x080001e6   0x00000000   Code   RO         1493    .ARM.Collect$$libinit$$00000017  c_w.l(libinit2.o)
    0x080001e6   0x080001e6   0x00000000   Code   RO         1495    .ARM.Collect$$libinit$$00000019  c_w.l(libinit2.o)
    0x080001e6   0x080001e6   0x00000000   Code   RO         1497    .ARM.Collect$$libinit$$0000001B  c_w.l(libinit2.o)
    0x080001e6   0x080001e6   0x00000000   Code   RO         1499    .ARM.Collect$$libinit$$0000001D  c_w.l(libinit2.o)
    0x080001e6   0x080001e6   0x00000000   Code   RO         1501    .ARM.Collect$$libinit$$0000001F  c_w.l(libinit2.o)
    0x080001e6   0x080001e6   0x00000000   Code   RO         1503    .ARM.Collect$$libinit$$00000021  c_w.l(libinit2.o)
    0x080001e6   0x080001e6   0x00000000   Code   RO         1505    .ARM.Collect$$libinit$$00000023  c_w.l(libinit2.o)
    0x080001e6   0x080001e6   0x00000000   Code   RO         1507    .ARM.Collect$$libinit$$00000025  c_w.l(libinit2.o)
    0x080001e6   0x080001e6   0x00000000   Code   RO         1511    .ARM.Collect$$libinit$$0000002C  c_w.l(libinit2.o)
    0x080001e6   0x080001e6   0x00000000   Code   RO         1513    .ARM.Collect$$libinit$$0000002E  c_w.l(libinit2.o)
    0x080001e6   0x080001e6   0x00000000   Code   RO         1515    .ARM.Collect$$libinit$$00000030  c_w.l(libinit2.o)
    0x080001e6   0x080001e6   0x00000000   Code   RO         1517    .ARM.Collect$$libinit$$00000032  c_w.l(libinit2.o)
    0x080001e6   0x080001e6   0x00000002   Code   RO         1518    .ARM.Collect$$libinit$$00000033  c_w.l(libinit2.o)
    0x080001e8   0x080001e8   0x00000002   Code   RO         1553    .ARM.Collect$$libshutdown$$00000000  c_w.l(libshutdown.o)
    0x080001ea   0x080001ea   0x00000000   Code   RO         1581    .ARM.Collect$$libshutdown$$00000002  c_w.l(libshutdown2.o)
    0x080001ea   0x080001ea   0x00000000   Code   RO         1583    .ARM.Collect$$libshutdown$$00000004  c_w.l(libshutdown2.o)
    0x080001ea   0x080001ea   0x00000000   Code   RO         1586    .ARM.Collect$$libshutdown$$00000007  c_w.l(libshutdown2.o)
    0x080001ea   0x080001ea   0x00000000   Code   RO         1589    .ARM.Collect$$libshutdown$$0000000A  c_w.l(libshutdown2.o)
    0x080001ea   0x080001ea   0x00000000   Code   RO         1591    .ARM.Collect$$libshutdown$$0000000C  c_w.l(libshutdown2.o)
    0x080001ea   0x080001ea   0x00000000   Code   RO         1594    .ARM.Collect$$libshutdown$$0000000F  c_w.l(libshutdown2.o)
    0x080001ea   0x080001ea   0x00000002   Code   RO         1595    .ARM.Collect$$libshutdown$$00000010  c_w.l(libshutdown2.o)
    0x080001ec   0x080001ec   0x00000000   Code   RO         1425    .ARM.Collect$$rtentry$$00000000  c_w.l(__rtentry.o)
    0x080001ec   0x080001ec   0x00000000   Code   RO         1433    .ARM.Collect$$rtentry$$00000002  c_w.l(__rtentry2.o)
    0x080001ec   0x080001ec   0x00000006   Code   RO         1445    .ARM.Collect$$rtentry$$00000004  c_w.l(__rtentry4.o)
    0x080001f2   0x080001f2   0x00000000   Code   RO         1435    .ARM.Collect$$rtentry$$00000009  c_w.l(__rtentry2.o)
    0x080001f2   0x080001f2   0x00000004   Code   RO         1436    .ARM.Collect$$rtentry$$0000000A  c_w.l(__rtentry2.o)
    0x080001f6   0x080001f6   0x00000000   Code   RO         1438    .ARM.Collect$$rtentry$$0000000C  c_w.l(__rtentry2.o)
    0x080001f6   0x080001f6   0x00000008   Code   RO         1439    .ARM.Collect$$rtentry$$0000000D  c_w.l(__rtentry2.o)
    0x080001fe   0x080001fe   0x00000002   Code   RO         1466    .ARM.Collect$$rtexit$$00000000  c_w.l(rtexit.o)
    0x08000200   0x08000200   0x00000000   Code   RO         1524    .ARM.Collect$$rtexit$$00000002  c_w.l(rtexit2.o)
    0x08000200   0x08000200   0x00000004   Code   RO         1525    .ARM.Collect$$rtexit$$00000003  c_w.l(rtexit2.o)
    0x08000204   0x08000204   0x00000006   Code   RO         1526    .ARM.Collect$$rtexit$$00000004  c_w.l(rtexit2.o)
    0x0800020a   0x0800020a   0x00000002   PAD
    0x0800020c   0x0800020c   0x00000040   Code   RO            4    .text               startup_at32f415.o
    0x0800024c   0x0800024c   0x000000f0   Code   RO         1413    .text               c_w.l(lludivv7m.o)
    0x0800033c   0x0800033c   0x00000006   Code   RO         1421    .text               c_w.l(heapauxi.o)
    0x08000342   0x08000342   0x0000004a   Code   RO         1449    .text               c_w.l(sys_stackheap_outer.o)
    0x0800038c   0x0800038c   0x00000012   Code   RO         1451    .text               c_w.l(exit.o)
    0x0800039e   0x0800039e   0x00000002   PAD
    0x080003a0   0x080003a0   0x00000008   Code   RO         1463    .text               c_w.l(libspace.o)
    0x080003a8   0x080003a8   0x0000000c   Code   RO         1519    .text               c_w.l(sys_exit.o)
    0x080003b4   0x080003b4   0x00000002   Code   RO         1542    .text               c_w.l(use_no_semi.o)
    0x080003b6   0x080003b6   0x00000000   Code   RO         1544    .text               c_w.l(indicate_semi.o)
    0x080003b6   0x080003b6   0x00000002   PAD
    0x080003b8   0x080003b8   0x00000004   Code   RO         1162    .text.BusFault_Handler  at32f415_int.o
    0x080003bc   0x080003bc   0x00000002   Code   RO         1168    .text.DebugMon_Handler  at32f415_int.o
    0x080003be   0x080003be   0x00000002   PAD
    0x080003c0   0x080003c0   0x0000001e   Code   RO         1176    .text.EXINT9_5_IRQHandler  at32f415_int.o
    0x080003de   0x080003de   0x00000002   PAD
    0x080003e0   0x080003e0   0x00000018   Code   RO         1189    .text.Gpio_Exit_Flag_Get  gpio.o
    0x080003f8   0x080003f8   0x00000020   Code   RO         1191    .text.Gpio_Exit_Flag_Set  gpio.o
    0x08000418   0x08000418   0x00000004   Code   RO         1158    .text.HardFault_Handler  at32f415_int.o
    0x0800041c   0x0800041c   0x00000004   Code   RO         1160    .text.MemManage_Handler  at32f415_int.o
    0x08000420   0x08000420   0x00000002   Code   RO         1156    .text.NMI_Handler   at32f415_int.o
    0x08000422   0x08000422   0x00000002   PAD
    0x08000424   0x08000424   0x00000002   Code   RO         1170    .text.PendSV_Handler  at32f415_int.o
    0x08000426   0x08000426   0x00000002   PAD
    0x08000428   0x08000428   0x00000002   Code   RO         1166    .text.SVC_Handler   at32f415_int.o
    0x0800042a   0x0800042a   0x00000002   PAD
    0x0800042c   0x0800042c   0x00000056   Code   RO         1217    .text.SW_I2C_initial  i2c_sw.o
    0x08000482   0x08000482   0x00000002   PAD
    0x08000484   0x08000484   0x00000002   Code   RO         1172    .text.SysTick_Handler  at32f415_int.o
    0x08000486   0x08000486   0x00000002   PAD
    0x08000488   0x08000488   0x000000d0   Code   RO           11    .text.SystemInit    system_at32f415.o
    0x08000558   0x08000558   0x00000012   Code   RO         1146    .text.System_Init   main.o
    0x0800056a   0x0800056a   0x00000002   PAD
    0x0800056c   0x0800056c   0x0000000c   Code   RO         1205    .text.System_Timer_Flag_Get  timer.o
    0x08000578   0x08000578   0x00000018   Code   RO         1203    .text.System_Timer_Flag_Set  timer.o
    0x08000590   0x08000590   0x00000032   Code   RO         1174    .text.TMR1_OVF_TMR10_IRQHandler  at32f415_int.o
    0x080005c2   0x080005c2   0x00000002   PAD
    0x080005c4   0x080005c4   0x00000004   Code   RO         1164    .text.UsageFault_Handler  at32f415_int.o
    0x080005c8   0x080005c8   0x0000003c   Code   RO          657    .text.__NVIC_SetPriorityGrouping  at32f415_misc.o
    0x08000604   0x08000604   0x00000026   Code   RO          226    .text.crm_ahb_div_set  at32f415_crm.o
    0x0800062a   0x0800062a   0x00000002   PAD
    0x0800062c   0x0800062c   0x00000026   Code   RO          228    .text.crm_apb1_div_set  at32f415_crm.o
    0x08000652   0x08000652   0x00000002   PAD
    0x08000654   0x08000654   0x00000026   Code   RO          230    .text.crm_apb2_div_set  at32f415_crm.o
    0x0800067a   0x0800067a   0x00000002   PAD
    0x0800067c   0x0800067c   0x00000038   Code   RO          254    .text.crm_auto_step_mode_enable  at32f415_crm.o
    0x080006b4   0x080006b4   0x000000a6   Code   RO          218    .text.crm_clock_source_enable  at32f415_crm.o
    0x0800075a   0x0800075a   0x00000002   PAD
    0x0800075c   0x0800075c   0x0000003e   Code   RO          204    .text.crm_flag_get  at32f415_crm.o
    0x0800079a   0x0800079a   0x00000002   PAD
    0x0800079c   0x0800079c   0x00000052   Code   RO          212    .text.crm_periph_clock_enable  at32f415_crm.o
    0x080007ee   0x080007ee   0x00000002   PAD
    0x080007f0   0x080007f0   0x000001e4   Code   RO          240    .text.crm_pll_config  at32f415_crm.o
    0x080009d4   0x080009d4   0x0000009a   Code   RO          198    .text.crm_reset     at32f415_crm.o
    0x08000a6e   0x08000a6e   0x00000002   PAD
    0x08000a70   0x08000a70   0x0000001e   Code   RO          244    .text.crm_sysclk_switch  at32f415_crm.o
    0x08000a8e   0x08000a8e   0x00000002   PAD
    0x08000a90   0x08000a90   0x00000010   Code   RO          246    .text.crm_sysclk_switch_status_get  at32f415_crm.o
    0x08000aa0   0x08000aa0   0x00000014   Code   RO          438    .text.exint_flag_clear  at32f415_exint.o
    0x08000ab4   0x08000ab4   0x0000003a   Code   RO          440    .text.exint_flag_get  at32f415_exint.o
    0x08000aee   0x08000aee   0x00000002   PAD
    0x08000af0   0x08000af0   0x00000026   Code   RO          535    .text.gpio_default_para_init  at32f415_gpio.o
    0x08000b16   0x08000b16   0x00000002   PAD
    0x08000b18   0x08000b18   0x00000140   Code   RO          533    .text.gpio_init     at32f415_gpio.o
    0x08000c58   0x08000c58   0x00000034   Code   RO         1144    .text.main          main.o
    0x08000c8c   0x08000c8c   0x00000014   Code   RO          655    .text.nvic_priority_group_config  at32f415_misc.o
    0x08000ca0   0x08000ca0   0x0000008a   Code   RO         1136    .text.system_clock_config  at32f415_clock.o
    0x08000d2a   0x08000d2a   0x00000002   PAD
    0x08000d2c   0x08000d2c   0x00000232   Code   RO           13    .text.system_core_clock_update  system_at32f415.o
    0x08000f5e   0x08000f5e   0x00000002   PAD
    0x08000f60   0x08000f60   0x00000012   Code   RO          905    .text.tmr_flag_clear  at32f415_tmr.o
    0x08000f72   0x08000f72   0x00000002   PAD
    0x08000f74   0x08000f74   0x00000030   Code   RO          903    .text.tmr_flag_get  at32f415_tmr.o
    0x08000fa4   0x08000fa4   0x00000010   Data   RO           16    .rodata.system_core_clock_update.sys_ahb_div_table  system_at32f415.o
    0x08000fb4   0x08000fb4   0x00000020   Data   RO         1597    Region$$Table       anon$$obj.o


    Execution Region RW_IRAM1 (Exec base: 0x20000000, Load base: 0x08000fd8, Size: 0x00000680, Max: 0x00008000, ABSOLUTE)

    Exec Addr    Load Addr    Size         Type   Attr      Idx    E Section Name        Object

    0x20000000   0x08000fd8   0x00000004   Data   RW           15    .data.system_core_clock  system_at32f415.o
    0x20000004   0x08000fdc   0x00000004   PAD
    0x20000008        -       0x00000060   Zero   RW         1464    .bss                c_w.l(libspace.o)
    0x20000068        -       0x00000010   Zero   RW         1193    .bss.Gpio_Exit_Flag  gpio.o
    0x20000078        -       0x00000001   Zero   RW         1209    .bss.system_timer_flag  timer.o
    0x20000079   0x08000fdc   0x00000007   PAD
    0x20000080        -       0x00000200   Zero   RW            2    HEAP                startup_at32f415.o
    0x20000280        -       0x00000400   Zero   RW            1    STACK               startup_at32f415.o


==============================================================================

Image component sizes


      Code (inc. data)   RO Data    RW Data    ZI Data      Debug   Object Name

       138          0          0          0          0       6361   at32f415_clock.o
      1164          6          0          0          0      19161   at32f415_crm.o
        78          0          0          0          0       3126   at32f415_exint.o
       358          0          0          0          0      12778   at32f415_gpio.o
       106          0          0          0          0       6012   at32f415_int.o
        80          0          0          0          0       6083   at32f415_misc.o
        66          0          0          0          0      23112   at32f415_tmr.o
        56          0          0          0         16       8857   gpio.o
        86          0          0          0          0      14114   i2c_sw.o
        70          0          0          0          0        790   main.o
        64         26        368          0       1536        820   startup_at32f415.o
       770          0         16          4          0       7898   system_at32f415.o
        36          0          0          0          1      13057   timer.o

    ----------------------------------------------------------------------
      3116         32        416          4       1564     122169   Object Totals
         0          0         32          0          0          0   (incl. Generated)
        44          0          0          0         11          0   (incl. Padding)

    ----------------------------------------------------------------------

      Code (inc. data)   RO Data    RW Data    ZI Data      Debug   Library Member Name

         8          0          0          0          0         68   __main.o
         0          0          0          0          0          0   __rtentry.o
        12          0          0          0          0          0   __rtentry2.o
         6          0          0          0          0          0   __rtentry4.o
        52          8          0          0          0          0   __scatter.o
        26          0          0          0          0          0   __scatter_copy.o
        28          0          0          0          0          0   __scatter_zi.o
        18          0          0          0          0         80   exit.o
         6          0          0          0          0        152   heapauxi.o
         0          0          0          0          0          0   indicate_semi.o
         2          0          0          0          0          0   libinit.o
         2          0          0          0          0          0   libinit2.o
         2          0          0          0          0          0   libshutdown.o
         2          0          0          0          0          0   libshutdown2.o
         8          4          0          0         96         68   libspace.o
       240          0          0          0          0        100   lludivv7m.o
         2          0          0          0          0          0   rtexit.o
        10          0          0          0          0          0   rtexit2.o
        12          4          0          0          0         68   sys_exit.o
        74          0          0          0          0         80   sys_stackheap_outer.o
         2          0          0          0          0         68   use_no_semi.o

    ----------------------------------------------------------------------
       520         16          0          0         96        684   Library Totals
         8          0          0          0          0          0   (incl. Padding)

    ----------------------------------------------------------------------

      Code (inc. data)   RO Data    RW Data    ZI Data      Debug   Library Name

       512         16          0          0         96        684   c_w.l

    ----------------------------------------------------------------------
       520         16          0          0         96        684   Library Totals

    ----------------------------------------------------------------------

==============================================================================


      Code (inc. data)   RO Data    RW Data    ZI Data      Debug   

      3636         48        416          4       1660     122473   Grand Totals
      3636         48        416          4       1660     122473   ELF Image Totals
      3636         48        416          4          0          0   ROM Totals

==============================================================================

    Total RO  Size (Code + RO Data)                 4052 (   3.96kB)
    Total RW  Size (RW Data + ZI Data)              1664 (   1.63kB)
    Total ROM Size (Code + RO Data + RW Data)       4056 (   3.96kB)

==============================================================================

